Archive member included to satisfy reference by file (symbol)

c:/tools/gcc-arm-none-eabi-10.3-2021.10/bin/../lib/gcc/arm-none-eabi/10.3.1/thumb/v6-m/nofp\libgcc.a(_dvmd_tls.o)
                              CMakeFiles/ges_monitor.dir/C_/pico/pico-sdk/src/rp2_common/pico_divider/divider.S.obj (__aeabi_idiv0)
c:/tools/gcc-arm-none-eabi-10.3-2021.10/bin/../lib/gcc/arm-none-eabi/10.3.1/../../../../arm-none-eabi/lib/thumb/v6-m/nofp\libc.a(lib_a-calloc.o)
                              CMakeFiles/ges_monitor.dir/C_/pico/pico-sdk/src/rp2_common/pico_malloc/pico_malloc.c.obj (calloc)
c:/tools/gcc-arm-none-eabi-10.3-2021.10/bin/../lib/gcc/arm-none-eabi/10.3.1/../../../../arm-none-eabi/lib/thumb/v6-m/nofp\libc.a(lib_a-callocr.o)
                              c:/tools/gcc-arm-none-eabi-10.3-2021.10/bin/../lib/gcc/arm-none-eabi/10.3.1/../../../../arm-none-eabi/lib/thumb/v6-m/nofp\libc.a(lib_a-calloc.o) (_calloc_r)
c:/tools/gcc-arm-none-eabi-10.3-2021.10/bin/../lib/gcc/arm-none-eabi/10.3.1/../../../../arm-none-eabi/lib/thumb/v6-m/nofp\libc.a(lib_a-errno.o)
                              c:/tools/gcc-arm-none-eabi-10.3-2021.10/bin/../lib/gcc/arm-none-eabi/10.3.1/../../../../arm-none-eabi/lib/thumb/v6-m/nofp\libc.a(lib_a-callocr.o) (__errno)
c:/tools/gcc-arm-none-eabi-10.3-2021.10/bin/../lib/gcc/arm-none-eabi/10.3.1/../../../../arm-none-eabi/lib/thumb/v6-m/nofp\libc.a(lib_a-impure.o)
                              c:/tools/gcc-arm-none-eabi-10.3-2021.10/bin/../lib/gcc/arm-none-eabi/10.3.1/../../../../arm-none-eabi/lib/thumb/v6-m/nofp\libc.a(lib_a-calloc.o) (_impure_ptr)
c:/tools/gcc-arm-none-eabi-10.3-2021.10/bin/../lib/gcc/arm-none-eabi/10.3.1/../../../../arm-none-eabi/lib/thumb/v6-m/nofp\libc.a(lib_a-init.o)
                              c:/tools/gcc-arm-none-eabi-10.3-2021.10/bin/../lib/gcc/arm-none-eabi/10.3.1/../../../../arm-none-eabi/lib/thumb/v6-m/nofp/crt0.o (__libc_init_array)
c:/tools/gcc-arm-none-eabi-10.3-2021.10/bin/../lib/gcc/arm-none-eabi/10.3.1/../../../../arm-none-eabi/lib/thumb/v6-m/nofp\libc.a(lib_a-malloc.o)
                              CMakeFiles/ges_monitor.dir/C_/pico/pico-sdk/src/rp2_common/pico_malloc/pico_malloc.c.obj (malloc)
c:/tools/gcc-arm-none-eabi-10.3-2021.10/bin/../lib/gcc/arm-none-eabi/10.3.1/../../../../arm-none-eabi/lib/thumb/v6-m/nofp\libc.a(lib_a-mallocr.o)
                              c:/tools/gcc-arm-none-eabi-10.3-2021.10/bin/../lib/gcc/arm-none-eabi/10.3.1/../../../../arm-none-eabi/lib/thumb/v6-m/nofp\libc.a(lib_a-callocr.o) (_malloc_r)
c:/tools/gcc-arm-none-eabi-10.3-2021.10/bin/../lib/gcc/arm-none-eabi/10.3.1/../../../../arm-none-eabi/lib/thumb/v6-m/nofp\libc.a(lib_a-mlock.o)
                              c:/tools/gcc-arm-none-eabi-10.3-2021.10/bin/../lib/gcc/arm-none-eabi/10.3.1/../../../../arm-none-eabi/lib/thumb/v6-m/nofp\libc.a(lib_a-mallocr.o) (__malloc_lock)
c:/tools/gcc-arm-none-eabi-10.3-2021.10/bin/../lib/gcc/arm-none-eabi/10.3.1/../../../../arm-none-eabi/lib/thumb/v6-m/nofp\libc.a(lib_a-realloc.o)
                              CMakeFiles/ges_monitor.dir/C_/pico/pico-sdk/src/rp2_common/pico_malloc/pico_malloc.c.obj (realloc)
c:/tools/gcc-arm-none-eabi-10.3-2021.10/bin/../lib/gcc/arm-none-eabi/10.3.1/../../../../arm-none-eabi/lib/thumb/v6-m/nofp\libc.a(lib_a-reallocr.o)
                              c:/tools/gcc-arm-none-eabi-10.3-2021.10/bin/../lib/gcc/arm-none-eabi/10.3.1/../../../../arm-none-eabi/lib/thumb/v6-m/nofp\libc.a(lib_a-realloc.o) (_realloc_r)
c:/tools/gcc-arm-none-eabi-10.3-2021.10/bin/../lib/gcc/arm-none-eabi/10.3.1/../../../../arm-none-eabi/lib/thumb/v6-m/nofp\libc.a(lib_a-sbrkr.o)
                              c:/tools/gcc-arm-none-eabi-10.3-2021.10/bin/../lib/gcc/arm-none-eabi/10.3.1/../../../../arm-none-eabi/lib/thumb/v6-m/nofp\libc.a(lib_a-mallocr.o) (_sbrk_r)
c:/tools/gcc-arm-none-eabi-10.3-2021.10/bin/../lib/gcc/arm-none-eabi/10.3.1/../../../../arm-none-eabi/lib/thumb/v6-m/nofp\libc.a(lib_a-strlen-stub.o)
                              CMakeFiles/ges_monitor.dir/lib/fatfs/fatfs_storage.c.obj (strlen)
c:/tools/gcc-arm-none-eabi-10.3-2021.10/bin/../lib/gcc/arm-none-eabi/10.3.1/../../../../arm-none-eabi/lib/thumb/v6-m/nofp\libc.a(lib_a-freer.o)
                              c:/tools/gcc-arm-none-eabi-10.3-2021.10/bin/../lib/gcc/arm-none-eabi/10.3.1/../../../../arm-none-eabi/lib/thumb/v6-m/nofp\libc.a(lib_a-malloc.o) (_free_r)
c:/tools/gcc-arm-none-eabi-10.3-2021.10/bin/../lib/gcc/arm-none-eabi/10.3.1/../../../../arm-none-eabi/lib/thumb/v6-m/nofp\libc.a(lib_a-lock.o)
                              c:/tools/gcc-arm-none-eabi-10.3-2021.10/bin/../lib/gcc/arm-none-eabi/10.3.1/../../../../arm-none-eabi/lib/thumb/v6-m/nofp\libc.a(lib_a-mlock.o) (__retarget_lock_acquire_recursive)
c:/tools/gcc-arm-none-eabi-10.3-2021.10/bin/../lib/gcc/arm-none-eabi/10.3.1/../../../../arm-none-eabi/lib/thumb/v6-m/nofp\libc.a(lib_a-memmove.o)
[...]
Memory Configuration

Name             Origin             Length             Attributes
FLASH            0x10000000         0x00200000         xr
RAM              0x20000000         0x00040000         xrw
SCRATCH_X        0x20040000         0x00001000         xrw
SCRATCH_Y        0x20041000         0x00001000         xrw
*default*        0x00000000         0xffffffff

Linker script and memory map

LOAD c:/tools/gcc-arm-none-eabi-10.3-2021.10/bin/../lib/gcc/arm-none-eabi/10.3.1/thumb/v6-m/nofp/crti.o
LOAD c:/tools/gcc-arm-none-eabi-10.3-2021.10/bin/../lib/gcc/arm-none-eabi/10.3.1/thumb/v6-m/nofp/crtbegin.o
LOAD c:/tools/gcc-arm-none-eabi-10.3-2021.10/bin/../lib/gcc/arm-none-eabi/10.3.1/../../../../arm-none-eabi/lib/thumb/v6-m/nofp/crt0.o

.flash_begin    0x10000000        0x0
                0x10000000                __flash_binary_start = .

.boot2          0x10000000      0x100
                0x10000000                __boot2_start__ = .
 *(.boot2)
 .boot2         0x10000000      0x100 C:\Users\Choi\AppData\Local\Temp\ccsRSEuP.o
                0x10000100                __boot2_end__ = .
                0x00000001                ASSERT (((__boot2_end__ - __boot2_start__) == 0x100), ERROR: Pico second stage bootloader must be 256 bytes in size)

.text           0x10000100     0xdf58
                0x10000100                __logical_binary_start = .
 *(.vectors)
 .vectors       0x10000100       0xd4 CMakeFiles/ges_monitor.dir/C_/pico/pico-sdk/src/rp2_common/pico_standard_link/crt0.S.obj
                0x10000100                __VECTOR_TABLE
                0x10000100                __vectors
                0x100001c0                isr_invalid
                0x100001c0                __default_isrs_start
                0x100001c2                isr_nmi
                0x100001c4                isr_hardfault
                0x100001c6                isr_svcall
                0x100001c8                isr_pendsv
                0x100001ca                isr_systick
                0x100001cc                isr_irq23
                0x100001cc                isr_irq18
                0x100001cc                isr_irq11
                0x100001cc                isr_irq28
                0x100001cc                isr_irq19
                0x100001cc                isr_irq0
                0x100001cc                isr_irq6
                0x100001cc                isr_irq5
                0x100001cc                isr_irq12
                0x100001cc                isr_irq22
                0x100001cc                isr_irq31
                0x100001cc                isr_irq17
                0x100001cc                isr_irq27
                0x100001cc                isr_irq30
                0x100001cc                isr_irq2
                0x100001cc                isr_irq10
                0x100001cc                isr_irq8
                0x100001cc                isr_irq24
                0x100001cc                isr_irq1
                0x100001cc                isr_irq7
                0x100001cc                isr_irq21
                0x100001cc                isr_irq20
                0x100001cc                isr_irq15
                0x100001cc                isr_irq25
                0x100001cc                isr_irq13
                0x100001cc                __unhandled_user_irq
                0x100001cc                isr_irq4
                0x100001cc                isr_irq16
                0x100001cc                isr_irq29
                0x100001cc                isr_irq26
                0x100001cc                __default_isrs_end
                0x100001cc                isr_irq3
                0x100001cc                isr_irq14
                0x100001cc                isr_irq9
                0x100001d2                unhandled_user_irq_num_in_r0
 *(.binary_info_header)
 .binary_info_header
                0x100001d4       0x14 CMakeFiles/ges_monitor.dir/C_/pico/pico-sdk/src/rp2_common/pico_standard_link/crt0.S.obj
                0x100001e8                __binary_info_header_end = .
 *(.reset)
 .reset         0x100001e8       0xa8 CMakeFiles/ges_monitor.dir/C_/pico/pico-sdk/src/rp2_common/pico_standard_link/crt0.S.obj
                0x100001e8                _entry_point
                0x10000266                __get_current_exception
 .reset         0x10000290       0x30 CMakeFiles/ges_monitor.dir/C_/pico/pico-sdk/src/rp2_common/pico_standard_link/binary_info.c.obj
 *(.init)
 .init          0x100002c0        0x4 c:/tools/gcc-arm-none-eabi-10.3-2021.10/bin/../lib/gcc/arm-none-eabi/10.3.1/thumb/v6-m/nofp/crti.o
                0x100002c0                _init
 *(EXCLUDE_FILE(*libm.a: *libc.a:*lib_a-mem*.o *libgcc.a:) .text*)
 .text          0x100002c4       0x48 c:/tools/gcc-arm-none-eabi-10.3-2021.10/bin/../lib/gcc/arm-none-eabi/10.3.1/thumb/v6-m/nofp/crtbegin.o
 .text.startup.main
                0x1000030c        0x8 CMakeFiles/ges_monitor.dir/main.c.obj
                0x1000030c                main
 .text.lcd_test
                0x10000314       0x38 CMakeFiles/ges_monitor.dir/view/lcd_test.c.obj
                0x10000314                lcd_test
 .text.DEV_Digital_Write
                0x1000034c       0x14 CMakeFiles/ges_monitor.dir/lib/config/DEV_Config.c.obj
                0x1000034c                DEV_Digital_Write
 .text.DEV_Digital_Read
                0x10000360       0x10 CMakeFiles/ges_monitor.dir/lib/config/DEV_Config.c.obj
                0x10000360                DEV_Digital_Read
 .text.System_Init
                0x10000370       0xa8 CMakeFiles/ges_monitor.dir/lib/config/DEV_Config.c.obj
                0x10000370                System_Init
 .text.SPI4W_Write_Byte
                0x10000418       0x24 CMakeFiles/ges_monitor.dir/lib/config/DEV_Config.c.obj
                0x10000418                SPI4W_Write_Byte
 .text.SPI4W_Read_Byte
                0x1000043c       0x20 CMakeFiles/ges_monitor.dir/lib/config/DEV_Config.c.obj
                0x1000043c                SPI4W_Read_Byte
 .text.Driver_Delay_ms
                0x1000045c        0x8 CMakeFiles/ges_monitor.dir/lib/config/DEV_Config.c.obj
                0x1000045c                Driver_Delay_ms
 .text.Driver_Delay_us
                0x10000464        0x4 CMakeFiles/ges_monitor.dir/lib/config/DEV_Config.c.obj
                0x10000464                Driver_Delay_us
 .text.disk_initialize
                0x10000468       0x28 CMakeFiles/ges_monitor.dir/lib/fatfs/diskio.c.obj
                0x10000468                disk_initialize
 .text.disk_status
                0x10000490        0x4 CMakeFiles/ges_monitor.dir/lib/fatfs/diskio.c.obj
                0x10000490                disk_status
 .text.disk_read
                0x10000494       0x34 CMakeFiles/ges_monitor.dir/lib/fatfs/diskio.c.obj
                0x10000494                disk_read
 .text.disk_write
                0x100004c8       0x28 CMakeFiles/ges_monitor.dir/lib/fatfs/diskio.c.obj
                0x100004c8                disk_write
 .text.disk_ioctl
                0x100004f0       0x54 CMakeFiles/ges_monitor.dir/lib/fatfs/diskio.c.obj
                0x100004f0                disk_ioctl
 .text.get_fattime
                0x10000544        0x4 CMakeFiles/ges_monitor.dir/lib/fatfs/diskio.c.obj
                0x10000544                get_fattime
 .text.Storage_OpenReadFile
                0x10000548      0x260 CMakeFiles/ges_monitor.dir/lib/fatfs/fatfs_storage.c.obj
                0x10000548                Storage_OpenReadFile
 .text.Storage_CheckBitmapFile
                0x100007a8       0x24 CMakeFiles/ges_monitor.dir/lib/fatfs/fatfs_storage.c.obj
                0x100007a8                Storage_CheckBitmapFile
 .text.Storage_GetDirectoryBitmapFiles
                0x100007cc      0x154 CMakeFiles/ges_monitor.dir/lib/fatfs/fatfs_storage.c.obj
                0x100007cc                Storage_GetDirectoryBitmapFiles
 .text.get_fileinfo
                0x10000920      0x10c CMakeFiles/ges_monitor.dir/lib/fatfs/ff.c.obj
 .text.check_fs
                0x10000a2c       0x80 CMakeFiles/ges_monitor.dir/lib/fatfs/ff.c.obj
 .text.move_window
                0x10000aac       0x80 CMakeFiles/ges_monitor.dir/lib/fatfs/ff.c.obj
 .text.find_volume
                0x10000b2c      0x3ac CMakeFiles/ges_monitor.dir/lib/fatfs/ff.c.obj
 .text.get_fat.part.0
                0x10000ed8       0xd8 CMakeFiles/ges_monitor.dir/lib/fatfs/ff.c.obj
 .text.f_read.part.0
                0x10000fb0      0x250 CMakeFiles/ges_monitor.dir/lib/fatfs/ff.c.obj
 .text.put_fat.part.0
                0x10001200      0x12c CMakeFiles/ges_monitor.dir/lib/fatfs/ff.c.obj
 .text.sync_fs  0x1000132c       0xc4 CMakeFiles/ges_monitor.dir/lib/fatfs/ff.c.obj
 .text.create_chain
                0x100013f0      0x1c4 CMakeFiles/ges_monitor.dir/lib/fatfs/ff.c.obj
 .text.dir_sdi  0x100015b4      0x1a4 CMakeFiles/ges_monitor.dir/lib/fatfs/ff.c.obj
 .text.follow_path
                0x10001758      0x37c CMakeFiles/ges_monitor.dir/lib/fatfs/ff.c.obj
 .text.remove_chain.part.0
                0x10001ad4      0x154 CMakeFiles/ges_monitor.dir/lib/fatfs/ff.c.obj
 .text.dir_register
                0x10001c28      0x308 CMakeFiles/ges_monitor.dir/lib/fatfs/ff.c.obj
 .text.f_mount  0x10001f30       0x5c CMakeFiles/ges_monitor.dir/lib/fatfs/ff.c.obj
                0x10001f30                f_mount
 .text.f_open   0x10001f8c      0x194 CMakeFiles/ges_monitor.dir/lib/fatfs/ff.c.obj
                0x10001f8c                f_open
 .text.f_read   0x10002120       0x5c CMakeFiles/ges_monitor.dir/lib/fatfs/ff.c.obj
                0x10002120                f_read
 .text.f_close  0x1000217c       0xd8 CMakeFiles/ges_monitor.dir/lib/fatfs/ff.c.obj
                0x1000217c                f_close
 .text.f_opendir
                0x10002254       0x88 CMakeFiles/ges_monitor.dir/lib/fatfs/ff.c.obj
                0x10002254                f_opendir
 .text.f_readdir
                0x100022dc      0x280 CMakeFiles/ges_monitor.dir/lib/fatfs/ff.c.obj
                0x100022dc                f_readdir
 .text.SD_Init  0x1000255c       0x6c CMakeFiles/ges_monitor.dir/lib/lcd/LCD_Bmp.c.obj
                0x1000255c                SD_Init
 .text.LCD_Show_bmp
                0x100025c8      0x12c CMakeFiles/ges_monitor.dir/lib/lcd/LCD_Bmp.c.obj
                0x100025c8                LCD_Show_bmp
 .text.LCD_WriteData
                0x100026f4       0x44 CMakeFiles/ges_monitor.dir/lib/lcd/LCD_Driver.c.obj
                0x100026f4                LCD_WriteData
 .text.LCD_SetGramScanWay
                0x10002738       0xa4 CMakeFiles/ges_monitor.dir/lib/lcd/LCD_Driver.c.obj
                0x10002738                LCD_SetGramScanWay
 .text.LCD_Init
                0x100027dc     0x17b8 CMakeFiles/ges_monitor.dir/lib/lcd/LCD_Driver.c.obj
                0x100027dc                LCD_Init
 .text.LCD_SetWindow
                0x10003f94      0x260 CMakeFiles/ges_monitor.dir/lib/lcd/LCD_Driver.c.obj
                0x10003f94                LCD_SetWindow
 .text.LCD_SetCursor
                0x100041f4      0x244 CMakeFiles/ges_monitor.dir/lib/lcd/LCD_Driver.c.obj
                0x100041f4                LCD_SetCursor
 .text.LCD_SetPointlColor
                0x10004438       0x48 CMakeFiles/ges_monitor.dir/lib/lcd/LCD_Driver.c.obj
                0x10004438                LCD_SetPointlColor
 .text.LCD_SetArealColor
                0x10004480       0x64 CMakeFiles/ges_monitor.dir/lib/lcd/LCD_Driver.c.obj
                0x10004480                LCD_SetArealColor
 .text.LCD_Clear
                0x100044e4       0x58 CMakeFiles/ges_monitor.dir/lib/lcd/LCD_Driver.c.obj
                0x100044e4                LCD_Clear
 .text.GUI_DisChar.part.0
                0x1000453c      0x120 CMakeFiles/ges_monitor.dir/lib/lcd/LCD_GUI.c.obj
 .text.GUI_DrawLine.part.0
                0x1000465c      0x1b4 CMakeFiles/ges_monitor.dir/lib/lcd/LCD_GUI.c.obj
 .text.GUI_DrawRectangle.part.0
                0x10004810       0xd8 CMakeFiles/ges_monitor.dir/lib/lcd/LCD_GUI.c.obj
 .text.GUI_DrawCircle.part.0
                0x100048e8      0x69c CMakeFiles/ges_monitor.dir/lib/lcd/LCD_GUI.c.obj
 .text.GUI_DrawPoint
                0x10004f84       0xb0 CMakeFiles/ges_monitor.dir/lib/lcd/LCD_GUI.c.obj
                0x10004f84                GUI_DrawPoint
 .text.GUI_DrawLine
                0x10005034       0x3c CMakeFiles/ges_monitor.dir/lib/lcd/LCD_GUI.c.obj
                0x10005034                GUI_DrawLine
 .text.GUI_DrawRectangle
                0x10005070       0x48 CMakeFiles/ges_monitor.dir/lib/lcd/LCD_GUI.c.obj
                0x10005070                GUI_DrawRectangle
 .text.GUI_DrawCircle
                0x100050b8       0x2c CMakeFiles/ges_monitor.dir/lib/lcd/LCD_GUI.c.obj
                0x100050b8                GUI_DrawCircle
 .text.GUI_DisString_EN
                0x100050e4       0xa4 CMakeFiles/ges_monitor.dir/lib/lcd/LCD_GUI.c.obj
                0x100050e4                GUI_DisString_EN
 .text.GUI_DisNum
                0x10005188      0x120 CMakeFiles/ges_monitor.dir/lib/lcd/LCD_GUI.c.obj
                0x10005188                GUI_DisNum
 .text.TP_Read_ADC_Average
                0x100052a8      0x108 CMakeFiles/ges_monitor.dir/lib/lcd/LCD_Touch.c.obj
 .text.TP_ShowInfo.part.0
                0x100053b0      0x1cc CMakeFiles/ges_monitor.dir/lib/lcd/LCD_Touch.c.obj
 .text.TP_Read_TwiceADC.constprop.0
                0x1000557c       0x84 CMakeFiles/ges_monitor.dir/lib/lcd/LCD_Touch.c.obj
 .text.TP_Adjust
                0x10005600      0xac4 CMakeFiles/ges_monitor.dir/lib/lcd/LCD_Touch.c.obj
                0x10005600                TP_Adjust
 .text.TP_GetAdFac
                0x100060c4       0xec CMakeFiles/ges_monitor.dir/lib/lcd/LCD_Touch.c.obj
                0x100060c4                TP_GetAdFac
 .text.TP_gesmain
                0x100061b0      0x100 CMakeFiles/ges_monitor.dir/lib/lcd/LCD_Touch.c.obj
                0x100061b0                TP_gesmain
 .text.TP_Dialog
                0x100062b0      0x21c CMakeFiles/ges_monitor.dir/lib/lcd/LCD_Touch.c.obj
                0x100062b0                TP_Dialog
 .text.TP_DrawBoard
                0x100064cc      0x288 CMakeFiles/ges_monitor.dir/lib/lcd/LCD_Touch.c.obj
                0x100064cc                TP_DrawBoard
 .text.TP_Init  0x10006754       0x28 CMakeFiles/ges_monitor.dir/lib/lcd/LCD_Touch.c.obj
                0x10006754                TP_Init
 .text.SD_SendCmd.constprop.0
                0x1000677c       0x90 CMakeFiles/ges_monitor.dir/lib/sdcard/MMC_SD.c.obj
 .text.SD_SPI_ReadWriteByte
                0x1000680c        0x8 CMakeFiles/ges_monitor.dir/lib/sdcard/MMC_SD.c.obj
                0x1000680c                SD_SPI_ReadWriteByte
 .text.SD_SPI_SpeedLow
                0x10006814        0x4 CMakeFiles/ges_monitor.dir/lib/sdcard/MMC_SD.c.obj
                0x10006814                SD_SPI_SpeedLow
 .text.SD_SPI_SpeedHigh
                0x10006818        0x4 CMakeFiles/ges_monitor.dir/lib/sdcard/MMC_SD.c.obj
                0x10006818                SD_SPI_SpeedHigh
 .text.SD_WaitReady
                0x1000681c       0x24 CMakeFiles/ges_monitor.dir/lib/sdcard/MMC_SD.c.obj
                0x1000681c                SD_WaitReady
 .text.SD_SendCmd
                0x10006840       0x98 CMakeFiles/ges_monitor.dir/lib/sdcard/MMC_SD.c.obj
                0x10006840                SD_SendCmd
 .text.SD_GetCSD
                0x100068d8       0x70 CMakeFiles/ges_monitor.dir/lib/sdcard/MMC_SD.c.obj
                0x100068d8                SD_GetCSD
 .text.SD_GetSectorCount
                0x10006948       0x70 CMakeFiles/ges_monitor.dir/lib/sdcard/MMC_SD.c.obj
                0x10006948                SD_GetSectorCount
 .text.SD_Initialize
                0x100069b8      0x1bc CMakeFiles/ges_monitor.dir/lib/sdcard/MMC_SD.c.obj
                0x100069b8                SD_Initialize
 .text.SD_ReadDisk
                0x10006b74       0xe0 CMakeFiles/ges_monitor.dir/lib/sdcard/MMC_SD.c.obj
                0x10006b74                SD_ReadDisk
 .text.SD_WriteDisk
                0x10006c54      0x154 CMakeFiles/ges_monitor.dir/lib/sdcard/MMC_SD.c.obj
                0x10006c54                SD_WriteDisk
 .text.gpio_set_function
                0x10006da8       0x30 CMakeFiles/ges_monitor.dir/C_/pico/pico-sdk/src/rp2_common/hardware_gpio/gpio.c.obj
                0x10006da8                gpio_set_function
 .text.gpio_set_pulls
                0x10006dd8       0x30 CMakeFiles/ges_monitor.dir/C_/pico/pico-sdk/src/rp2_common/hardware_gpio/gpio.c.obj
                0x10006dd8                gpio_set_pulls
 .text.gpio_init
                0x10006e08       0x3c CMakeFiles/ges_monitor.dir/C_/pico/pico-sdk/src/rp2_common/hardware_gpio/gpio.c.obj
                0x10006e08                gpio_init
 .text.hw_claim_or_assert
                0x10006e44       0x44 CMakeFiles/ges_monitor.dir/C_/pico/pico-sdk/src/rp2_common/hardware_claim/claim.c.obj
                0x10006e44                hw_claim_or_assert
 .text.hw_claim_unused_from_range
                0x10006e88       0x9c CMakeFiles/ges_monitor.dir/C_/pico/pico-sdk/src/rp2_common/hardware_claim/claim.c.obj
                0x10006e88                hw_claim_unused_from_range
 .text.running_on_fpga
                0x10006f24       0x10 CMakeFiles/ges_monitor.dir/C_/pico/pico-sdk/src/rp2_common/pico_platform/platform.c.obj
                0x10006f24                running_on_fpga
 .text.spin_locks_reset
                0x10006f34       0x1c CMakeFiles/ges_monitor.dir/C_/pico/pico-sdk/src/rp2_common/hardware_sync/sync.c.obj
                0x10006f34                spin_locks_reset
 .text.next_striped_spin_lock_num
                0x10006f50       0x18 CMakeFiles/ges_monitor.dir/C_/pico/pico-sdk/src/rp2_common/hardware_sync/sync.c.obj
                0x10006f50                next_striped_spin_lock_num
 .text.spin_lock_claim_unused
                0x10006f68       0x20 CMakeFiles/ges_monitor.dir/C_/pico/pico-sdk/src/rp2_common/hardware_sync/sync.c.obj
                0x10006f68                spin_lock_claim_unused
 .text.irq_set_enabled
                0x10006f88       0x24 CMakeFiles/ges_monitor.dir/C_/pico/pico-sdk/src/rp2_common/hardware_irq/irq.c.obj
                0x10006f88                irq_set_enabled
 .text.irq_set_pending
                0x10006fac       0x10 CMakeFiles/ges_monitor.dir/C_/pico/pico-sdk/src/rp2_common/hardware_irq/irq.c.obj
                0x10006fac                irq_set_pending
 .text.irq_has_shared_handler
                0x10006fbc       0x2c CMakeFiles/ges_monitor.dir/C_/pico/pico-sdk/src/rp2_common/hardware_irq/irq.c.obj
                0x10006fbc                irq_has_shared_handler
 .text.irq_get_vtable_handler
                0x10006fe8       0x10 CMakeFiles/ges_monitor.dir/C_/pico/pico-sdk/src/rp2_common/hardware_irq/irq.c.obj
                0x10006fe8                irq_get_vtable_handler
 .text.irq_set_exclusive_handler
                0x10006ff8       0x54 CMakeFiles/ges_monitor.dir/C_/pico/pico-sdk/src/rp2_common/hardware_irq/irq.c.obj
                0x10006ff8                irq_set_exclusive_handler
 .text.irq_add_shared_handler
                0x1000704c      0x1e4 CMakeFiles/ges_monitor.dir/C_/pico/pico-sdk/src/rp2_common/hardware_irq/irq.c.obj
                0x1000704c                irq_add_shared_handler
 .text.irq_remove_handler
                0x10007230      0x1b4 CMakeFiles/ges_monitor.dir/C_/pico/pico-sdk/src/rp2_common/hardware_irq/irq.c.obj
                0x10007230                irq_remove_handler
 .text.irq_add_tail_to_free_list
                0x100073e4       0xb4 CMakeFiles/ges_monitor.dir/C_/pico/pico-sdk/src/rp2_common/hardware_irq/irq.c.obj
                0x100073e4                irq_add_tail_to_free_list
 .text.irq_init_priorities
                0x10007498       0x24 CMakeFiles/ges_monitor.dir/C_/pico/pico-sdk/src/rp2_common/hardware_irq/irq.c.obj
                0x10007498                irq_init_priorities
 .text.user_irq_claim_unused
                0x100074bc       0x30 CMakeFiles/ges_monitor.dir/C_/pico/pico-sdk/src/rp2_common/hardware_irq/irq.c.obj
                0x100074bc                user_irq_claim_unused
 .text.lock_init
                0x100074ec       0x10 CMakeFiles/ges_monitor.dir/C_/pico/pico-sdk/src/common/pico_sync/lock_core.c.obj
                0x100074ec                lock_init
 .text.timer_pool_entry_comparator
                0x100074fc       0x34 CMakeFiles/ges_monitor.dir/C_/pico/pico-sdk/src/common/pico_time/time.c.obj
                0x100074fc                timer_pool_entry_comparator
 .text.sleep_until_callback
                0x10007530       0x30 CMakeFiles/ges_monitor.dir/C_/pico/pico-sdk/src/common/pico_time/time.c.obj
 .text.add_alarm_under_lock.isra.0
                0x10007560      0x100 CMakeFiles/ges_monitor.dir/C_/pico/pico-sdk/src/common/pico_time/time.c.obj
 .text.alarm_pool_alarm_callback
                0x10007660      0x1c8 CMakeFiles/ges_monitor.dir/C_/pico/pico-sdk/src/common/pico_time/time.c.obj
 .text.alarm_pool_add_alarm_at.constprop.0
                0x10007828      0x11c CMakeFiles/ges_monitor.dir/C_/pico/pico-sdk/src/common/pico_time/time.c.obj
 .text.alarm_pool_init_default
                0x10007944       0x64 CMakeFiles/ges_monitor.dir/C_/pico/pico-sdk/src/common/pico_time/time.c.obj
                0x10007944                alarm_pool_init_default
 .text.alarm_pool_get_default
                0x100079a8        0x8 CMakeFiles/ges_monitor.dir/C_/pico/pico-sdk/src/common/pico_time/time.c.obj
                0x100079a8                alarm_pool_get_default
 .text.alarm_pool_add_alarm_at
                0x100079b0      0x194 CMakeFiles/ges_monitor.dir/C_/pico/pico-sdk/src/common/pico_time/time.c.obj
                0x100079b0                alarm_pool_add_alarm_at
 .text.sleep_until
                0x10007b44       0xac CMakeFiles/ges_monitor.dir/C_/pico/pico-sdk/src/common/pico_time/time.c.obj
                0x10007b44                sleep_until
 .text.sleep_ms
                0x10007bf0       0x38 CMakeFiles/ges_monitor.dir/C_/pico/pico-sdk/src/common/pico_time/time.c.obj
                0x10007bf0                sleep_ms
 .text.best_effort_wfe_or_timeout
                0x10007c28       0xd4 CMakeFiles/ges_monitor.dir/C_/pico/pico-sdk/src/common/pico_time/time.c.obj
                0x10007c28                best_effort_wfe_or_timeout
 .text.hardware_alarm_irq_handler
                0x10007cfc       0xb8 CMakeFiles/ges_monitor.dir/C_/pico/pico-sdk/src/rp2_common/hardware_timer/timer.c.obj
 .text.hardware_alarm_claim
                0x10007db4       0x18 CMakeFiles/ges_monitor.dir/C_/pico/pico-sdk/src/rp2_common/hardware_timer/timer.c.obj
                0x10007db4                hardware_alarm_claim
 .text.time_us_64
                0x10007dcc       0x14 CMakeFiles/ges_monitor.dir/C_/pico/pico-sdk/src/rp2_common/hardware_timer/timer.c.obj
                0x10007dcc                time_us_64
 .text.busy_wait_until
                0x10007de0       0x20 CMakeFiles/ges_monitor.dir/C_/pico/pico-sdk/src/rp2_common/hardware_timer/timer.c.obj
                0x10007de0                busy_wait_until
 .text.hardware_alarm_set_callback
                0x10007e00       0x8c CMakeFiles/ges_monitor.dir/C_/pico/pico-sdk/src/rp2_common/hardware_timer/timer.c.obj
                0x10007e00                hardware_alarm_set_callback
 .text.hardware_alarm_set_target
                0x10007e8c       0xe0 CMakeFiles/ges_monitor.dir/C_/pico/pico-sdk/src/rp2_common/hardware_timer/timer.c.obj
                0x10007e8c                hardware_alarm_set_target
 .text.hardware_alarm_cancel
                0x10007f6c       0x3c CMakeFiles/ges_monitor.dir/C_/pico/pico-sdk/src/rp2_common/hardware_timer/timer.c.obj
                0x10007f6c                hardware_alarm_cancel
 .text.ph_merge_nodes
                0x10007fa8       0x68 CMakeFiles/ges_monitor.dir/C_/pico/pico-sdk/src/common/pico_util/pheap.c.obj
 .text.ph_post_alloc_init
                0x10008010       0x3c CMakeFiles/ges_monitor.dir/C_/pico/pico-sdk/src/common/pico_util/pheap.c.obj
                0x10008010                ph_post_alloc_init
 .text.ph_merge_two_pass
                0x1000804c       0x90 CMakeFiles/ges_monitor.dir/C_/pico/pico-sdk/src/common/pico_util/pheap.c.obj
                0x1000804c                ph_merge_two_pass
 .text.ph_remove_any_head
                0x100080dc       0xf8 CMakeFiles/ges_monitor.dir/C_/pico/pico-sdk/src/common/pico_util/pheap.c.obj
 .text.ph_remove_head
                0x100081d4       0xfc CMakeFiles/ges_monitor.dir/C_/pico/pico-sdk/src/common/pico_util/pheap.c.obj
                0x100081d4                ph_remove_head
 .text.ph_remove_and_free_node
                0x100082d0       0x7c CMakeFiles/ges_monitor.dir/C_/pico/pico-sdk/src/common/pico_util/pheap.c.obj
                0x100082d0                ph_remove_and_free_node
 .text.mutex_init
                0x1000834c       0x1c CMakeFiles/ges_monitor.dir/C_/pico/pico-sdk/src/common/pico_sync/mutex.c.obj
                0x1000834c                mutex_init
 .text.recursive_mutex_init
                0x10008368       0x1c CMakeFiles/ges_monitor.dir/C_/pico/pico-sdk/src/common/pico_sync/mutex.c.obj
                0x10008368                recursive_mutex_init
 .text.critical_section_init
                0x10008384       0x20 CMakeFiles/ges_monitor.dir/C_/pico/pico-sdk/src/common/pico_sync/critical_section.c.obj
                0x10008384                critical_section_init
 .text.runtime_init
                0x100083a4       0xf0 CMakeFiles/ges_monitor.dir/C_/pico/pico-sdk/src/rp2_common/pico_runtime/runtime.c.obj
                0x100083a4                runtime_init
 .text.exit     0x10008494        0x4 CMakeFiles/ges_monitor.dir/C_/pico/pico-sdk/src/rp2_common/pico_runtime/runtime.c.obj
                0x10008494                exit
 .text.panic    0x10008498       0x30 CMakeFiles/ges_monitor.dir/C_/pico/pico-sdk/src/rp2_common/pico_runtime/runtime.c.obj
                0x10008498                panic
 .text.hard_assertion_failure
                0x100084c8        0xc CMakeFiles/ges_monitor.dir/C_/pico/pico-sdk/src/rp2_common/pico_runtime/runtime.c.obj
                0x100084c8                hard_assertion_failure
 .text.clocks_init
                0x100084d4      0x2bc CMakeFiles/ges_monitor.dir/C_/pico/pico-sdk/src/rp2_common/hardware_clocks/clocks.c.obj
                0x100084d4                clocks_init
 .text.clock_get_hz
                0x10008790        0xc CMakeFiles/ges_monitor.dir/C_/pico/pico-sdk/src/rp2_common/hardware_clocks/clocks.c.obj
                0x10008790                clock_get_hz
 .text.pll_init
                0x1000879c       0xb0 CMakeFiles/ges_monitor.dir/C_/pico/pico-sdk/src/rp2_common/hardware_pll/pll.c.obj
                0x1000879c                pll_init
 .text.watchdog_start_tick
                0x1000884c       0x10 CMakeFiles/ges_monitor.dir/C_/pico/pico-sdk/src/rp2_common/hardware_watchdog/watchdog.c.obj
                0x1000884c                watchdog_start_tick
 .text.watchdog_reboot
                0x1000885c       0x98 CMakeFiles/ges_monitor.dir/C_/pico/pico-sdk/src/rp2_common/hardware_watchdog/watchdog.c.obj
                0x1000885c                watchdog_reboot
 .text.xosc_init
                0x100088f4       0x28 CMakeFiles/ges_monitor.dir/C_/pico/pico-sdk/src/rp2_common/hardware_xosc/xosc.c.obj
                0x100088f4                xosc_init
 .text._out_buffer
                0x1000891c        0x8 CMakeFiles/ges_monitor.dir/C_/pico/pico-sdk/src/rp2_common/pico_printf/printf.c.obj
 .text._out_null
                0x10008924        0x4 CMakeFiles/ges_monitor.dir/C_/pico/pico-sdk/src/rp2_common/pico_printf/printf.c.obj
 .text._out_rev
                0x10008928       0x9c CMakeFiles/ges_monitor.dir/C_/pico/pico-sdk/src/rp2_common/pico_printf/printf.c.obj
 .text._ntoa_format
                0x100089c4      0x1cc CMakeFiles/ges_monitor.dir/C_/pico/pico-sdk/src/rp2_common/pico_printf/printf.c.obj
 .text._out_char
                0x10008b90       0x10 CMakeFiles/ges_monitor.dir/C_/pico/pico-sdk/src/rp2_common/pico_printf/printf.c.obj
 .text._out_fct
                0x10008ba0       0x10 CMakeFiles/ges_monitor.dir/C_/pico/pico-sdk/src/rp2_common/pico_printf/printf.c.obj
 .text._etoa    0x10008bb0      0x44c CMakeFiles/ges_monitor.dir/C_/pico/pico-sdk/src/rp2_common/pico_printf/printf.c.obj
 .text._ftoa    0x10008ffc      0x398 CMakeFiles/ges_monitor.dir/C_/pico/pico-sdk/src/rp2_common/pico_printf/printf.c.obj
 .text._vsnprintf
                0x10009394      0xb04 CMakeFiles/ges_monitor.dir/C_/pico/pico-sdk/src/rp2_common/pico_printf/printf.c.obj
 .text.__wrap_sprintf
                0x10009e98       0x28 CMakeFiles/ges_monitor.dir/C_/pico/pico-sdk/src/rp2_common/pico_printf/printf.c.obj
                0x10009e98                __wrap_sprintf
 .text.vfctprintf
                0x10009ec0       0x20 CMakeFiles/ges_monitor.dir/C_/pico/pico-sdk/src/rp2_common/pico_printf/printf.c.obj
                0x10009ec0                vfctprintf
 .text.weak_raw_vprintf
                0x10009ee0       0x30 CMakeFiles/ges_monitor.dir/C_/pico/pico-sdk/src/rp2_common/pico_printf/printf.c.obj
                0x10009ee0                weak_raw_vprintf
 .text          0x10009f10       0x10 CMakeFiles/ges_monitor.dir/C_/pico/pico-sdk/src/rp2_common/pico_bit_ops/bit_ops_aeabi.S.obj
 .text.rom_func_lookup
                0x10009f20       0x10 CMakeFiles/ges_monitor.dir/C_/pico/pico-sdk/src/rp2_common/pico_bootrom/bootrom.c.obj
                0x10009f20                rom_func_lookup
 .text.rom_data_lookup
                0x10009f30       0x10 CMakeFiles/ges_monitor.dir/C_/pico/pico-sdk/src/rp2_common/pico_bootrom/bootrom.c.obj
                0x10009f30                rom_data_lookup
 .text.rom_funcs_lookup
                0x10009f40       0x44 CMakeFiles/ges_monitor.dir/C_/pico/pico-sdk/src/rp2_common/pico_bootrom/bootrom.c.obj
                0x10009f40                rom_funcs_lookup
 .text.__wrap___aeabi_idiv
                0x10009f84       0x50 CMakeFiles/ges_monitor.dir/C_/pico/pico-sdk/src/rp2_common/pico_divider/divider.S.obj
                0x10009f84                __wrap___aeabi_idivmod
                0x10009f84                divmod_s32s32
                0x10009f84                div_s32s32
                0x10009f84                __wrap___aeabi_idiv
                0x10009f8c                divmod_s32s32_unsafe
                0x10009fb8                divmod_s32s32_savestate
 .text.__wrap___aeabi_uidiv
                0x10009fd4       0x4c CMakeFiles/ges_monitor.dir/C_/pico/pico-sdk/src/rp2_common/pico_divider/divider.S.obj
                0x10009fd4                __wrap___aeabi_uidiv
                0x10009fd4                __wrap___aeabi_uidivmod
                0x10009fd4                div_u32u32
                0x10009fd4                divmod_u32u32
                0x10009fdc                divmod_u32u32_unsafe
                0x1000a004                divmod_u32u32_savestate
 .text.__wrap___aeabi_ldiv
                0x1000a020      0x434 CMakeFiles/ges_monitor.dir/C_/pico/pico-sdk/src/rp2_common/pico_divider/divider.S.obj
                0x1000a020                div_s64s64
                0x1000a020                divmod_s64s64
                0x1000a020                __wrap___aeabi_ldivmod
                0x1000a058                divmod_u64u64
                0x1000a058                div_u64u64
                0x1000a058                __wrap___aeabi_uldivmod
                0x1000a068                divmod_u64u64_savestate
                0x1000a090                divmod_s64s64_unsafe
                0x1000a118                divmod_u64u64_unsafe
 .text.__wrap___aeabi_darithmetic
                0x1000a454       0x80 CMakeFiles/ges_monitor.dir/C_/pico/pico-sdk/src/rp2_common/pico_double/double_aeabi.S.obj
                0x1000a454                __wrap___aeabi_drsub
                0x1000a45a                __wrap___aeabi_dsub
                0x1000a46c                __wrap___aeabi_dadd
                0x1000a47e                __wrap___aeabi_ddiv
                0x1000a4ba                __wrap___aeabi_dmul
 .text.__wrap___aeabi_cdcmple
                0x1000a4d4       0x6c CMakeFiles/ges_monitor.dir/C_/pico/pico-sdk/src/rp2_common/pico_double/double_aeabi.S.obj
                0x1000a4d4                __wrap___aeabi_cdrcmple
                0x1000a4e4                __wrap___aeabi_cdcmpeq
                0x1000a4e4                __wrap___aeabi_cdcmple
 .text.__wrap___aeabi_dcmplt
                0x1000a540        0xc CMakeFiles/ges_monitor.dir/C_/pico/pico-sdk/src/rp2_common/pico_double/double_aeabi.S.obj
                0x1000a540                __wrap___aeabi_dcmplt
 .text.__wrap___aeabi_dcmple
                0x1000a54c       0x10 CMakeFiles/ges_monitor.dir/C_/pico/pico-sdk/src/rp2_common/pico_double/double_aeabi.S.obj
                0x1000a54c                __wrap___aeabi_dcmple
 .text.__wrap___aeabi_dcmpge
                0x1000a55c       0x10 CMakeFiles/ges_monitor.dir/C_/pico/pico-sdk/src/rp2_common/pico_double/double_aeabi.S.obj
                0x1000a55c                __wrap___aeabi_dcmpge
 .text.__wrap___aeabi_dcmpgt
                0x1000a56c        0xa CMakeFiles/ges_monitor.dir/C_/pico/pico-sdk/src/rp2_common/pico_double/double_aeabi.S.obj
                0x1000a56c                __wrap___aeabi_dcmpgt
 .text.__wrap___aeabi_dcmpun
                0x1000a576       0x1c CMakeFiles/ges_monitor.dir/C_/pico/pico-sdk/src/rp2_common/pico_double/double_aeabi.S.obj
                0x1000a576                __wrap___aeabi_dcmpun
 *fill*         0x1000a592        0x2 
 .text.__wrap___aeabi_i2d
                0x1000a594       0x38 CMakeFiles/ges_monitor.dir/C_/pico/pico-sdk/src/rp2_common/pico_double/double_aeabi.S.obj
                0x1000a594                __wrap___aeabi_ui2d
                0x1000a59c                __wrap___aeabi_i2d
 .text.__wrap___aeabi_d2iz
                0x1000a5cc       0x48 CMakeFiles/ges_monitor.dir/C_/pico/pico-sdk/src/rp2_common/pico_double/double_aeabi.S.obj
                0x1000a5cc                double2int_z
                0x1000a5cc                __wrap___aeabi_d2iz
 .text.__wrap___aeabi_d2uiz
                0x1000a614       0x18 CMakeFiles/ges_monitor.dir/C_/pico/pico-sdk/src/rp2_common/pico_double/double_aeabi.S.obj
                0x1000a614                __wrap___aeabi_d2uiz
                0x1000a614                double2uint
 .text.__wrap_srqt
                0x1000a62c       0x18 CMakeFiles/ges_monitor.dir/C_/pico/pico-sdk/src/rp2_common/pico_double/double_aeabi.S.obj
                0x1000a62c                __wrap_sqrt
 .text.__aeabi_double_init
                0x1000a644       0x94 CMakeFiles/ges_monitor.dir/C_/pico/pico-sdk/src/rp2_common/pico_double/double_init_rom.c.obj
                0x1000a644                __aeabi_double_init
 .text.double_table_shim_on_use_helper
                0x1000a6d8       0x2c CMakeFiles/ges_monitor.dir/C_/pico/pico-sdk/src/rp2_common/pico_double/double_v1_rom_shim.S.obj
                0x1000a6d8                double_table_shim_on_use_helper
 .text.__wrap___aeabi_dsub
                0x1000a704       0x10 CMakeFiles/ges_monitor.dir/C_/pico/pico-sdk/src/rp2_common/pico_double/double_v1_rom_shim.S.obj
                0x1000a704                drsub_shim
                0x1000a70a                dsub_shim
 .text.dadd_shim
                0x1000a714      0x15c CMakeFiles/ges_monitor.dir/C_/pico/pico-sdk/src/rp2_common/pico_double/double_v1_rom_shim.S.obj
                0x1000a714                dadd_shim
 .text.dmul_shim
                0x1000a870      0x15c CMakeFiles/ges_monitor.dir/C_/pico/pico-sdk/src/rp2_common/pico_double/double_v1_rom_shim.S.obj
                0x1000a870                dmul_shim
 .text.ddiv_shim
                0x1000a9cc      0x1b0 CMakeFiles/ges_monitor.dir/C_/pico/pico-sdk/src/rp2_common/pico_double/double_v1_rom_shim.S.obj
                0x1000a9cc                ddiv_shim
 .text.dsqrt_shim
                0x1000ab7c      0x1a8 CMakeFiles/ges_monitor.dir/C_/pico/pico-sdk/src/rp2_common/pico_double/double_v1_rom_shim.S.obj
                0x1000ab98                dsqrt_shim
 .text.double2uint_shim
                0x1000ad24        0xe CMakeFiles/ges_monitor.dir/C_/pico/pico-sdk/src/rp2_common/pico_double/double_v1_rom_shim.S.obj
                0x1000ad24                double2uint_shim
                0x1000ad26                double2ufix_shim
 *fill*         0x1000ad32        0x2 
 .text.double2uint64_shim
                0x1000ad34       0x70 CMakeFiles/ges_monitor.dir/C_/pico/pico-sdk/src/rp2_common/pico_double/double_v1_rom_shim.S.obj
                0x1000ad34                double2uint64_shim
                0x1000ad36                double2ufix64_shim
                0x1000ad56                d2fix_a
 .text.dunpacks
                0x1000ada4       0x3c CMakeFiles/ges_monitor.dir/C_/pico/pico-sdk/src/rp2_common/pico_double/double_v1_rom_shim.S.obj
                0x1000ada4                dunpacks
 .text.__aeabi_lmul
                0x1000ade0       0x32 CMakeFiles/ges_monitor.dir/C_/pico/pico-sdk/src/rp2_common/pico_int64_ops/pico_int64_ops_aeabi.S.obj
                0x1000ade0                __wrap___aeabi_lmul
 *fill*         0x1000ae12        0x2 
 .text.__wrap___aeabi_farithmetic
                0x1000ae14       0x48 CMakeFiles/ges_monitor.dir/C_/pico/pico-sdk/src/rp2_common/pico_float/float_aeabi.S.obj
                0x1000ae14                __wrap___aeabi_frsub
                0x1000ae1a                __wrap___aeabi_fsub
                0x1000ae20                __wrap___aeabi_fadd
                0x1000ae26                __wrap___aeabi_fdiv
                0x1000ae4e                __wrap___aeabi_fmul
 .text.__wrap___aeabi_ui2f
                0x1000ae5c        0xa CMakeFiles/ges_monitor.dir/C_/pico/pico-sdk/src/rp2_common/pico_float/float_aeabi.S.obj
                0x1000ae5c                __wrap___aeabi_ui2f
 *fill*         0x1000ae66        0x2 
 .text.__wrap___aeabi_i2f
                0x1000ae68       0x44 CMakeFiles/ges_monitor.dir/C_/pico/pico-sdk/src/rp2_common/pico_float/float_aeabi.S.obj
                0x1000ae68                __wrap___aeabi_i2f
 .text.__wrap___aeabi_f2iz
                0x1000aeac       0x4e CMakeFiles/ges_monitor.dir/C_/pico/pico-sdk/src/rp2_common/pico_float/float_aeabi.S.obj
                0x1000aeac                float2int_z
                0x1000aeac                __wrap___aeabi_f2iz
 *fill*         0x1000aefa        0x2 
 .text.float2int
                0x1000aefc       0x14 CMakeFiles/ges_monitor.dir/C_/pico/pico-sdk/src/rp2_common/pico_float/float_aeabi.S.obj
                0x1000aefc                float2int
 .text.__wrap___aeabi_f2uiz
                0x1000af10        0xc CMakeFiles/ges_monitor.dir/C_/pico/pico-sdk/src/rp2_common/pico_float/float_aeabi.S.obj
                0x1000af10                __wrap___aeabi_f2uiz
 .text.__wrap___aeabi_f2d
                0x1000af1c       0x14 CMakeFiles/ges_monitor.dir/C_/pico/pico-sdk/src/rp2_common/pico_float/float_aeabi.S.obj
                0x1000af1c                __wrap___aeabi_f2d
 .text.__aeabi_float_init
                0x1000af30       0x64 CMakeFiles/ges_monitor.dir/C_/pico/pico-sdk/src/rp2_common/pico_float/float_init_rom.c.obj
                0x1000af30                __aeabi_float_init
 .text.float_table_shim_on_use_helper
                0x1000af94       0x2c CMakeFiles/ges_monitor.dir/C_/pico/pico-sdk/src/rp2_common/pico_float/float_v1_rom_shim.S.obj
                0x1000af94                float_table_shim_on_use_helper
 .text.float232_shims
                0x1000afc0       0x18 CMakeFiles/ges_monitor.dir/C_/pico/pico-sdk/src/rp2_common/pico_float/float_v1_rom_shim.S.obj
                0x1000afc0                float2int_shim
                0x1000afc2                float2fix_shim
 .text.float2double_shim
                0x1000afd8       0x30 CMakeFiles/ges_monitor.dir/C_/pico/pico-sdk/src/rp2_common/pico_float/float_v1_rom_shim.S.obj
                0x1000afd8                float2double_shim
 .text          0x1000b008       0x10 CMakeFiles/ges_monitor.dir/C_/pico/pico-sdk/src/rp2_common/pico_mem_ops/mem_ops_aeabi.S.obj
                0x1000b008                __aeabi_mem_init
 .text.memset   0x1000b018        0xc CMakeFiles/ges_monitor.dir/C_/pico/pico-sdk/src/rp2_common/pico_mem_ops/mem_ops_aeabi.S.obj
                0x1000b018                __wrap_memset
 .text.memcpy   0x1000b024        0xc CMakeFiles/ges_monitor.dir/C_/pico/pico-sdk/src/rp2_common/pico_mem_ops/mem_ops_aeabi.S.obj
                0x1000b024                __wrap_memcpy
                0x1000b024                __wrap___aeabi_memcpy
 .text.stdio_out_chars_no_crlf
                0x1000b030       0x10 CMakeFiles/ges_monitor.dir/C_/pico/pico-sdk/src/rp2_common/pico_stdio/stdio.c.obj
 .text.stdio_out_chars_crlf
                0x1000b040       0xb4 CMakeFiles/ges_monitor.dir/C_/pico/pico-sdk/src/rp2_common/pico_stdio/stdio.c.obj
 .text.stdio_buffered_printer
                0x1000b0f4       0x64 CMakeFiles/ges_monitor.dir/C_/pico/pico-sdk/src/rp2_common/pico_stdio/stdio.c.obj
 .text.stdio_put_string.isra.0
                0x1000b158       0xfc CMakeFiles/ges_monitor.dir/C_/pico/pico-sdk/src/rp2_common/pico_stdio/stdio.c.obj
 .text.__wrap_putchar
                0x1000b254       0xa0 CMakeFiles/ges_monitor.dir/C_/pico/pico-sdk/src/rp2_common/pico_stdio/stdio.c.obj
                0x1000b254                __wrap_putchar
 .text.__wrap_puts
                0x1000b2f4       0x3c CMakeFiles/ges_monitor.dir/C_/pico/pico-sdk/src/rp2_common/pico_stdio/stdio.c.obj
                0x1000b2f4                __wrap_puts
 .text.stdio_set_driver_enabled
                0x1000b330       0x30 CMakeFiles/ges_monitor.dir/C_/pico/pico-sdk/src/rp2_common/pico_stdio/stdio.c.obj
                0x1000b330                stdio_set_driver_enabled
 .text.__wrap_vprintf
                0x1000b360       0xd8 CMakeFiles/ges_monitor.dir/C_/pico/pico-sdk/src/rp2_common/pico_stdio/stdio.c.obj
                0x1000b360                __wrap_vprintf
 .text.__wrap_printf
                0x1000b438       0x18 CMakeFiles/ges_monitor.dir/C_/pico/pico-sdk/src/rp2_common/pico_stdio/stdio.c.obj
                0x1000b438                __wrap_printf
 .text.stdio_init_all
                0x1000b450        0x8 CMakeFiles/ges_monitor.dir/C_/pico/pico-sdk/src/rp2_common/pico_stdio/stdio.c.obj
                0x1000b450                stdio_init_all
 .text.resetd_init
                0x1000b458        0x4 CMakeFiles/ges_monitor.dir/C_/pico/pico-sdk/src/rp2_common/pico_stdio_usb/reset_interface.c.obj
 .text.resetd_reset
                0x1000b45c        0xc CMakeFiles/ges_monitor.dir/C_/pico/pico-sdk/src/rp2_common/pico_stdio_usb/reset_interface.c.obj
 .text.resetd_open
                0x1000b468       0x28 CMakeFiles/ges_monitor.dir/C_/pico/pico-sdk/src/rp2_common/pico_stdio_usb/reset_interface.c.obj
 .text.resetd_xfer_cb
                0x1000b490        0x4 CMakeFiles/ges_monitor.dir/C_/pico/pico-sdk/src/rp2_common/pico_stdio_usb/reset_interface.c.obj
 .text.resetd_control_xfer_cb
                0x1000b494       0x64 CMakeFiles/ges_monitor.dir/C_/pico/pico-sdk/src/rp2_common/pico_stdio_usb/reset_interface.c.obj
 .text.usbd_app_driver_get_cb
                0x1000b4f8        0xc CMakeFiles/ges_monitor.dir/C_/pico/pico-sdk/src/rp2_common/pico_stdio_usb/reset_interface.c.obj
                0x1000b4f8                usbd_app_driver_get_cb
 .text.tud_cdc_line_coding_cb
                0x1000b504       0x34 CMakeFiles/ges_monitor.dir/C_/pico/pico-sdk/src/rp2_common/pico_stdio_usb/reset_interface.c.obj
                0x1000b504                tud_cdc_line_coding_cb
 .text.stdio_usb_in_chars
                0x1000b538       0x68 CMakeFiles/ges_monitor.dir/C_/pico/pico-sdk/src/rp2_common/pico_stdio_usb/stdio_usb.c.obj
                0x1000b538                stdio_usb_in_chars
 .text.stdio_usb_out_chars
                0x1000b5a0       0xe4 CMakeFiles/ges_monitor.dir/C_/pico/pico-sdk/src/rp2_common/pico_stdio_usb/stdio_usb.c.obj
 .text.timer_task
                0x1000b684       0x18 CMakeFiles/ges_monitor.dir/C_/pico/pico-sdk/src/rp2_common/pico_stdio_usb/stdio_usb.c.obj
 .text.usb_irq  0x1000b69c       0x10 CMakeFiles/ges_monitor.dir/C_/pico/pico-sdk/src/rp2_common/pico_stdio_usb/stdio_usb.c.obj
 .text.low_priority_worker_irq
                0x1000b6ac       0x24 CMakeFiles/ges_monitor.dir/C_/pico/pico-sdk/src/rp2_common/pico_stdio_usb/stdio_usb.c.obj
 .text.stdio_usb_init
                0x1000b6d0       0xb0 CMakeFiles/ges_monitor.dir/C_/pico/pico-sdk/src/rp2_common/pico_stdio_usb/stdio_usb.c.obj
                0x1000b6d0                stdio_usb_init
 .text.tud_descriptor_device_cb
                0x1000b780        0x8 CMakeFiles/ges_monitor.dir/C_/pico/pico-sdk/src/rp2_common/pico_stdio_usb/stdio_usb_descriptors.c.obj
                0x1000b780                tud_descriptor_device_cb
 .text.tud_descriptor_configuration_cb
                0x1000b788        0x8 CMakeFiles/ges_monitor.dir/C_/pico/pico-sdk/src/rp2_common/pico_stdio_usb/stdio_usb_descriptors.c.obj
                0x1000b788                tud_descriptor_configuration_cb
 .text.tud_descriptor_string_cb
                0x1000b790       0x74 CMakeFiles/ges_monitor.dir/C_/pico/pico-sdk/src/rp2_common/pico_stdio_usb/stdio_usb_descriptors.c.obj
                0x1000b790                tud_descriptor_string_cb
 .text.dcd_rp2040_irq
                0x1000b804      0x21c CMakeFiles/ges_monitor.dir/C_/pico/pico-sdk/lib/tinyusb/src/portable/raspberrypi/rp2040/dcd_rp2040.c.obj
 .text.dcd_int_enable
                0x1000ba20        0xc CMakeFiles/ges_monitor.dir/C_/pico/pico-sdk/lib/tinyusb/src/portable/raspberrypi/rp2040/dcd_rp2040.c.obj
                0x1000ba20                dcd_int_enable
 .text.dcd_set_address
                0x1000ba2c       0x14 CMakeFiles/ges_monitor.dir/C_/pico/pico-sdk/lib/tinyusb/src/portable/raspberrypi/rp2040/dcd_rp2040.c.obj
                0x1000ba2c                dcd_set_address
 .text.dcd_connect
                0x1000ba40       0x10 CMakeFiles/ges_monitor.dir/C_/pico/pico-sdk/lib/tinyusb/src/portable/raspberrypi/rp2040/dcd_rp2040.c.obj
                0x1000ba40                dcd_connect
 .text.dcd_init
                0x1000ba50      0x144 CMakeFiles/ges_monitor.dir/C_/pico/pico-sdk/lib/tinyusb/src/portable/raspberrypi/rp2040/dcd_rp2040.c.obj
                0x1000ba50                dcd_init
 .text.dcd_edpt0_status_complete
                0x1000bb94       0x1c CMakeFiles/ges_monitor.dir/C_/pico/pico-sdk/lib/tinyusb/src/portable/raspberrypi/rp2040/dcd_rp2040.c.obj
                0x1000bb94                dcd_edpt0_status_complete
 .text.dcd_edpt_open
                0x1000bbb0       0xf0 CMakeFiles/ges_monitor.dir/C_/pico/pico-sdk/lib/tinyusb/src/portable/raspberrypi/rp2040/dcd_rp2040.c.obj
                0x1000bbb0                dcd_edpt_open
 .text.dcd_edpt_close_all
                0x1000bca0       0xbc CMakeFiles/ges_monitor.dir/C_/pico/pico-sdk/lib/tinyusb/src/portable/raspberrypi/rp2040/dcd_rp2040.c.obj
                0x1000bca0                dcd_edpt_close_all
 .text.dcd_edpt_xfer
                0x1000bd5c       0x24 CMakeFiles/ges_monitor.dir/C_/pico/pico-sdk/lib/tinyusb/src/portable/raspberrypi/rp2040/dcd_rp2040.c.obj
                0x1000bd5c                dcd_edpt_xfer
 .text.dcd_edpt_stall
                0x1000bd80       0x38 CMakeFiles/ges_monitor.dir/C_/pico/pico-sdk/lib/tinyusb/src/portable/raspberrypi/rp2040/dcd_rp2040.c.obj
                0x1000bd80                dcd_edpt_stall
 .text.dcd_edpt_clear_stall
                0x1000bdb8       0x30 CMakeFiles/ges_monitor.dir/C_/pico/pico-sdk/lib/tinyusb/src/portable/raspberrypi/rp2040/dcd_rp2040.c.obj
                0x1000bdb8                dcd_edpt_clear_stall
 .text._hw_endpoint_buffer_control_update32.part.0.isra.0
                0x1000bde8       0x1c CMakeFiles/ges_monitor.dir/C_/pico/pico-sdk/lib/tinyusb/src/portable/raspberrypi/rp2040/rp2040_usb.c.obj
 .text.rp2040_usb_init
                0x1000be04       0x4c CMakeFiles/ges_monitor.dir/C_/pico/pico-sdk/lib/tinyusb/src/portable/raspberrypi/rp2040/rp2040_usb.c.obj
                0x1000be04                rp2040_usb_init
 .text.hw_endpoint_reset_transfer
                0x1000be50        0xc CMakeFiles/ges_monitor.dir/C_/pico/pico-sdk/lib/tinyusb/src/portable/raspberrypi/rp2040/rp2040_usb.c.obj
                0x1000be50                hw_endpoint_reset_transfer
 .text._hw_endpoint_buffer_control_update32
                0x1000be5c       0x44 CMakeFiles/ges_monitor.dir/C_/pico/pico-sdk/lib/tinyusb/src/portable/raspberrypi/rp2040/rp2040_usb.c.obj
                0x1000be5c                _hw_endpoint_buffer_control_update32
 .text.hw_endpoint_xfer_start
                0x1000bea0      0x138 CMakeFiles/ges_monitor.dir/C_/pico/pico-sdk/lib/tinyusb/src/portable/raspberrypi/rp2040/rp2040_usb.c.obj
                0x1000bea0                hw_endpoint_xfer_start
 .text.hw_endpoint_xfer_continue
                0x1000bfd8      0x1e4 CMakeFiles/ges_monitor.dir/C_/pico/pico-sdk/lib/tinyusb/src/portable/raspberrypi/rp2040/rp2040_usb.c.obj
                0x1000bfd8                hw_endpoint_xfer_continue
 .text.tud_mounted
                0x1000c1bc       0x10 CMakeFiles/ges_monitor.dir/C_/pico/pico-sdk/lib/tinyusb/src/device/usbd.c.obj
                0x1000c1bc                tud_mounted
 .text.tud_suspended
                0x1000c1cc       0x10 CMakeFiles/ges_monitor.dir/C_/pico/pico-sdk/lib/tinyusb/src/device/usbd.c.obj
                0x1000c1cc                tud_suspended
 .text.tud_inited
                0x1000c1dc        0xc CMakeFiles/ges_monitor.dir/C_/pico/pico-sdk/lib/tinyusb/src/device/usbd.c.obj
                0x1000c1dc                tud_inited
 .text.tud_init
                0x1000c1e8       0xd8 CMakeFiles/ges_monitor.dir/C_/pico/pico-sdk/lib/tinyusb/src/device/usbd.c.obj
                0x1000c1e8                tud_init
 .text.tud_task
                0x1000c2c0      0x8ec CMakeFiles/ges_monitor.dir/C_/pico/pico-sdk/lib/tinyusb/src/device/usbd.c.obj
                0x1000c2c0                tud_task
 .text.dcd_event_bus_signal
                0x1000cbac      0x120 CMakeFiles/ges_monitor.dir/C_/pico/pico-sdk/lib/tinyusb/src/device/usbd.c.obj
                0x1000cbac                dcd_event_bus_signal
 .text.dcd_event_bus_reset
                0x1000cccc       0x54 CMakeFiles/ges_monitor.dir/C_/pico/pico-sdk/lib/tinyusb/src/device/usbd.c.obj
                0x1000cccc                dcd_event_bus_reset
 .text.dcd_event_setup_received
                0x1000cd20       0x50 CMakeFiles/ges_monitor.dir/C_/pico/pico-sdk/lib/tinyusb/src/device/usbd.c.obj
                0x1000cd20                dcd_event_setup_received
 .text.dcd_event_xfer_complete
                0x1000cd70       0x68 CMakeFiles/ges_monitor.dir/C_/pico/pico-sdk/lib/tinyusb/src/device/usbd.c.obj
                0x1000cd70                dcd_event_xfer_complete
 .text.usbd_open_edpt_pair
                0x1000cdd8       0x80 CMakeFiles/ges_monitor.dir/C_/pico/pico-sdk/lib/tinyusb/src/device/usbd.c.obj
                0x1000cdd8                usbd_open_edpt_pair
 .text.usbd_edpt_open
                0x1000ce58       0x30 CMakeFiles/ges_monitor.dir/C_/pico/pico-sdk/lib/tinyusb/src/device/usbd.c.obj
                0x1000ce58                usbd_edpt_open
 .text.usbd_edpt_claim
                0x1000ce88       0x64 CMakeFiles/ges_monitor.dir/C_/pico/pico-sdk/lib/tinyusb/src/device/usbd.c.obj
                0x1000ce88                usbd_edpt_claim
 .text.usbd_edpt_release
                0x1000ceec       0x4c CMakeFiles/ges_monitor.dir/C_/pico/pico-sdk/lib/tinyusb/src/device/usbd.c.obj
                0x1000ceec                usbd_edpt_release
 .text.usbd_edpt_xfer
                0x1000cf38       0x48 CMakeFiles/ges_monitor.dir/C_/pico/pico-sdk/lib/tinyusb/src/device/usbd.c.obj
                0x1000cf38                usbd_edpt_xfer
 .text.tud_control_status
                0x1000cf80       0x30 CMakeFiles/ges_monitor.dir/C_/pico/pico-sdk/lib/tinyusb/src/device/usbd_control.c.obj
                0x1000cf80                tud_control_status
 .text.tud_control_xfer
                0x1000cfb0       0xbc CMakeFiles/ges_monitor.dir/C_/pico/pico-sdk/lib/tinyusb/src/device/usbd_control.c.obj
                0x1000cfb0                tud_control_xfer
 .text.usbd_control_reset
                0x1000d06c       0x14 CMakeFiles/ges_monitor.dir/C_/pico/pico-sdk/lib/tinyusb/src/device/usbd_control.c.obj
                0x1000d06c                usbd_control_reset
 .text.usbd_control_set_complete_callback
                0x1000d080        0xc CMakeFiles/ges_monitor.dir/C_/pico/pico-sdk/lib/tinyusb/src/device/usbd_control.c.obj
                0x1000d080                usbd_control_set_complete_callback
 .text.usbd_control_set_request
                0x1000d08c       0x1c CMakeFiles/ges_monitor.dir/C_/pico/pico-sdk/lib/tinyusb/src/device/usbd_control.c.obj
                0x1000d08c                usbd_control_set_request
 .text.usbd_control_xfer_cb
                0x1000d0a8       0xfc CMakeFiles/ges_monitor.dir/C_/pico/pico-sdk/lib/tinyusb/src/device/usbd_control.c.obj
                0x1000d0a8                usbd_control_xfer_cb
 .text.tud_cdc_n_connected
                0x1000d1a4       0x30 CMakeFiles/ges_monitor.dir/C_/pico/pico-sdk/lib/tinyusb/src/class/cdc/cdc_device.c.obj
                0x1000d1a4                tud_cdc_n_connected
 .text.tud_cdc_n_available
                0x1000d1d4       0x18 CMakeFiles/ges_monitor.dir/C_/pico/pico-sdk/lib/tinyusb/src/class/cdc/cdc_device.c.obj
                0x1000d1d4                tud_cdc_n_available
 .text.tud_cdc_n_read
                0x1000d1ec       0x70 CMakeFiles/ges_monitor.dir/C_/pico/pico-sdk/lib/tinyusb/src/class/cdc/cdc_device.c.obj
                0x1000d1ec                tud_cdc_n_read
 .text.tud_cdc_n_write_flush
                0x1000d25c       0x78 CMakeFiles/ges_monitor.dir/C_/pico/pico-sdk/lib/tinyusb/src/class/cdc/cdc_device.c.obj
                0x1000d25c                tud_cdc_n_write_flush
 .text.tud_cdc_n_write
                0x1000d2d4       0x34 CMakeFiles/ges_monitor.dir/C_/pico/pico-sdk/lib/tinyusb/src/class/cdc/cdc_device.c.obj
                0x1000d2d4                tud_cdc_n_write
 .text.tud_cdc_n_write_available
                0x1000d308       0x18 CMakeFiles/ges_monitor.dir/C_/pico/pico-sdk/lib/tinyusb/src/class/cdc/cdc_device.c.obj
                0x1000d308                tud_cdc_n_write_available
 .text.cdcd_init
                0x1000d320       0x7c CMakeFiles/ges_monitor.dir/C_/pico/pico-sdk/lib/tinyusb/src/class/cdc/cdc_device.c.obj
                0x1000d320                cdcd_init
 .text.cdcd_reset
                0x1000d39c       0x2c CMakeFiles/ges_monitor.dir/C_/pico/pico-sdk/lib/tinyusb/src/class/cdc/cdc_device.c.obj
                0x1000d39c                cdcd_reset
 .text.cdcd_open
                0x1000d3c8       0xe4 CMakeFiles/ges_monitor.dir/C_/pico/pico-sdk/lib/tinyusb/src/class/cdc/cdc_device.c.obj
                0x1000d3c8                cdcd_open
 .text.cdcd_control_xfer_cb
                0x1000d4ac       0xe4 CMakeFiles/ges_monitor.dir/C_/pico/pico-sdk/lib/tinyusb/src/class/cdc/cdc_device.c.obj
                0x1000d4ac                cdcd_control_xfer_cb
 .text.cdcd_xfer_cb
                0x1000d590      0x148 CMakeFiles/ges_monitor.dir/C_/pico/pico-sdk/lib/tinyusb/src/class/cdc/cdc_device.c.obj
                0x1000d590                cdcd_xfer_cb
 .text.tusb_init
                0x1000d6d8        0xc CMakeFiles/ges_monitor.dir/C_/pico/pico-sdk/lib/tinyusb/src/tusb.c.obj
                0x1000d6d8                tusb_init
 .text.tusb_inited
                0x1000d6e4        0x8 CMakeFiles/ges_monitor.dir/C_/pico/pico-sdk/lib/tinyusb/src/tusb.c.obj
                0x1000d6e4                tusb_inited
 .text.tu_edpt_validate
                0x1000d6ec       0x78 CMakeFiles/ges_monitor.dir/C_/pico/pico-sdk/lib/tinyusb/src/tusb.c.obj
                0x1000d6ec                tu_edpt_validate
 .text.tu_edpt_bind_driver
                0x1000d764       0x2c CMakeFiles/ges_monitor.dir/C_/pico/pico-sdk/lib/tinyusb/src/tusb.c.obj
                0x1000d764                tu_edpt_bind_driver
 .text.tu_fifo_config
                0x1000d790       0x78 CMakeFiles/ges_monitor.dir/C_/pico/pico-sdk/lib/tinyusb/src/common/tusb_fifo.c.obj
                0x1000d790                tu_fifo_config
 .text.tu_fifo_count
                0x1000d808       0x20 CMakeFiles/ges_monitor.dir/C_/pico/pico-sdk/lib/tinyusb/src/common/tusb_fifo.c.obj
                0x1000d808                tu_fifo_count
 .text.tu_fifo_empty
                0x1000d828       0x10 CMakeFiles/ges_monitor.dir/C_/pico/pico-sdk/lib/tinyusb/src/common/tusb_fifo.c.obj
                0x1000d828                tu_fifo_empty
 .text.tu_fifo_remaining
                0x1000d838       0x1c CMakeFiles/ges_monitor.dir/C_/pico/pico-sdk/lib/tinyusb/src/common/tusb_fifo.c.obj
                0x1000d838                tu_fifo_remaining
 .text.tu_fifo_read
                0x1000d854       0x9c CMakeFiles/ges_monitor.dir/C_/pico/pico-sdk/lib/tinyusb/src/common/tusb_fifo.c.obj
                0x1000d854                tu_fifo_read
 .text.tu_fifo_read_n
                0x1000d8f0      0x100 CMakeFiles/ges_monitor.dir/C_/pico/pico-sdk/lib/tinyusb/src/common/tusb_fifo.c.obj
                0x1000d8f0                tu_fifo_read_n
 .text.tu_fifo_write
                0x1000d9f0       0x7c CMakeFiles/ges_monitor.dir/C_/pico/pico-sdk/lib/tinyusb/src/common/tusb_fifo.c.obj
                0x1000d9f0                tu_fifo_write
 .text.tu_fifo_write_n
                0x1000da6c      0x100 CMakeFiles/ges_monitor.dir/C_/pico/pico-sdk/lib/tinyusb/src/common/tusb_fifo.c.obj
                0x1000da6c                tu_fifo_write_n
 .text.tu_fifo_clear
                0x1000db6c       0x4c CMakeFiles/ges_monitor.dir/C_/pico/pico-sdk/lib/tinyusb/src/common/tusb_fifo.c.obj
                0x1000db6c                tu_fifo_clear
 .text.tu_fifo_set_overwritable
                0x1000dbb8       0x3c CMakeFiles/ges_monitor.dir/C_/pico/pico-sdk/lib/tinyusb/src/common/tusb_fifo.c.obj
                0x1000dbb8                tu_fifo_set_overwritable
 .text.startup._retrieve_unique_id_on_boot
                0x1000dbf4       0x10 CMakeFiles/ges_monitor.dir/C_/pico/pico-sdk/src/rp2_common/pico_unique_id/unique_id.c.obj
 .text.pico_get_unique_board_id_string
                0x1000dc04      0x1a8 CMakeFiles/ges_monitor.dir/C_/pico/pico-sdk/src/rp2_common/pico_unique_id/unique_id.c.obj
                0x1000dc04                pico_get_unique_board_id_string
 .text.flash_get_unique_id
                0x1000ddac       0x40 CMakeFiles/ges_monitor.dir/C_/pico/pico-sdk/src/rp2_common/hardware_flash/flash.c.obj
                0x1000ddac                flash_get_unique_id
 .text.spi_init
                0x1000ddec       0xf8 CMakeFiles/ges_monitor.dir/C_/pico/pico-sdk/src/rp2_common/hardware_spi/spi.c.obj
                0x1000ddec                spi_init
 .text.spi_set_baudrate
                0x1000dee4       0x94 CMakeFiles/ges_monitor.dir/C_/pico/pico-sdk/src/rp2_common/hardware_spi/spi.c.obj
                0x1000dee4                spi_set_baudrate
 .text.strlen   0x1000df78       0x5c c:/tools/gcc-arm-none-eabi-10.3-2021.10/bin/../lib/gcc/arm-none-eabi/10.3.1/../../../../arm-none-eabi/lib/thumb/v6-m/nofp\libc.a(lib_a-strlen-stub.o)
                0x1000df78                strlen
 *(.fini)
 .fini          0x1000dfd4        0x4 c:/tools/gcc-arm-none-eabi-10.3-2021.10/bin/../lib/gcc/arm-none-eabi/10.3.1/thumb/v6-m/nofp/crti.o
                0x1000dfd4                _fini
 .fini.__stub   0x1000dfd8       0x80 linker stubs
 *crtbegin.o(.ctors)
 *crtbegin?.o(.ctors)
 *(EXCLUDE_FILE(*crtend.o *crtend?.o) .ctors)
 *(SORT_BY_NAME(.ctors.*))
 *(.ctors)
 *crtbegin.o(.dtors)
 *crtbegin?.o(.dtors)
 *(EXCLUDE_FILE(*crtend.o *crtend?.o) .dtors)
 *(SORT_BY_NAME(.dtors.*))
 *(.dtors)
 *(.eh_frame*)
 .eh_frame      0x1000e058        0x0 c:/tools/gcc-arm-none-eabi-10.3-2021.10/bin/../lib/gcc/arm-none-eabi/10.3.1/thumb/v6-m/nofp/crtbegin.o
                0x1000e058                . = ALIGN (0x4)

.glue_7         0x1000e058        0x0
 .glue_7        0x1000e058        0x0 linker stubs

.glue_7t        0x1000e058        0x0
 .glue_7t       0x1000e058        0x0 linker stubs

.vfp11_veneer   0x1000e058        0x0
 .vfp11_veneer  0x1000e058        0x0 linker stubs

.v4_bx          0x1000e058        0x0
 .v4_bx         0x1000e058        0x0 linker stubs

.iplt           0x1000e058        0x0
 .iplt          0x1000e058        0x0 c:/tools/gcc-arm-none-eabi-10.3-2021.10/bin/../lib/gcc/arm-none-eabi/10.3.1/thumb/v6-m/nofp/crtbegin.o

.rodata         0x1000e058     0x2f00
 *(EXCLUDE_FILE(*libm.a: *libc.a:*lib_a-mem*.o *libgcc.a:) .rodata*)
 .rodata.Storage_GetDirectoryBitmapFiles.str1.4
                0x1000e058        0x9 CMakeFiles/ges_monitor.dir/lib/fatfs/fatfs_storage.c.obj
 *fill*         0x1000e061        0x3 
 .rodata.follow_path.str1.4
                0x1000e064        0xf CMakeFiles/ges_monitor.dir/lib/fatfs/ff.c.obj
 *fill*         0x1000e073        0x1 
 .rodata.ExCvt  0x1000e074       0x80 CMakeFiles/ges_monitor.dir/lib/fatfs/ff.c.obj
 .rodata.Font16_Table
                0x1000e0f4      0xbe0 CMakeFiles/ges_monitor.dir/lib/font/font16.c.obj
                0x1000e0f4                Font16_Table
 .rodata.Font24_Table
                0x1000ecd4     0x1ab8 CMakeFiles/ges_monitor.dir/lib/font/font24.c.obj
                0x1000ecd4                Font24_Table
 .rodata.SD_Init.str1.4
                0x1001078c       0x62 CMakeFiles/ges_monitor.dir/lib/lcd/LCD_Bmp.c.obj
 *fill*         0x100107ee        0x2 
 .rodata.LCD_Show_bmp.str1.4
                0x100107f0       0x5b CMakeFiles/ges_monitor.dir/lib/lcd/LCD_Bmp.c.obj
                                 0x67 (size before relaxing)
 *fill*         0x1001084b        0x1 
 .rodata.CSWTCH.9
                0x1001084c        0xe CMakeFiles/ges_monitor.dir/lib/lcd/LCD_Driver.c.obj
 *fill*         0x1001085a        0x2 
 .rodata.TP_ShowInfo.part.0.str1.4
                0x1001085c       0x2a CMakeFiles/ges_monitor.dir/lib/lcd/LCD_Touch.c.obj
 *fill*         0x10010886        0x2 
 .rodata.TP_Adjust.str1.4
                0x10010888      0x162 CMakeFiles/ges_monitor.dir/lib/lcd/LCD_Touch.c.obj
 *fill*         0x100109ea        0x2 
 .rodata.TP_GetAdFac.str1.4
                0x100109ec       0x43 CMakeFiles/ges_monitor.dir/lib/lcd/LCD_Touch.c.obj
 *fill*         0x10010a2f        0x1 
 .rodata.TP_Dialog.str1.4
                0x10010a30        0xb CMakeFiles/ges_monitor.dir/lib/lcd/LCD_Touch.c.obj
 *fill*         0x10010a3b        0x1 
 .rodata.spin_lock_claim_unused.str1.4
                0x10010a3c       0x1b CMakeFiles/ges_monitor.dir/C_/pico/pico-sdk/src/rp2_common/hardware_sync/sync.c.obj
 *fill*         0x10010a57        0x1 
 .rodata.user_irq_claim_unused.str1.4
                0x10010a58       0x1b CMakeFiles/ges_monitor.dir/C_/pico/pico-sdk/src/rp2_common/hardware_irq/irq.c.obj
 *fill*         0x10010a73        0x1 
 .rodata.hardware_alarm_claim.str1.4
                0x10010a74       0x22 CMakeFiles/ges_monitor.dir/C_/pico/pico-sdk/src/rp2_common/hardware_timer/timer.c.obj
 *fill*         0x10010a96        0x2 
 .rodata.panic.str1.4
                0x10010a98       0x10 CMakeFiles/ges_monitor.dir/C_/pico/pico-sdk/src/rp2_common/pico_runtime/runtime.c.obj
                                 0x12 (size before relaxing)
 .rodata.hard_assertion_failure.str1.4
                0x10010aa8        0xc CMakeFiles/ges_monitor.dir/C_/pico/pico-sdk/src/rp2_common/pico_runtime/runtime.c.obj
 .rodata._ftoa.str1.4
                0x10010ab4       0x15 CMakeFiles/ges_monitor.dir/C_/pico/pico-sdk/src/rp2_common/pico_printf/printf.c.obj
 *fill*         0x10010ac9        0x3 
 .rodata._vsnprintf
                0x10010acc      0x1e0 CMakeFiles/ges_monitor.dir/C_/pico/pico-sdk/src/rp2_common/pico_printf/printf.c.obj
 *fill*         0x10010cac        0x4 
 .rodata.pow10.0
                0x10010cb0       0x50 CMakeFiles/ges_monitor.dir/C_/pico/pico-sdk/src/rp2_common/pico_printf/printf.c.obj
 .rodata.str1.4
                0x10010d00       0x40 CMakeFiles/ges_monitor.dir/C_/pico/pico-sdk/src/rp2_common/pico_standard_link/binary_info.c.obj
 .rodata.__bi_44
                0x10010d40        0xc CMakeFiles/ges_monitor.dir/C_/pico/pico-sdk/src/rp2_common/pico_standard_link/binary_info.c.obj
 .rodata.__bi_75
                0x10010d4c        0xc CMakeFiles/ges_monitor.dir/C_/pico/pico-sdk/src/rp2_common/pico_standard_link/binary_info.c.obj
 .rodata.__bi_81
                0x10010d58        0xc CMakeFiles/ges_monitor.dir/C_/pico/pico-sdk/src/rp2_common/pico_standard_link/binary_info.c.obj
 .rodata.crlf_str.0
                0x10010d64        0x2 CMakeFiles/ges_monitor.dir/C_/pico/pico-sdk/src/rp2_common/pico_stdio/stdio.c.obj
 *fill*         0x10010d66        0x2 
 .rodata._resetd_driver
                0x10010d68       0x18 CMakeFiles/ges_monitor.dir/C_/pico/pico-sdk/src/rp2_common/pico_stdio_usb/reset_interface.c.obj
 .rodata.str1.4
                0x10010d80       0x13 CMakeFiles/ges_monitor.dir/C_/pico/pico-sdk/src/rp2_common/pico_stdio_usb/stdio_usb.c.obj
 *fill*         0x10010d93        0x1 
 .rodata.__bi_118.0
                0x10010d94        0xc CMakeFiles/ges_monitor.dir/C_/pico/pico-sdk/src/rp2_common/pico_stdio_usb/stdio_usb.c.obj
 .rodata.str1.4
                0x10010da0       0x2a CMakeFiles/ges_monitor.dir/C_/pico/pico-sdk/src/rp2_common/pico_stdio_usb/stdio_usb_descriptors.c.obj
 *fill*         0x10010dca        0x2 
 .rodata.usbd_desc_cfg
                0x10010dcc       0x54 CMakeFiles/ges_monitor.dir/C_/pico/pico-sdk/src/rp2_common/pico_stdio_usb/stdio_usb_descriptors.c.obj
 .rodata.usbd_desc_device
                0x10010e20       0x12 CMakeFiles/ges_monitor.dir/C_/pico/pico-sdk/src/rp2_common/pico_stdio_usb/stdio_usb_descriptors.c.obj
 *fill*         0x10010e32        0x2 
 .rodata.usbd_desc_str
                0x10010e34       0x18 CMakeFiles/ges_monitor.dir/C_/pico/pico-sdk/src/rp2_common/pico_stdio_usb/stdio_usb_descriptors.c.obj
 .rodata.dcd_rp2040_irq.str1.4
                0x10010e4c       0x14 CMakeFiles/ges_monitor.dir/C_/pico/pico-sdk/lib/tinyusb/src/portable/raspberrypi/rp2040/dcd_rp2040.c.obj
 .rodata._hw_endpoint_buffer_control_update32.part.0.isra.0.str1.4
                0x10010e60       0x1f CMakeFiles/ges_monitor.dir/C_/pico/pico-sdk/lib/tinyusb/src/portable/raspberrypi/rp2040/rp2040_usb.c.obj
 *fill*         0x10010e7f        0x1 
 .rodata.hw_endpoint_xfer_continue.str1.4
                0x10010e80       0x29 CMakeFiles/ges_monitor.dir/C_/pico/pico-sdk/lib/tinyusb/src/portable/raspberrypi/rp2040/rp2040_usb.c.obj
 *fill*         0x10010ea9        0x3 
 .rodata.str1.4
                0x10010eac        0x7 CMakeFiles/ges_monitor.dir/C_/pico/pico-sdk/lib/tinyusb/src/portable/raspberrypi/rp2040/rp2040_usb.c.obj
 *fill*         0x10010eb3        0x1 
 .rodata.tud_task
                0x10010eb4       0x8c CMakeFiles/ges_monitor.dir/C_/pico/pico-sdk/lib/tinyusb/src/device/usbd.c.obj
 .rodata._usbd_driver
                0x10010f40       0x18 CMakeFiles/ges_monitor.dir/C_/pico/pico-sdk/lib/tinyusb/src/device/usbd.c.obj
                0x10010f58                . = ALIGN (0x4)
 *(SORT_BY_ALIGNMENT(SORT_BY_NAME(.flashdata*)))
                0x10010f58                . = ALIGN (0x4)

.rel.dyn        0x10010f58        0x0
 .rel.iplt      0x10010f58        0x0 c:/tools/gcc-arm-none-eabi-10.3-2021.10/bin/../lib/gcc/arm-none-eabi/10.3.1/thumb/v6-m/nofp/crtbegin.o

.ARM.extab
 *(.ARM.extab* .gnu.linkonce.armextab.*)
                0x10010f58                __exidx_start = .

.ARM.exidx
 *(.ARM.exidx* .gnu.linkonce.armexidx.*)
                0x10010f58                __exidx_end = .
                0x10010f58                . = ALIGN (0x4)
                0x10010f58                __binary_info_start = .

.binary_info    0x10010f58       0x20
 *(.binary_info.keep.*)
 .binary_info.keep.__bi_ptr22
                0x10010f58        0x4 CMakeFiles/ges_monitor.dir/C_/pico/pico-sdk/src/rp2_common/pico_standard_link/binary_info.c.obj
 .binary_info.keep.__bi_ptr30
                0x10010f5c        0x4 CMakeFiles/ges_monitor.dir/C_/pico/pico-sdk/src/rp2_common/pico_standard_link/binary_info.c.obj
 .binary_info.keep.__bi_ptr38
                0x10010f60        0x4 CMakeFiles/ges_monitor.dir/C_/pico/pico-sdk/src/rp2_common/pico_standard_link/binary_info.c.obj
 .binary_info.keep.__bi_ptr44
                0x10010f64        0x4 CMakeFiles/ges_monitor.dir/C_/pico/pico-sdk/src/rp2_common/pico_standard_link/binary_info.c.obj
 .binary_info.keep.__bi_ptr50
                0x10010f68        0x4 CMakeFiles/ges_monitor.dir/C_/pico/pico-sdk/src/rp2_common/pico_standard_link/binary_info.c.obj
 .binary_info.keep.__bi_ptr75
                0x10010f6c        0x4 CMakeFiles/ges_monitor.dir/C_/pico/pico-sdk/src/rp2_common/pico_standard_link/binary_info.c.obj
 .binary_info.keep.__bi_ptr81
                0x10010f70        0x4 CMakeFiles/ges_monitor.dir/C_/pico/pico-sdk/src/rp2_common/pico_standard_link/binary_info.c.obj
 *(.binary_info.*)
 .binary_info.__bi_ptr118
                0x10010f74        0x4 CMakeFiles/ges_monitor.dir/C_/pico/pico-sdk/src/rp2_common/pico_stdio_usb/stdio_usb.c.obj
                0x10010f78                __binary_info_end = .
                0x10010f78                . = ALIGN (0x4)
                0x10010f78                __etext = .

.ram_vector_table
                0x20000000       0xc0
 *(.ram_vector_table)
 .ram_vector_table
                0x20000000       0xc0 CMakeFiles/ges_monitor.dir/C_/pico/pico-sdk/src/rp2_common/pico_runtime/runtime.c.obj
                0x20000000                ram_vector_table

.data           0x200000c0      0x440 load address 0x10010f78
                0x200000c0                __data_start__ = .
 *(vtable)
 *(.time_critical*)
 .time_critical.mutex_enter_blocking
                0x200000c0       0x48 CMakeFiles/ges_monitor.dir/C_/pico/pico-sdk/src/common/pico_sync/mutex.c.obj
                0x200000c0                mutex_enter_blocking
 .time_critical.mutex_try_enter
                0x20000108       0x44 CMakeFiles/ges_monitor.dir/C_/pico/pico-sdk/src/common/pico_sync/mutex.c.obj
                0x20000108                mutex_try_enter
 .time_critical.mutex_enter_timeout_ms
                0x2000014c       0xa0 CMakeFiles/ges_monitor.dir/C_/pico/pico-sdk/src/common/pico_sync/mutex.c.obj
                0x2000014c                mutex_enter_timeout_ms
 .time_critical.mutex_exit
                0x200001ec       0x28 CMakeFiles/ges_monitor.dir/C_/pico/pico-sdk/src/common/pico_sync/mutex.c.obj
                0x200001ec                mutex_exit
 .time_critical.flash_init_boot2_copyout
                0x20000214       0x30 CMakeFiles/ges_monitor.dir/C_/pico/pico-sdk/src/rp2_common/hardware_flash/flash.c.obj
 .time_critical.flash_enable_xip_via_boot2
                0x20000244       0x10 CMakeFiles/ges_monitor.dir/C_/pico/pico-sdk/src/rp2_common/hardware_flash/flash.c.obj
 .time_critical.flash_cs_force
                0x20000254       0x38 CMakeFiles/ges_monitor.dir/C_/pico/pico-sdk/src/rp2_common/hardware_flash/flash.c.obj
 .time_critical.flash_do_cmd
                0x2000028c       0xc4 CMakeFiles/ges_monitor.dir/C_/pico/pico-sdk/src/rp2_common/hardware_flash/flash.c.obj
                0x2000028c                flash_do_cmd
 .time_critical.spi_write_read_blocking
                0x20000350       0x74 CMakeFiles/ges_monitor.dir/C_/pico/pico-sdk/src/rp2_common/hardware_spi/spi.c.obj
                0x20000350                spi_write_read_blocking
 *(.text*)
 .text          0x200003c4        0x4 c:/tools/gcc-arm-none-eabi-10.3-2021.10/bin/../lib/gcc/arm-none-eabi/10.3.1/thumb/v6-m/nofp\libgcc.a(_dvmd_tls.o)
                0x200003c4                __aeabi_idiv0
                0x200003c4                __aeabi_ldiv0
 .text.__stub   0x200003c8       0x30 linker stubs
                0x200003f8                . = ALIGN (0x4)
 *(.rodata*)
                0x200003f8                . = ALIGN (0x4)
 *(.data*)
 .data.Font16   0x200003f8        0x8 CMakeFiles/ges_monitor.dir/lib/font/font16.c.obj
                0x200003f8                Font16
 .data.Font24   0x20000400        0x8 CMakeFiles/ges_monitor.dir/lib/font/font24.c.obj
                0x20000400                Font24
 .data.id       0x20000408        0x1 CMakeFiles/ges_monitor.dir/lib/lcd/LCD_Driver.c.obj
                0x20000408                id
 .data.striped_spin_lock_num
                0x20000409        0x1 CMakeFiles/ges_monitor.dir/C_/pico/pico-sdk/src/rp2_common/hardware_sync/sync.c.obj
 *fill*         0x2000040a        0x2 
 .data          0x2000040c       0x48 CMakeFiles/ges_monitor.dir/C_/pico/pico-sdk/src/rp2_common/hardware_irq/irq_handler_chain.S.obj
                0x2000040c                irq_handler_chain_slots
                0x2000043c                irq_handler_chain_first_slot
                0x20000446                irq_handler_chain_remove_tail
 .data.default_alarm_pool
                0x20000454       0x18 CMakeFiles/ges_monitor.dir/C_/pico/pico-sdk/src/common/pico_time/time.c.obj
 .data.default_alarm_pool_heap
                0x2000046c       0x10 CMakeFiles/ges_monitor.dir/C_/pico/pico-sdk/src/common/pico_time/time.c.obj
 *fill*         0x2000047c        0x4 
 .data.aeabi_bits_funcs
                0x20000480       0x10 CMakeFiles/ges_monitor.dir/C_/pico/pico-sdk/src/rp2_common/pico_bit_ops/bit_ops_aeabi.S.obj
                0x20000480                aeabi_bits_funcs
                0x20000490                aeabi_bits_funcs_end
 .data.aeabi_mem_funcs
                0x20000490       0x10 CMakeFiles/ges_monitor.dir/C_/pico/pico-sdk/src/rp2_common/pico_mem_ops/mem_ops_aeabi.S.obj
                0x20000490                aeabi_mem_funcs
                0x200004a0                aeabi_mem_funcs_end
 .data.stdio_usb
                0x200004a0       0x14 CMakeFiles/ges_monitor.dir/C_/pico/pico-sdk/src/rp2_common/pico_stdio_usb/stdio_usb.c.obj
                0x200004a0                stdio_usb
 .data.ep_dir_string
                0x200004b4        0x8 CMakeFiles/ges_monitor.dir/C_/pico/pico-sdk/lib/tinyusb/src/portable/raspberrypi/rp2040/rp2040_usb.c.obj
                0x200004b4                ep_dir_string
 .data._usbd_qdef
                0x200004bc       0x24 CMakeFiles/ges_monitor.dir/C_/pico/pico-sdk/lib/tinyusb/src/device/usbd.c.obj
                0x200004bc                _usbd_qdef
                0x200004e0                . = ALIGN (0x4)
 *(.after_data.*)
                0x200004e0                . = ALIGN (0x4)
                0x200004e0                PROVIDE (__mutex_array_start = .)
 *(SORT_BY_NAME(.mutex_array.*))
 *(.mutex_array)
 .mutex_array   0x200004e0        0x8 CMakeFiles/ges_monitor.dir/C_/pico/pico-sdk/src/rp2_common/pico_stdio/stdio.c.obj
                0x200004e8                PROVIDE (__mutex_array_end = .)
                0x200004e8                . = ALIGN (0x4)
                0x200004e8                PROVIDE (__preinit_array_start = .)
 *(SORT_BY_NAME(.preinit_array.*))
 .preinit_array.00001
                0x200004e8        0x4 CMakeFiles/ges_monitor.dir/C_/pico/pico-sdk/src/rp2_common/pico_mem_ops/mem_ops_aeabi.S.obj
 .preinit_array.00010
                0x200004ec        0x4 CMakeFiles/ges_monitor.dir/C_/pico/pico-sdk/src/rp2_common/pico_bit_ops/bit_ops_aeabi.S.obj
 .preinit_array.00020
                0x200004f0        0x4 CMakeFiles/ges_monitor.dir/C_/pico/pico-sdk/src/rp2_common/pico_double/double_aeabi.S.obj
 .preinit_array.00020
                0x200004f4        0x4 CMakeFiles/ges_monitor.dir/C_/pico/pico-sdk/src/rp2_common/pico_float/float_aeabi.S.obj
 *(.preinit_array)
                0x200004f8                PROVIDE (__preinit_array_end = .)
                0x200004f8                . = ALIGN (0x4)
                0x200004f8                PROVIDE (__init_array_start = .)
 *(SORT_BY_NAME(.init_array.*))
 *(.init_array)
 .init_array    0x200004f8        0x4 c:/tools/gcc-arm-none-eabi-10.3-2021.10/bin/../lib/gcc/arm-none-eabi/10.3.1/thumb/v6-m/nofp/crtbegin.o
 .init_array    0x200004fc        0x4 CMakeFiles/ges_monitor.dir/C_/pico/pico-sdk/src/rp2_common/pico_unique_id/unique_id.c.obj
                0x20000500                PROVIDE (__init_array_end = .)
                0x20000500                . = ALIGN (0x4)
                [!provide]                PROVIDE (__fini_array_start = .)
 *(SORT_BY_NAME(.fini_array.*))
 *(.fini_array)
                [!provide]                PROVIDE (__fini_array_end = .)
 *(.jcr)
                0x20000500                . = ALIGN (0x4)
                0x20000500                __data_end__ = .

.igot.plt       0x20000500        0x0 load address 0x100113b8
 .igot.plt      0x20000500        0x0 c:/tools/gcc-arm-none-eabi-10.3-2021.10/bin/../lib/gcc/arm-none-eabi/10.3.1/thumb/v6-m/nofp/crtbegin.o

.uninitialized_data
                0x20000500        0x0 load address 0x100113b8
                0x20000500                . = ALIGN (0x4)
 *(.uninitialized_data*)

.scratch_x      0x20040000        0x0 load address 0x100113b8
                0x20040000                __scratch_x_start__ = .
 *(.scratch_x.*)
                0x20040000                . = ALIGN (0x4)
                0x20040000                __scratch_x_end__ = .
                0x100113b8                __scratch_x_source__ = LOADADDR (.scratch_x)

.scratch_y      0x20041000        0x0 load address 0x100113b8
                0x20041000                __scratch_y_start__ = .
 *(.scratch_y.*)
                0x20041000                . = ALIGN (0x4)
                0x20041000                __scratch_y_end__ = .
                0x100113b8                __scratch_y_source__ = LOADADDR (.scratch_y)

.bss            0x20000500    0x2717c
                0x20000500                . = ALIGN (0x4)
                0x20000500                __bss_start__ = .
 *(SORT_BY_ALIGNMENT(SORT_BY_NAME(.bss*)))
 .bss.default_alarm_pool_entries
                0x20000500      0x100 CMakeFiles/ges_monitor.dir/C_/pico/pico-sdk/src/common/pico_time/time.c.obj
 .bss.last_avail_time.1
                0x20000600        0x8 CMakeFiles/ges_monitor.dir/C_/pico/pico-sdk/src/rp2_common/pico_stdio_usb/stdio_usb.c.obj
 .bss.sd_table  0x20000608      0x100 CMakeFiles/ges_monitor.dir/C_/pico/pico-sdk/src/rp2_common/pico_double/double_init_rom.c.obj
                0x20000608                sd_table
 .bss.sf_table  0x20000708      0x100 CMakeFiles/ges_monitor.dir/C_/pico/pico-sdk/src/rp2_common/pico_float/float_init_rom.c.obj
                0x20000708                sf_table
 .bss           0x20000808       0x1c c:/tools/gcc-arm-none-eabi-10.3-2021.10/bin/../lib/gcc/arm-none-eabi/10.3.1/thumb/v6-m/nofp/crtbegin.o
 .bss.BytesRead
                0x20000824        0x4 CMakeFiles/ges_monitor.dir/lib/fatfs/fatfs_storage.c.obj
                0x20000824                BytesRead
 .bss.FatFs     0x20000828        0x4 CMakeFiles/ges_monitor.dir/lib/fatfs/ff.c.obj
 .bss.MyDirectory
                0x2000082c       0x1c CMakeFiles/ges_monitor.dir/lib/fatfs/fatfs_storage.c.obj
                0x2000082c                MyDirectory
 .bss.MyFile    0x20000848      0x228 CMakeFiles/ges_monitor.dir/lib/fatfs/fatfs_storage.c.obj
                0x20000848                MyFile
 .bss.MyFileInfo
                0x20000a70       0x18 CMakeFiles/ges_monitor.dir/lib/fatfs/fatfs_storage.c.obj
                0x20000a70                MyFileInfo
 .bss._app_driver
                0x20000a88        0x4 CMakeFiles/ges_monitor.dir/C_/pico/pico-sdk/lib/tinyusb/src/device/usbd.c.obj
 .bss._cdcd_itf
                0x20000a8c      0x2d8 CMakeFiles/ges_monitor.dir/C_/pico/pico-sdk/lib/tinyusb/src/class/cdc/cdc_device.c.obj
 .bss._ctrl_xfer
                0x20000d64       0x14 CMakeFiles/ges_monitor.dir/C_/pico/pico-sdk/lib/tinyusb/src/device/usbd_control.c.obj
 .bss._ubsd_mutexdef
                0x20000d78        0x8 CMakeFiles/ges_monitor.dir/C_/pico/pico-sdk/lib/tinyusb/src/device/usbd.c.obj
 .bss._usbd_ctrl_buf
                0x20000d80       0x40 CMakeFiles/ges_monitor.dir/C_/pico/pico-sdk/lib/tinyusb/src/device/usbd_control.c.obj
 .bss._usbd_dev
                0x20000dc0       0x53 CMakeFiles/ges_monitor.dir/C_/pico/pico-sdk/lib/tinyusb/src/device/usbd.c.obj
 *fill*         0x20000e13        0x1 
 .bss._usbd_mutex
                0x20000e14        0x4 CMakeFiles/ges_monitor.dir/C_/pico/pico-sdk/lib/tinyusb/src/device/usbd.c.obj
 .bss._usbd_q   0x20000e18        0x4 CMakeFiles/ges_monitor.dir/C_/pico/pico-sdk/lib/tinyusb/src/device/usbd.c.obj
 .bss._usbd_qdef_buf
                0x20000e1c       0xc0 CMakeFiles/ges_monitor.dir/C_/pico/pico-sdk/lib/tinyusb/src/device/usbd.c.obj
                0x20000e1c                _usbd_qdef_buf
 .bss.aBuffer   0x20000edc      0x5a0 CMakeFiles/ges_monitor.dir/lib/fatfs/fatfs_storage.c.obj
                0x20000edc                aBuffer
 .bss.alarm_callbacks
                0x2000147c       0x10 CMakeFiles/ges_monitor.dir/C_/pico/pico-sdk/src/rp2_common/hardware_timer/timer.c.obj
 .bss.boot2_copyout
                0x2000148c      0x100 CMakeFiles/ges_monitor.dir/C_/pico/pico-sdk/src/rp2_common/hardware_flash/flash.c.obj
 .bss.claimed   0x2000158c        0x4 CMakeFiles/ges_monitor.dir/C_/pico/pico-sdk/src/rp2_common/hardware_sync/sync.c.obj
 .bss.configured_freq
                0x20001590       0x28 CMakeFiles/ges_monitor.dir/C_/pico/pico-sdk/src/rp2_common/hardware_clocks/clocks.c.obj
 .bss.default_alarm_pool_entry_ids_high
                0x200015b8       0x10 CMakeFiles/ges_monitor.dir/C_/pico/pico-sdk/src/common/pico_time/time.c.obj
 .bss.default_alarm_pool_heap_nodes
                0x200015c8       0x30 CMakeFiles/ges_monitor.dir/C_/pico/pico-sdk/src/common/pico_time/time.c.obj
 .bss.desc_str.0
                0x200015f8       0x28 CMakeFiles/ges_monitor.dir/C_/pico/pico-sdk/src/rp2_common/pico_stdio_usb/stdio_usb_descriptors.c.obj
 .bss.drivers   0x20001620        0x4 CMakeFiles/ges_monitor.dir/C_/pico/pico-sdk/src/rp2_common/pico_stdio/stdio.c.obj
 .bss.file_name
                0x20001624      0x113 CMakeFiles/ges_monitor.dir/lib/lcd/LCD_Bmp.c.obj
                0x20001624                file_name
 *fill*         0x20001737        0x1 
 .bss.filter    0x20001738        0x4 CMakeFiles/ges_monitor.dir/C_/pico/pico-sdk/src/rp2_common/pico_stdio/stdio.c.obj
 .bss.hw_endpoints
                0x2000173c      0x400 CMakeFiles/ges_monitor.dir/C_/pico/pico-sdk/lib/tinyusb/src/portable/raspberrypi/rp2040/dcd_rp2040.c.obj
 .bss.lazy_vsnprintf
                0x20001b3c        0x4 CMakeFiles/ges_monitor.dir/C_/pico/pico-sdk/src/rp2_common/pico_printf/printf.c.obj
 .bss.load_value
                0x20001b40        0x4 CMakeFiles/ges_monitor.dir/C_/pico/pico-sdk/src/rp2_common/hardware_watchdog/watchdog.c.obj
 .bss.microSDFatFs
                0x20001b44      0x230 CMakeFiles/ges_monitor.dir/lib/lcd/LCD_Bmp.c.obj
                0x20001b44                microSDFatFs
 .bss.next_buffer_ptr
                0x20001d74        0x4 CMakeFiles/ges_monitor.dir/C_/pico/pico-sdk/lib/tinyusb/src/portable/raspberrypi/rp2040/dcd_rp2040.c.obj
 .bss.pDirectoryFiles
                0x20001d78       0x64 CMakeFiles/ges_monitor.dir/lib/lcd/LCD_Bmp.c.obj
                0x20001d78                pDirectoryFiles
 .bss.pic       0x20001ddc    0x25800 CMakeFiles/ges_monitor.dir/lib/fatfs/fatfs_storage.c.obj
                0x20001ddc                pic
 .bss.pools     0x200275dc       0x10 CMakeFiles/ges_monitor.dir/C_/pico/pico-sdk/src/common/pico_time/time.c.obj
 .bss.retrieved_id
                0x200275ec        0x8 CMakeFiles/ges_monitor.dir/C_/pico/pico-sdk/src/rp2_common/pico_unique_id/unique_id.c.obj
 .bss.sLCD_DIS  0x200275f4        0xa CMakeFiles/ges_monitor.dir/lib/lcd/LCD_Driver.c.obj
                0x200275f4                sLCD_DIS
 *fill*         0x200275fe        0x2 
 .bss.sTP_DEV   0x20027600       0x1c CMakeFiles/ges_monitor.dir/lib/lcd/LCD_Touch.c.obj
 .bss.sTP_Draw  0x2002761c        0x8 CMakeFiles/ges_monitor.dir/lib/lcd/LCD_Touch.c.obj
 .bss.sf_clz_func
                0x20027624        0x4 CMakeFiles/ges_monitor.dir/C_/pico/pico-sdk/src/rp2_common/pico_double/double_init_rom.c.obj
                0x20027624                sf_clz_func
 .bss.sleep_notifier
                0x20027628        0x4 CMakeFiles/ges_monitor.dir/C_/pico/pico-sdk/src/common/pico_time/time.c.obj
 .bss.stdio_usb_mutex
                0x2002762c        0x8 CMakeFiles/ges_monitor.dir/C_/pico/pico-sdk/src/rp2_common/pico_stdio_usb/stdio_usb.c.obj
 .bss.str       0x20027634       0x14 CMakeFiles/ges_monitor.dir/lib/lcd/LCD_Bmp.c.obj
                0x20027634                str
 .bss.target_hi
                0x20027648       0x10 CMakeFiles/ges_monitor.dir/C_/pico/pico-sdk/src/rp2_common/hardware_timer/timer.c.obj
 .bss.usbd_serial_str
                0x20027658       0x11 CMakeFiles/ges_monitor.dir/C_/pico/pico-sdk/src/rp2_common/pico_stdio_usb/stdio_usb_descriptors.c.obj
 *fill*         0x20027669        0x3 
 .bss.user_irq_claimed
                0x2002766c        0x2 CMakeFiles/ges_monitor.dir/C_/pico/pico-sdk/src/rp2_common/hardware_irq/irq.c.obj
 .bss.Fsid      0x2002766e        0x2 CMakeFiles/ges_monitor.dir/lib/fatfs/ff.c.obj
 .bss.SD_Type   0x20027670        0x1 CMakeFiles/ges_monitor.dir/lib/sdcard/MMC_SD.c.obj
                0x20027670                SD_Type
 .bss._app_driver_count
                0x20027671        0x1 CMakeFiles/ges_monitor.dir/C_/pico/pico-sdk/lib/tinyusb/src/device/usbd.c.obj
 .bss._usbd_initialized
                0x20027672        0x1 CMakeFiles/ges_monitor.dir/C_/pico/pico-sdk/lib/tinyusb/src/device/usbd.c.obj
 .bss.boot2_copyout_valid
                0x20027673        0x1 CMakeFiles/ges_monitor.dir/C_/pico/pico-sdk/src/rp2_common/hardware_flash/flash.c.obj
 .bss.claimed   0x20027674        0x1 CMakeFiles/ges_monitor.dir/C_/pico/pico-sdk/src/rp2_common/hardware_timer/timer.c.obj
 .bss.f_res     0x20027675        0x1 CMakeFiles/ges_monitor.dir/lib/lcd/LCD_Bmp.c.obj
                0x20027675                f_res
 .bss.irq_hander_chain_free_slot_head
                0x20027676        0x1 CMakeFiles/ges_monitor.dir/C_/pico/pico-sdk/src/rp2_common/hardware_irq/irq.c.obj
 .bss.itf_num   0x20027677        0x1 CMakeFiles/ges_monitor.dir/C_/pico/pico-sdk/src/rp2_common/pico_stdio_usb/reset_interface.c.obj
 .bss.low_priority_irq_num
                0x20027678        0x1 CMakeFiles/ges_monitor.dir/C_/pico/pico-sdk/src/rp2_common/pico_stdio_usb/stdio_usb.c.obj
 .bss.timer_callbacks_pending
                0x20027679        0x1 CMakeFiles/ges_monitor.dir/C_/pico/pico-sdk/src/rp2_common/hardware_timer/timer.c.obj
 *(COMMON)
                0x2002767c                . = ALIGN (0x4)
 *fill*         0x2002767a        0x2 
                0x2002767c                __bss_end__ = .

.heap           0x2002767c      0x800
                0x2002767c                __end__ = .
                0x2002767c                end = __end__
 *(.heap*)
 .heap          0x2002767c      0x800 CMakeFiles/ges_monitor.dir/C_/pico/pico-sdk/src/rp2_common/pico_standard_link/crt0.S.obj
                0x20027e7c                __HeapLimit = .

.stack1_dummy   0x20040000        0x0
 *(.stack1*)

.stack_dummy    0x20041000      0x800
 *(.stack*)
 .stack         0x20041000      0x800 CMakeFiles/ges_monitor.dir/C_/pico/pico-sdk/src/rp2_common/pico_standard_link/crt0.S.obj

.flash_end      0x100113b8        0x0
                0x100113b8                __flash_binary_end = .
                0x20040000                __StackLimit = (ORIGIN (RAM) + LENGTH (RAM))
                0x20041000                __StackOneTop = (ORIGIN (SCRATCH_X) + LENGTH (SCRATCH_X))
                0x20042000                __StackTop = (ORIGIN (SCRATCH_Y) + LENGTH (SCRATCH_Y))
                0x20041000                __StackOneBottom = (__StackOneTop - SIZEOF (.stack1_dummy))
                0x20041800                __StackBottom = (__StackTop - SIZEOF (.stack_dummy))
                0x20042000                PROVIDE (__stack = __StackTop)
                0x00000001                ASSERT ((__StackLimit >= __HeapLimit), region RAM overflowed)
                0x00000001                ASSERT (((__binary_info_header_end - __logical_binary_start) <= 0x100), Binary info must be in first 256 bytes of the binary)
LOAD CMakeFiles/ges_monitor.dir/main.c.obj
LOAD CMakeFiles/ges_monitor.dir/view/lcd_test.c.obj
LOAD CMakeFiles/ges_monitor.dir/lib/config/DEV_Config.c.obj
LOAD CMakeFiles/ges_monitor.dir/lib/fatfs/diskio.c.obj
LOAD CMakeFiles/ges_monitor.dir/lib/fatfs/fatfs_storage.c.obj
LOAD CMakeFiles/ges_monitor.dir/lib/fatfs/ff.c.obj
LOAD CMakeFiles/ges_monitor.dir/lib/font/font8.c.obj
LOAD CMakeFiles/ges_monitor.dir/lib/font/font12.c.obj
LOAD CMakeFiles/ges_monitor.dir/lib/font/font16.c.obj
LOAD CMakeFiles/ges_monitor.dir/lib/font/font20.c.obj
LOAD CMakeFiles/ges_monitor.dir/lib/font/font24.c.obj
LOAD CMakeFiles/ges_monitor.dir/lib/lcd/LCD_Bmp.c.obj
LOAD CMakeFiles/ges_monitor.dir/lib/lcd/LCD_Driver.c.obj
LOAD CMakeFiles/ges_monitor.dir/lib/lcd/LCD_GUI.c.obj
LOAD CMakeFiles/ges_monitor.dir/lib/lcd/LCD_Touch.c.obj
LOAD CMakeFiles/ges_monitor.dir/lib/sdcard/MMC_SD.c.obj
LOAD CMakeFiles/ges_monitor.dir/C_/pico/pico-sdk/src/rp2_common/pico_stdlib/stdlib.c.obj
LOAD CMakeFiles/ges_monitor.dir/C_/pico/pico-sdk/src/rp2_common/hardware_gpio/gpio.c.obj
LOAD CMakeFiles/ges_monitor.dir/C_/pico/pico-sdk/src/rp2_common/hardware_claim/claim.c.obj
LOAD CMakeFiles/ges_monitor.dir/C_/pico/pico-sdk/src/rp2_common/pico_platform/platform.c.obj
LOAD CMakeFiles/ges_monitor.dir/C_/pico/pico-sdk/src/rp2_common/hardware_sync/sync.c.obj
LOAD CMakeFiles/ges_monitor.dir/C_/pico/pico-sdk/src/rp2_common/hardware_irq/irq.c.obj
LOAD CMakeFiles/ges_monitor.dir/C_/pico/pico-sdk/src/rp2_common/hardware_irq/irq_handler_chain.S.obj
LOAD CMakeFiles/ges_monitor.dir/C_/pico/pico-sdk/src/common/pico_sync/sem.c.obj
LOAD CMakeFiles/ges_monitor.dir/C_/pico/pico-sdk/src/common/pico_sync/lock_core.c.obj
LOAD CMakeFiles/ges_monitor.dir/C_/pico/pico-sdk/src/common/pico_time/time.c.obj
LOAD CMakeFiles/ges_monitor.dir/C_/pico/pico-sdk/src/common/pico_time/timeout_helper.c.obj
LOAD CMakeFiles/ges_monitor.dir/C_/pico/pico-sdk/src/rp2_common/hardware_timer/timer.c.obj
LOAD CMakeFiles/ges_monitor.dir/C_/pico/pico-sdk/src/common/pico_util/datetime.c.obj
LOAD CMakeFiles/ges_monitor.dir/C_/pico/pico-sdk/src/common/pico_util/pheap.c.obj
LOAD CMakeFiles/ges_monitor.dir/C_/pico/pico-sdk/src/common/pico_util/queue.c.obj
LOAD CMakeFiles/ges_monitor.dir/C_/pico/pico-sdk/src/common/pico_sync/mutex.c.obj
LOAD CMakeFiles/ges_monitor.dir/C_/pico/pico-sdk/src/common/pico_sync/critical_section.c.obj
LOAD CMakeFiles/ges_monitor.dir/C_/pico/pico-sdk/src/rp2_common/hardware_uart/uart.c.obj
LOAD CMakeFiles/ges_monitor.dir/C_/pico/pico-sdk/src/rp2_common/hardware_divider/divider.S.obj
LOAD CMakeFiles/ges_monitor.dir/C_/pico/pico-sdk/src/rp2_common/pico_runtime/runtime.c.obj
LOAD CMakeFiles/ges_monitor.dir/C_/pico/pico-sdk/src/rp2_common/hardware_clocks/clocks.c.obj
LOAD CMakeFiles/ges_monitor.dir/C_/pico/pico-sdk/src/rp2_common/hardware_pll/pll.c.obj
LOAD CMakeFiles/ges_monitor.dir/C_/pico/pico-sdk/src/rp2_common/hardware_vreg/vreg.c.obj
LOAD CMakeFiles/ges_monitor.dir/C_/pico/pico-sdk/src/rp2_common/hardware_watchdog/watchdog.c.obj
LOAD CMakeFiles/ges_monitor.dir/C_/pico/pico-sdk/src/rp2_common/hardware_xosc/xosc.c.obj
LOAD CMakeFiles/ges_monitor.dir/C_/pico/pico-sdk/src/rp2_common/pico_printf/printf.c.obj
LOAD CMakeFiles/ges_monitor.dir/C_/pico/pico-sdk/src/rp2_common/pico_bit_ops/bit_ops_aeabi.S.obj
LOAD CMakeFiles/ges_monitor.dir/C_/pico/pico-sdk/src/rp2_common/pico_bootrom/bootrom.c.obj
LOAD CMakeFiles/ges_monitor.dir/C_/pico/pico-sdk/src/rp2_common/pico_divider/divider.S.obj
LOAD CMakeFiles/ges_monitor.dir/C_/pico/pico-sdk/src/rp2_common/pico_double/double_aeabi.S.obj
LOAD CMakeFiles/ges_monitor.dir/C_/pico/pico-sdk/src/rp2_common/pico_double/double_init_rom.c.obj
LOAD CMakeFiles/ges_monitor.dir/C_/pico/pico-sdk/src/rp2_common/pico_double/double_math.c.obj
LOAD CMakeFiles/ges_monitor.dir/C_/pico/pico-sdk/src/rp2_common/pico_double/double_v1_rom_shim.S.obj
LOAD CMakeFiles/ges_monitor.dir/C_/pico/pico-sdk/src/rp2_common/pico_int64_ops/pico_int64_ops_aeabi.S.obj
LOAD CMakeFiles/ges_monitor.dir/C_/pico/pico-sdk/src/rp2_common/pico_float/float_aeabi.S.obj
LOAD CMakeFiles/ges_monitor.dir/C_/pico/pico-sdk/src/rp2_common/pico_float/float_init_rom.c.obj
LOAD CMakeFiles/ges_monitor.dir/C_/pico/pico-sdk/src/rp2_common/pico_float/float_math.c.obj
LOAD CMakeFiles/ges_monitor.dir/C_/pico/pico-sdk/src/rp2_common/pico_float/float_v1_rom_shim.S.obj
LOAD CMakeFiles/ges_monitor.dir/C_/pico/pico-sdk/src/rp2_common/pico_malloc/pico_malloc.c.obj
LOAD CMakeFiles/ges_monitor.dir/C_/pico/pico-sdk/src/rp2_common/pico_mem_ops/mem_ops_aeabi.S.obj
LOAD CMakeFiles/ges_monitor.dir/C_/pico/pico-sdk/src/rp2_common/pico_standard_link/crt0.S.obj
LOAD CMakeFiles/ges_monitor.dir/C_/pico/pico-sdk/src/rp2_common/pico_standard_link/new_delete.cpp.obj
LOAD CMakeFiles/ges_monitor.dir/C_/pico/pico-sdk/src/rp2_common/pico_standard_link/binary_info.c.obj
LOAD CMakeFiles/ges_monitor.dir/C_/pico/pico-sdk/src/rp2_common/pico_stdio/stdio.c.obj
LOAD CMakeFiles/ges_monitor.dir/C_/pico/pico-sdk/src/rp2_common/pico_stdio_usb/reset_interface.c.obj
LOAD CMakeFiles/ges_monitor.dir/C_/pico/pico-sdk/src/rp2_common/pico_stdio_usb/stdio_usb.c.obj
LOAD CMakeFiles/ges_monitor.dir/C_/pico/pico-sdk/src/rp2_common/pico_stdio_usb/stdio_usb_descriptors.c.obj
LOAD CMakeFiles/ges_monitor.dir/C_/pico/pico-sdk/lib/tinyusb/src/portable/raspberrypi/rp2040/dcd_rp2040.c.obj
LOAD CMakeFiles/ges_monitor.dir/C_/pico/pico-sdk/lib/tinyusb/src/portable/raspberrypi/rp2040/rp2040_usb.c.obj
LOAD CMakeFiles/ges_monitor.dir/C_/pico/pico-sdk/lib/tinyusb/src/device/usbd.c.obj
LOAD CMakeFiles/ges_monitor.dir/C_/pico/pico-sdk/lib/tinyusb/src/device/usbd_control.c.obj
LOAD CMakeFiles/ges_monitor.dir/C_/pico/pico-sdk/lib/tinyusb/src/class/audio/audio_device.c.obj
LOAD CMakeFiles/ges_monitor.dir/C_/pico/pico-sdk/lib/tinyusb/src/class/cdc/cdc_device.c.obj
LOAD CMakeFiles/ges_monitor.dir/C_/pico/pico-sdk/lib/tinyusb/src/class/dfu/dfu_device.c.obj