Archive member included to satisfy reference by file (symbol)

d:/tools/gcc-arm-none-eabi-10.3-2021.10/bin/../lib/gcc/arm-none-eabi/10.3.1/thumb/v6-m/nofp\libgcc.a(_dvmd_tls.o)
                              CMakeFiles/lcd_pwm_demo.dir/D_/pico/pico-sdk/src/rp2_common/pico_divider/divider.S.obj (__aeabi_idiv0)
d:/tools/gcc-arm-none-eabi-10.3-2021.10/bin/../lib/gcc/arm-none-eabi/10.3.1/../../../../arm-none-eabi/lib/thumb/v6-m/nofp\libc.a(lib_a-calloc.o)
                              CMakeFiles/lcd_pwm_demo.dir/D_/pico/pico-sdk/src/rp2_common/pico_malloc/pico_malloc.c.obj (calloc)
d:/tools/gcc-arm-none-eabi-10.3-2021.10/bin/../lib/gcc/arm-none-eabi/10.3.1/../../../../arm-none-eabi/lib/thumb/v6-m/nofp\libc.a(lib_a-callocr.o)
                              d:/tools/gcc-arm-none-eabi-10.3-2021.10/bin/../lib/gcc/arm-none-eabi/10.3.1/../../../../arm-none-eabi/lib/thumb/v6-m/nofp\libc.a(lib_a-calloc.o) (_calloc_r)
d:/tools/gcc-arm-none-eabi-10.3-2021.10/bin/../lib/gcc/arm-none-eabi/10.3.1/../../../../arm-none-eabi/lib/thumb/v6-m/nofp\libc.a(lib_a-errno.o)
                              d:/tools/gcc-arm-none-eabi-10.3-2021.10/bin/../lib/gcc/arm-none-eabi/10.3.1/../../../../arm-none-eabi/lib/thumb/v6-m/nofp\libc.a(lib_a-callocr.o) (__errno)
d:/tools/gcc-arm-none-eabi-10.3-2021.10/bin/../lib/gcc/arm-none-eabi/10.3.1/../../../../arm-none-eabi/lib/thumb/v6-m/nofp\libc.a(lib_a-impure.o)
                              d:/tools/gcc-arm-none-eabi-10.3-2021.10/bin/../lib/gcc/arm-none-eabi/10.3.1/../../../../arm-none-eabi/lib/thumb/v6-m/nofp\libc.a(lib_a-calloc.o) (_impure_ptr)
d:/tools/gcc-arm-none-eabi-10.3-2021.10/bin/../lib/gcc/arm-none-eabi/10.3.1/../../../../arm-none-eabi/lib/thumb/v6-m/nofp\libc.a(lib_a-init.o)
                              d:/tools/gcc-arm-none-eabi-10.3-2021.10/bin/../lib/gcc/arm-none-eabi/10.3.1/../../../../arm-none-eabi/lib/thumb/v6-m/nofp/crt0.o (__libc_init_array)
d:/tools/gcc-arm-none-eabi-10.3-2021.10/bin/../lib/gcc/arm-none-eabi/10.3.1/../../../../arm-none-eabi/lib/thumb/v6-m/nofp\libc.a(lib_a-malloc.o)
                              CMakeFiles/lcd_pwm_demo.dir/D_/pico/pico-sdk/src/rp2_common/pico_malloc/pico_malloc.c.obj (malloc)
d:/tools/gcc-arm-none-eabi-10.3-2021.10/bin/../lib/gcc/arm-none-eabi/10.3.1/../../../../arm-none-eabi/lib/thumb/v6-m/nofp\libc.a(lib_a-mallocr.o)
                              d:/tools/gcc-arm-none-eabi-10.3-2021.10/bin/../lib/gcc/arm-none-eabi/10.3.1/../../../../arm-none-eabi/lib/thumb/v6-m/nofp\libc.a(lib_a-callocr.o) (_malloc_r)
d:/tools/gcc-arm-none-eabi-10.3-2021.10/bin/../lib/gcc/arm-none-eabi/10.3.1/../../../../arm-none-eabi/lib/thumb/v6-m/nofp\libc.a(lib_a-mlock.o)
                              d:/tools/gcc-arm-none-eabi-10.3-2021.10/bin/../lib/gcc/arm-none-eabi/10.3.1/../../../../arm-none-eabi/lib/thumb/v6-m/nofp\libc.a(lib_a-mallocr.o) (__malloc_lock)
d:/tools/gcc-arm-none-eabi-10.3-2021.10/bin/../lib/gcc/arm-none-eabi/10.3.1/../../../../arm-none-eabi/lib/thumb/v6-m/nofp\libc.a(lib_a-realloc.o)
                              CMakeFiles/lcd_pwm_demo.dir/D_/pico/pico-sdk/src/rp2_common/pico_malloc/pico_malloc.c.obj (realloc)
d:/tools/gcc-arm-none-eabi-10.3-2021.10/bin/../lib/gcc/arm-none-eabi/10.3.1/../../../../arm-none-eabi/lib/thumb/v6-m/nofp\libc.a(lib_a-reallocr.o)
                              d:/tools/gcc-arm-none-eabi-10.3-2021.10/bin/../lib/gcc/arm-none-eabi/10.3.1/../../../../arm-none-eabi/lib/thumb/v6-m/nofp\libc.a(lib_a-realloc.o) (_realloc_r)
d:/tools/gcc-arm-none-eabi-10.3-2021.10/bin/../lib/gcc/arm-none-eabi/10.3.1/../../../../arm-none-eabi/lib/thumb/v6-m/nofp\libc.a(lib_a-sbrkr.o)
                              d:/tools/gcc-arm-none-eabi-10.3-2021.10/bin/../lib/gcc/arm-none-eabi/10.3.1/../../../../arm-none-eabi/lib/thumb/v6-m/nofp\libc.a(lib_a-mallocr.o) (_sbrk_r)
d:/tools/gcc-arm-none-eabi-10.3-2021.10/bin/../lib/gcc/arm-none-eabi/10.3.1/../../../../arm-none-eabi/lib/thumb/v6-m/nofp\libc.a(lib_a-strlen-stub.o)
                              CMakeFiles/lcd_pwm_demo.dir/lib/fatfs/fatfs_storage.c.obj (strlen)
d:/tools/gcc-arm-none-eabi-10.3-2021.10/bin/../lib/gcc/arm-none-eabi/10.3.1/../../../../arm-none-eabi/lib/thumb/v6-m/nofp\libc.a(lib_a-freer.o)
                              d:/tools/gcc-arm-none-eabi-10.3-2021.10/bin/../lib/gcc/arm-none-eabi/10.3.1/../../../../arm-none-eabi/lib/thumb/v6-m/nofp\libc.a(lib_a-malloc.o) (_free_r)
d:/tools/gcc-arm-none-eabi-10.3-2021.10/bin/../lib/gcc/arm-none-eabi/10.3.1/../../../../arm-none-eabi/lib/thumb/v6-m/nofp\libc.a(lib_a-lock.o)
                              d:/tools/gcc-arm-none-eabi-10.3-2021.10/bin/../lib/gcc/arm-none-eabi/10.3.1/../../../../arm-none-eabi/lib/thumb/v6-m/nofp\libc.a(lib_a-mlock.o) (__retarget_lock_acquire_recursive)
d:/tools/gcc-arm-none-eabi-10.3-2021.10/bin/../lib/gcc/arm-none-eabi/10.3.1/../../../../arm-none-eabi/lib/thumb/v6-m/nofp\libc.a(lib_a-memmove.o)
[...]
Memory Configuration

Name             Origin             Length             Attributes
FLASH            0x10000000         0x00200000         xr
RAM              0x20000000         0x00040000         xrw
SCRATCH_X        0x20040000         0x00001000         xrw
SCRATCH_Y        0x20041000         0x00001000         xrw
*default*        0x00000000         0xffffffff

Linker script and memory map

LOAD d:/tools/gcc-arm-none-eabi-10.3-2021.10/bin/../lib/gcc/arm-none-eabi/10.3.1/thumb/v6-m/nofp/crti.o
LOAD d:/tools/gcc-arm-none-eabi-10.3-2021.10/bin/../lib/gcc/arm-none-eabi/10.3.1/thumb/v6-m/nofp/crtbegin.o
LOAD d:/tools/gcc-arm-none-eabi-10.3-2021.10/bin/../lib/gcc/arm-none-eabi/10.3.1/../../../../arm-none-eabi/lib/thumb/v6-m/nofp/crt0.o

.flash_begin    0x10000000        0x0
                0x10000000                __flash_binary_start = .

.boot2          0x10000000      0x100
                0x10000000                __boot2_start__ = .
 *(.boot2)
 .boot2         0x10000000      0x100 C:\Users\chl_4\AppData\Local\Temp\ccQRFv0A.o
                0x10000100                __boot2_end__ = .
                0x00000001                ASSERT (((__boot2_end__ - __boot2_start__) == 0x100), ERROR: Pico second stage bootloader must be 256 bytes in size)

.text           0x10000100     0xd578
                0x10000100                __logical_binary_start = .
 *(.vectors)
 .vectors       0x10000100       0xd4 CMakeFiles/lcd_pwm_demo.dir/D_/pico/pico-sdk/src/rp2_common/pico_standard_link/crt0.S.obj
                0x10000100                __vectors
                0x10000100                __VECTOR_TABLE
                0x100001c0                isr_invalid
                0x100001c0                __default_isrs_start
                0x100001c2                NMI_Handler
                0x100001c4                HardFault_Handler
                0x100001c6                SVC_Handler
                0x100001c8                PendSV_Handler
                0x100001ca                SysTick_Handler
                0x100001cc                IO_IRQ_BANK0_Handler
                0x100001cc                PIO0_IRQ_0_Handler
                0x100001cc                USBCTRL_IRQ_Handler
                0x100001cc                SPI1_IRQ_Handler
                0x100001cc                isr_irq27
                0x100001cc                isr_irq31
                0x100001cc                PIO1_IRQ_1_Handler
                0x100001cc                DMA_IRQ_1_Handler
                0x100001cc                __unhandled_user_irq
                0x100001cc                SPI0_IRQ_Handler
                0x100001cc                isr_irq28
                0x100001cc                UART0_IRQ_Handler
                0x100001cc                __default_isrs_end
                0x100001cc                PIO0_IRQ_1_Handler
                0x100001cc                I2C0_IRQ_Handler
                0x100001cc                SIO_IRQ_PROC1_Handler
                0x100001cc                TIMER_IRQ_0_Handler
                0x100001cc                isr_irq30
                0x100001cc                UART1_IRQ_Handler
                0x100001cc                TIMER_IRQ_3_Handler
                0x100001cc                DMA_IRQ_0_Handler
                0x100001cc                RTC_IRQ_Handler
                0x100001cc                TIMER_IRQ_2_Handler
                0x100001cc                CLOCKS_IRQ_Handler
                0x100001cc                PIO1_IRQ_0_Handler
                0x100001cc                I2C1_IRQ_Handler
                0x100001cc                ADC_IRQ_FIFO_Handler
                0x100001cc                IO_IRQ_QSPI_Handler
                0x100001cc                SIO_IRQ_PROC0_Handler
                0x100001cc                TIMER_IRQ_1_Handler
                0x100001cc                XIP_IRQ_Handler
                0x100001cc                isr_irq29
                0x100001cc                isr_irq26
                0x100001cc                PWM_IRQ_WRAP_Handler
                0x100001d2                unhandled_user_irq_num_in_r0
 *(.binary_info_header)
 .binary_info_header
                0x100001d4       0x14 CMakeFiles/lcd_pwm_demo.dir/D_/pico/pico-sdk/src/rp2_common/pico_standard_link/crt0.S.obj
                0x100001e8                __binary_info_header_end = .
 *(.reset)
 .reset         0x100001e8       0xa8 CMakeFiles/lcd_pwm_demo.dir/D_/pico/pico-sdk/src/rp2_common/pico_standard_link/crt0.S.obj
                0x100001e8                _entry_point
                0x10000266                __get_current_exception
 .reset         0x10000290       0x30 CMakeFiles/lcd_pwm_demo.dir/D_/pico/pico-sdk/src/rp2_common/pico_standard_link/binary_info.c.obj
 *(.init)
 .init          0x100002c0        0x4 d:/tools/gcc-arm-none-eabi-10.3-2021.10/bin/../lib/gcc/arm-none-eabi/10.3.1/thumb/v6-m/nofp/crti.o
                0x100002c0                _init
 *(EXCLUDE_FILE(*libm.a: *libc.a:*lib_a-mem*.o *libgcc.a:) .text*)
 .text          0x100002c4       0x48 d:/tools/gcc-arm-none-eabi-10.3-2021.10/bin/../lib/gcc/arm-none-eabi/10.3.1/thumb/v6-m/nofp/crtbegin.o
 .text.startup.main
                0x1000030c        0x8 CMakeFiles/lcd_pwm_demo.dir/main.c.obj
                0x1000030c                main
 .text.lcd_test
                0x10000314       0x38 CMakeFiles/lcd_pwm_demo.dir/view/lcd_test.c.obj
                0x10000314                lcd_test
 .text.DEV_Digital_Write
                0x1000034c       0x14 CMakeFiles/lcd_pwm_demo.dir/lib/config/DEV_Config.c.obj
                0x1000034c                DEV_Digital_Write
 .text.DEV_Digital_Read
                0x10000360       0x10 CMakeFiles/lcd_pwm_demo.dir/lib/config/DEV_Config.c.obj
                0x10000360                DEV_Digital_Read
 .text.DEV_PWM_Init
                0x10000370       0x90 CMakeFiles/lcd_pwm_demo.dir/lib/config/DEV_Config.c.obj
                0x10000370                DEV_PWM_Init
 .text.PWMON    0x10000400       0x38 CMakeFiles/lcd_pwm_demo.dir/lib/config/DEV_Config.c.obj
                0x10000400                PWMON
 .text.PWMOFF   0x10000438       0x28 CMakeFiles/lcd_pwm_demo.dir/lib/config/DEV_Config.c.obj
                0x10000438                PWMOFF
 .text.System_Init
                0x10000460       0xa8 CMakeFiles/lcd_pwm_demo.dir/lib/config/DEV_Config.c.obj
                0x10000460                System_Init
 .text.SPI4W_Write_Byte
                0x10000508       0x24 CMakeFiles/lcd_pwm_demo.dir/lib/config/DEV_Config.c.obj
                0x10000508                SPI4W_Write_Byte
 .text.SPI4W_Read_Byte
                0x1000052c       0x20 CMakeFiles/lcd_pwm_demo.dir/lib/config/DEV_Config.c.obj
                0x1000052c                SPI4W_Read_Byte
 .text.Driver_Delay_ms
                0x1000054c        0x8 CMakeFiles/lcd_pwm_demo.dir/lib/config/DEV_Config.c.obj
                0x1000054c                Driver_Delay_ms
 .text.Driver_Delay_us
                0x10000554        0x4 CMakeFiles/lcd_pwm_demo.dir/lib/config/DEV_Config.c.obj
                0x10000554                Driver_Delay_us
 .text.disk_initialize
                0x10000558       0x28 CMakeFiles/lcd_pwm_demo.dir/lib/fatfs/diskio.c.obj
                0x10000558                disk_initialize
 .text.disk_status
                0x10000580        0x4 CMakeFiles/lcd_pwm_demo.dir/lib/fatfs/diskio.c.obj
                0x10000580                disk_status
 .text.disk_read
                0x10000584       0x34 CMakeFiles/lcd_pwm_demo.dir/lib/fatfs/diskio.c.obj
                0x10000584                disk_read
 .text.disk_write
                0x100005b8       0x28 CMakeFiles/lcd_pwm_demo.dir/lib/fatfs/diskio.c.obj
                0x100005b8                disk_write
 .text.disk_ioctl
                0x100005e0       0x54 CMakeFiles/lcd_pwm_demo.dir/lib/fatfs/diskio.c.obj
                0x100005e0                disk_ioctl
 .text.get_fattime
                0x10000634        0x4 CMakeFiles/lcd_pwm_demo.dir/lib/fatfs/diskio.c.obj
                0x10000634                get_fattime
 .text.Storage_OpenReadFile
                0x10000638      0x260 CMakeFiles/lcd_pwm_demo.dir/lib/fatfs/fatfs_storage.c.obj
                0x10000638                Storage_OpenReadFile
 .text.Storage_CheckBitmapFile
                0x10000898       0x24 CMakeFiles/lcd_pwm_demo.dir/lib/fatfs/fatfs_storage.c.obj
                0x10000898                Storage_CheckBitmapFile
 .text.Storage_GetDirectoryBitmapFiles
                0x100008bc      0x154 CMakeFiles/lcd_pwm_demo.dir/lib/fatfs/fatfs_storage.c.obj
                0x100008bc                Storage_GetDirectoryBitmapFiles
 .text.get_fileinfo
                0x10000a10      0x10c CMakeFiles/lcd_pwm_demo.dir/lib/fatfs/ff.c.obj
 .text.check_fs
                0x10000b1c       0x80 CMakeFiles/lcd_pwm_demo.dir/lib/fatfs/ff.c.obj
 .text.move_window
                0x10000b9c       0x80 CMakeFiles/lcd_pwm_demo.dir/lib/fatfs/ff.c.obj
 .text.find_volume
                0x10000c1c      0x3ac CMakeFiles/lcd_pwm_demo.dir/lib/fatfs/ff.c.obj
 .text.get_fat.part.0
                0x10000fc8       0xd8 CMakeFiles/lcd_pwm_demo.dir/lib/fatfs/ff.c.obj
 .text.f_read.part.0
                0x100010a0      0x250 CMakeFiles/lcd_pwm_demo.dir/lib/fatfs/ff.c.obj
 .text.put_fat.part.0
                0x100012f0      0x12c CMakeFiles/lcd_pwm_demo.dir/lib/fatfs/ff.c.obj
 .text.sync_fs  0x1000141c       0xc4 CMakeFiles/lcd_pwm_demo.dir/lib/fatfs/ff.c.obj
 .text.create_chain
                0x100014e0      0x1c4 CMakeFiles/lcd_pwm_demo.dir/lib/fatfs/ff.c.obj
 .text.dir_sdi  0x100016a4      0x1a4 CMakeFiles/lcd_pwm_demo.dir/lib/fatfs/ff.c.obj
 .text.follow_path
                0x10001848      0x37c CMakeFiles/lcd_pwm_demo.dir/lib/fatfs/ff.c.obj
 .text.remove_chain.part.0
                0x10001bc4      0x154 CMakeFiles/lcd_pwm_demo.dir/lib/fatfs/ff.c.obj
 .text.dir_register
                0x10001d18      0x308 CMakeFiles/lcd_pwm_demo.dir/lib/fatfs/ff.c.obj
 .text.f_mount  0x10002020       0x5c CMakeFiles/lcd_pwm_demo.dir/lib/fatfs/ff.c.obj
                0x10002020                f_mount
 .text.f_open   0x1000207c      0x194 CMakeFiles/lcd_pwm_demo.dir/lib/fatfs/ff.c.obj
                0x1000207c                f_open
 .text.f_read   0x10002210       0x5c CMakeFiles/lcd_pwm_demo.dir/lib/fatfs/ff.c.obj
                0x10002210                f_read
 .text.f_close  0x1000226c       0xd8 CMakeFiles/lcd_pwm_demo.dir/lib/fatfs/ff.c.obj
                0x1000226c                f_close
 .text.f_opendir
                0x10002344       0x88 CMakeFiles/lcd_pwm_demo.dir/lib/fatfs/ff.c.obj
                0x10002344                f_opendir
 .text.f_readdir
                0x100023cc      0x280 CMakeFiles/lcd_pwm_demo.dir/lib/fatfs/ff.c.obj
                0x100023cc                f_readdir
 .text.SD_Init  0x1000264c       0x6c CMakeFiles/lcd_pwm_demo.dir/lib/lcd/LCD_Bmp.c.obj
                0x1000264c                SD_Init
 .text.LCD_Show_bmp
                0x100026b8       0xfc CMakeFiles/lcd_pwm_demo.dir/lib/lcd/LCD_Bmp.c.obj
                0x100026b8                LCD_Show_bmp
 .text.LCD_WriteData
                0x100027b4       0x44 CMakeFiles/lcd_pwm_demo.dir/lib/lcd/LCD_Driver.c.obj
                0x100027b4                LCD_WriteData
 .text.LCD_SetGramScanWay
                0x100027f8       0xa4 CMakeFiles/lcd_pwm_demo.dir/lib/lcd/LCD_Driver.c.obj
                0x100027f8                LCD_SetGramScanWay
 .text.LCD_Init
                0x1000289c     0x17b8 CMakeFiles/lcd_pwm_demo.dir/lib/lcd/LCD_Driver.c.obj
                0x1000289c                LCD_Init
 .text.LCD_SetWindow
                0x10004054      0x260 CMakeFiles/lcd_pwm_demo.dir/lib/lcd/LCD_Driver.c.obj
                0x10004054                LCD_SetWindow
 .text.LCD_SetCursor
                0x100042b4      0x244 CMakeFiles/lcd_pwm_demo.dir/lib/lcd/LCD_Driver.c.obj
                0x100042b4                LCD_SetCursor
 .text.LCD_SetPointlColor
                0x100044f8       0x48 CMakeFiles/lcd_pwm_demo.dir/lib/lcd/LCD_Driver.c.obj
                0x100044f8                LCD_SetPointlColor
 .text.LCD_SetArealColor
                0x10004540       0x64 CMakeFiles/lcd_pwm_demo.dir/lib/lcd/LCD_Driver.c.obj
                0x10004540                LCD_SetArealColor
 .text.LCD_Clear
                0x100045a4       0x58 CMakeFiles/lcd_pwm_demo.dir/lib/lcd/LCD_Driver.c.obj
                0x100045a4                LCD_Clear
 .text.GUI_DisChar.part.0.constprop.0
                0x100045fc       0xdc CMakeFiles/lcd_pwm_demo.dir/lib/lcd/LCD_GUI.c.obj
 .text.GUI_DisChar.part.0
                0x100046d8      0x120 CMakeFiles/lcd_pwm_demo.dir/lib/lcd/LCD_GUI.c.obj
 .text.GUI_DrawLine.part.0
                0x100047f8      0x1b4 CMakeFiles/lcd_pwm_demo.dir/lib/lcd/LCD_GUI.c.obj
 .text.GUI_DrawRectangle.part.0
                0x100049ac       0xd8 CMakeFiles/lcd_pwm_demo.dir/lib/lcd/LCD_GUI.c.obj
 .text.GUI_DrawLine
                0x10004a84       0x3c CMakeFiles/lcd_pwm_demo.dir/lib/lcd/LCD_GUI.c.obj
                0x10004a84                GUI_DrawLine
 .text.GUI_DrawRectangle
                0x10004ac0       0x48 CMakeFiles/lcd_pwm_demo.dir/lib/lcd/LCD_GUI.c.obj
                0x10004ac0                GUI_DrawRectangle
 .text.GUI_DisString_EN
                0x10004b08       0xa4 CMakeFiles/lcd_pwm_demo.dir/lib/lcd/LCD_GUI.c.obj
                0x10004b08                GUI_DisString_EN
 .text.GUI_GetFontSize
                0x10004bac       0x94 CMakeFiles/lcd_pwm_demo.dir/lib/lcd/LCD_GUI.c.obj
                0x10004bac                GUI_GetFontSize
 .text.GUI_Showtime
                0x10004c40      0x3c0 CMakeFiles/lcd_pwm_demo.dir/lib/lcd/LCD_GUI.c.obj
                0x10004c40                GUI_Showtime
 .text.TP_Read_ADC_Average
                0x10005000      0x108 CMakeFiles/lcd_pwm_demo.dir/lib/lcd/LCD_Touch.c.obj
 .text.TP_Read_TwiceADC.constprop.0
                0x10005108       0x84 CMakeFiles/lcd_pwm_demo.dir/lib/lcd/LCD_Touch.c.obj
 .text.TP_GetAdFac
                0x1000518c       0xec CMakeFiles/lcd_pwm_demo.dir/lib/lcd/LCD_Touch.c.obj
                0x1000518c                TP_GetAdFac
 .text.TP_gesmain
                0x10005278      0x1cc CMakeFiles/lcd_pwm_demo.dir/lib/lcd/LCD_Touch.c.obj
                0x10005278                TP_gesmain
 .text.TP_gesvallist
                0x10005444      0x21c CMakeFiles/lcd_pwm_demo.dir/lib/lcd/LCD_Touch.c.obj
                0x10005444                TP_gesvallist
 .text.TP_gessensor
                0x10005660      0x140 CMakeFiles/lcd_pwm_demo.dir/lib/lcd/LCD_Touch.c.obj
                0x10005660                TP_gessensor
 .text.TP_gessensor_pwm
                0x100057a0      0x120 CMakeFiles/lcd_pwm_demo.dir/lib/lcd/LCD_Touch.c.obj
                0x100057a0                TP_gessensor_pwm
 .text.TP_gessetting
                0x100058c0      0x1e8 CMakeFiles/lcd_pwm_demo.dir/lib/lcd/LCD_Touch.c.obj
                0x100058c0                TP_gessetting
 .text.TP_gesmpresultstart
                0x10005aa8      0x150 CMakeFiles/lcd_pwm_demo.dir/lib/lcd/LCD_Touch.c.obj
                0x10005aa8                TP_gesmpresultstart
 .text.TP_DrawBoard
                0x10005bf8      0x3d8 CMakeFiles/lcd_pwm_demo.dir/lib/lcd/LCD_Touch.c.obj
                0x10005bf8                TP_DrawBoard
 .text.TP_Init  0x10005fd0       0x28 CMakeFiles/lcd_pwm_demo.dir/lib/lcd/LCD_Touch.c.obj
                0x10005fd0                TP_Init
 .text.SD_SendCmd.constprop.0
                0x10005ff8       0x90 CMakeFiles/lcd_pwm_demo.dir/lib/sdcard/MMC_SD.c.obj
 .text.SD_SPI_ReadWriteByte
                0x10006088        0x8 CMakeFiles/lcd_pwm_demo.dir/lib/sdcard/MMC_SD.c.obj
                0x10006088                SD_SPI_ReadWriteByte
 .text.SD_SPI_SpeedLow
                0x10006090        0x4 CMakeFiles/lcd_pwm_demo.dir/lib/sdcard/MMC_SD.c.obj
                0x10006090                SD_SPI_SpeedLow
 .text.SD_SPI_SpeedHigh
                0x10006094        0x4 CMakeFiles/lcd_pwm_demo.dir/lib/sdcard/MMC_SD.c.obj
                0x10006094                SD_SPI_SpeedHigh
 .text.SD_WaitReady
                0x10006098       0x24 CMakeFiles/lcd_pwm_demo.dir/lib/sdcard/MMC_SD.c.obj
                0x10006098                SD_WaitReady
 .text.SD_SendCmd
                0x100060bc       0x98 CMakeFiles/lcd_pwm_demo.dir/lib/sdcard/MMC_SD.c.obj
                0x100060bc                SD_SendCmd
 .text.SD_GetCSD
                0x10006154       0x70 CMakeFiles/lcd_pwm_demo.dir/lib/sdcard/MMC_SD.c.obj
                0x10006154                SD_GetCSD
 .text.SD_GetSectorCount
                0x100061c4       0x70 CMakeFiles/lcd_pwm_demo.dir/lib/sdcard/MMC_SD.c.obj
                0x100061c4                SD_GetSectorCount
 .text.SD_Initialize
                0x10006234      0x1bc CMakeFiles/lcd_pwm_demo.dir/lib/sdcard/MMC_SD.c.obj
                0x10006234                SD_Initialize
 .text.SD_ReadDisk
                0x100063f0       0xe0 CMakeFiles/lcd_pwm_demo.dir/lib/sdcard/MMC_SD.c.obj
                0x100063f0                SD_ReadDisk
 .text.SD_WriteDisk
                0x100064d0      0x154 CMakeFiles/lcd_pwm_demo.dir/lib/sdcard/MMC_SD.c.obj
                0x100064d0                SD_WriteDisk
 .text.bspInit  0x10006624        0xc CMakeFiles/lcd_pwm_demo.dir/bsp/bsp.c.obj
                0x10006624                bspInit
 .text.startup.SystemInit
                0x10006630       0x14 CMakeFiles/lcd_pwm_demo.dir/D_/pico/pico-sdk/src/rp2_common/cmsis/stub/CMSIS/Device/RaspberryPi/RP2040/Source/system_RP2040.c.obj
                0x10006630                SystemInit
 .text.clocks_init
                0x10006644      0x2bc CMakeFiles/lcd_pwm_demo.dir/D_/pico/pico-sdk/src/rp2_common/hardware_clocks/clocks.c.obj
                0x10006644                clocks_init
 .text.clock_get_hz
                0x10006900        0xc CMakeFiles/lcd_pwm_demo.dir/D_/pico/pico-sdk/src/rp2_common/hardware_clocks/clocks.c.obj
                0x10006900                clock_get_hz
 .text.hw_claim_or_assert
                0x1000690c       0x44 CMakeFiles/lcd_pwm_demo.dir/D_/pico/pico-sdk/src/rp2_common/hardware_claim/claim.c.obj
                0x1000690c                hw_claim_or_assert
 .text.hw_claim_unused_from_range
                0x10006950       0x9c CMakeFiles/lcd_pwm_demo.dir/D_/pico/pico-sdk/src/rp2_common/hardware_claim/claim.c.obj
                0x10006950                hw_claim_unused_from_range
 .text.running_on_fpga
                0x100069ec       0x10 CMakeFiles/lcd_pwm_demo.dir/D_/pico/pico-sdk/src/rp2_common/pico_platform/platform.c.obj
                0x100069ec                running_on_fpga
 .text.spin_locks_reset
                0x100069fc       0x1c CMakeFiles/lcd_pwm_demo.dir/D_/pico/pico-sdk/src/rp2_common/hardware_sync/sync.c.obj
                0x100069fc                spin_locks_reset
 .text.next_striped_spin_lock_num
                0x10006a18       0x18 CMakeFiles/lcd_pwm_demo.dir/D_/pico/pico-sdk/src/rp2_common/hardware_sync/sync.c.obj
                0x10006a18                next_striped_spin_lock_num
 .text.spin_lock_claim_unused
                0x10006a30       0x20 CMakeFiles/lcd_pwm_demo.dir/D_/pico/pico-sdk/src/rp2_common/hardware_sync/sync.c.obj
                0x10006a30                spin_lock_claim_unused
 .text.gpio_set_function
                0x10006a50       0x30 CMakeFiles/lcd_pwm_demo.dir/D_/pico/pico-sdk/src/rp2_common/hardware_gpio/gpio.c.obj
                0x10006a50                gpio_set_function
 .text.gpio_set_pulls
                0x10006a80       0x30 CMakeFiles/lcd_pwm_demo.dir/D_/pico/pico-sdk/src/rp2_common/hardware_gpio/gpio.c.obj
                0x10006a80                gpio_set_pulls
 .text.gpio_init
                0x10006ab0       0x3c CMakeFiles/lcd_pwm_demo.dir/D_/pico/pico-sdk/src/rp2_common/hardware_gpio/gpio.c.obj
                0x10006ab0                gpio_init
 .text.irq_set_enabled
                0x10006aec       0x24 CMakeFiles/lcd_pwm_demo.dir/D_/pico/pico-sdk/src/rp2_common/hardware_irq/irq.c.obj
                0x10006aec                irq_set_enabled
 .text.irq_set_pending
                0x10006b10       0x10 CMakeFiles/lcd_pwm_demo.dir/D_/pico/pico-sdk/src/rp2_common/hardware_irq/irq.c.obj
                0x10006b10                irq_set_pending
 .text.irq_has_shared_handler
                0x10006b20       0x2c CMakeFiles/lcd_pwm_demo.dir/D_/pico/pico-sdk/src/rp2_common/hardware_irq/irq.c.obj
                0x10006b20                irq_has_shared_handler
 .text.irq_get_vtable_handler
                0x10006b4c       0x10 CMakeFiles/lcd_pwm_demo.dir/D_/pico/pico-sdk/src/rp2_common/hardware_irq/irq.c.obj
                0x10006b4c                irq_get_vtable_handler
 .text.irq_set_exclusive_handler
                0x10006b5c       0x54 CMakeFiles/lcd_pwm_demo.dir/D_/pico/pico-sdk/src/rp2_common/hardware_irq/irq.c.obj
                0x10006b5c                irq_set_exclusive_handler
 .text.irq_add_shared_handler
                0x10006bb0      0x1e4 CMakeFiles/lcd_pwm_demo.dir/D_/pico/pico-sdk/src/rp2_common/hardware_irq/irq.c.obj
                0x10006bb0                irq_add_shared_handler
 .text.irq_remove_handler
                0x10006d94      0x1b4 CMakeFiles/lcd_pwm_demo.dir/D_/pico/pico-sdk/src/rp2_common/hardware_irq/irq.c.obj
                0x10006d94                irq_remove_handler
 .text.irq_add_tail_to_free_list
                0x10006f48       0xb4 CMakeFiles/lcd_pwm_demo.dir/D_/pico/pico-sdk/src/rp2_common/hardware_irq/irq.c.obj
                0x10006f48                irq_add_tail_to_free_list
 .text.irq_init_priorities
                0x10006ffc       0x24 CMakeFiles/lcd_pwm_demo.dir/D_/pico/pico-sdk/src/rp2_common/hardware_irq/irq.c.obj
                0x10006ffc                irq_init_priorities
 .text.user_irq_claim_unused
                0x10007020       0x30 CMakeFiles/lcd_pwm_demo.dir/D_/pico/pico-sdk/src/rp2_common/hardware_irq/irq.c.obj
                0x10007020                user_irq_claim_unused
 .text.lock_init
                0x10007050       0x10 CMakeFiles/lcd_pwm_demo.dir/D_/pico/pico-sdk/src/common/pico_sync/lock_core.c.obj
                0x10007050                lock_init
 .text.timer_pool_entry_comparator
                0x10007060       0x34 CMakeFiles/lcd_pwm_demo.dir/D_/pico/pico-sdk/src/common/pico_time/time.c.obj
                0x10007060                timer_pool_entry_comparator
 .text.sleep_until_callback
                0x10007094       0x30 CMakeFiles/lcd_pwm_demo.dir/D_/pico/pico-sdk/src/common/pico_time/time.c.obj
 .text.add_alarm_under_lock.isra.0
                0x100070c4      0x100 CMakeFiles/lcd_pwm_demo.dir/D_/pico/pico-sdk/src/common/pico_time/time.c.obj
 .text.alarm_pool_alarm_callback
                0x100071c4      0x1c8 CMakeFiles/lcd_pwm_demo.dir/D_/pico/pico-sdk/src/common/pico_time/time.c.obj
 .text.alarm_pool_add_alarm_at.constprop.0
                0x1000738c      0x11c CMakeFiles/lcd_pwm_demo.dir/D_/pico/pico-sdk/src/common/pico_time/time.c.obj
 .text.alarm_pool_init_default
                0x100074a8       0x64 CMakeFiles/lcd_pwm_demo.dir/D_/pico/pico-sdk/src/common/pico_time/time.c.obj
                0x100074a8                alarm_pool_init_default
 .text.alarm_pool_get_default
                0x1000750c        0x8 CMakeFiles/lcd_pwm_demo.dir/D_/pico/pico-sdk/src/common/pico_time/time.c.obj
                0x1000750c                alarm_pool_get_default
 .text.alarm_pool_add_alarm_at
                0x10007514      0x194 CMakeFiles/lcd_pwm_demo.dir/D_/pico/pico-sdk/src/common/pico_time/time.c.obj
                0x10007514                alarm_pool_add_alarm_at
 .text.sleep_until
                0x100076a8       0xac CMakeFiles/lcd_pwm_demo.dir/D_/pico/pico-sdk/src/common/pico_time/time.c.obj
                0x100076a8                sleep_until
 .text.sleep_ms
                0x10007754       0x38 CMakeFiles/lcd_pwm_demo.dir/D_/pico/pico-sdk/src/common/pico_time/time.c.obj
                0x10007754                sleep_ms
 .text.best_effort_wfe_or_timeout
                0x1000778c       0xd4 CMakeFiles/lcd_pwm_demo.dir/D_/pico/pico-sdk/src/common/pico_time/time.c.obj
                0x1000778c                best_effort_wfe_or_timeout
 .text.hardware_alarm_irq_handler
                0x10007860       0xb8 CMakeFiles/lcd_pwm_demo.dir/D_/pico/pico-sdk/src/rp2_common/hardware_timer/timer.c.obj
 .text.hardware_alarm_claim
                0x10007918       0x18 CMakeFiles/lcd_pwm_demo.dir/D_/pico/pico-sdk/src/rp2_common/hardware_timer/timer.c.obj
                0x10007918                hardware_alarm_claim
 .text.time_us_64
                0x10007930       0x14 CMakeFiles/lcd_pwm_demo.dir/D_/pico/pico-sdk/src/rp2_common/hardware_timer/timer.c.obj
                0x10007930                time_us_64
 .text.busy_wait_until
                0x10007944       0x20 CMakeFiles/lcd_pwm_demo.dir/D_/pico/pico-sdk/src/rp2_common/hardware_timer/timer.c.obj
                0x10007944                busy_wait_until
 .text.hardware_alarm_set_callback
                0x10007964       0x8c CMakeFiles/lcd_pwm_demo.dir/D_/pico/pico-sdk/src/rp2_common/hardware_timer/timer.c.obj
                0x10007964                hardware_alarm_set_callback
 .text.hardware_alarm_set_target
                0x100079f0       0xe0 CMakeFiles/lcd_pwm_demo.dir/D_/pico/pico-sdk/src/rp2_common/hardware_timer/timer.c.obj
                0x100079f0                hardware_alarm_set_target
 .text.hardware_alarm_cancel
                0x10007ad0       0x3c CMakeFiles/lcd_pwm_demo.dir/D_/pico/pico-sdk/src/rp2_common/hardware_timer/timer.c.obj
                0x10007ad0                hardware_alarm_cancel
 .text.ph_merge_nodes
                0x10007b0c       0x68 CMakeFiles/lcd_pwm_demo.dir/D_/pico/pico-sdk/src/common/pico_util/pheap.c.obj
 .text.ph_post_alloc_init
                0x10007b74       0x3c CMakeFiles/lcd_pwm_demo.dir/D_/pico/pico-sdk/src/common/pico_util/pheap.c.obj
                0x10007b74                ph_post_alloc_init
 .text.ph_merge_two_pass
                0x10007bb0       0x90 CMakeFiles/lcd_pwm_demo.dir/D_/pico/pico-sdk/src/common/pico_util/pheap.c.obj
                0x10007bb0                ph_merge_two_pass
 .text.ph_remove_any_head
                0x10007c40       0xf8 CMakeFiles/lcd_pwm_demo.dir/D_/pico/pico-sdk/src/common/pico_util/pheap.c.obj
 .text.ph_remove_head
                0x10007d38       0xfc CMakeFiles/lcd_pwm_demo.dir/D_/pico/pico-sdk/src/common/pico_util/pheap.c.obj
                0x10007d38                ph_remove_head
 .text.ph_remove_and_free_node
                0x10007e34       0x7c CMakeFiles/lcd_pwm_demo.dir/D_/pico/pico-sdk/src/common/pico_util/pheap.c.obj
                0x10007e34                ph_remove_and_free_node
 .text.mutex_init
                0x10007eb0       0x1c CMakeFiles/lcd_pwm_demo.dir/D_/pico/pico-sdk/src/common/pico_sync/mutex.c.obj
                0x10007eb0                mutex_init
 .text.recursive_mutex_init
                0x10007ecc       0x1c CMakeFiles/lcd_pwm_demo.dir/D_/pico/pico-sdk/src/common/pico_sync/mutex.c.obj
                0x10007ecc                recursive_mutex_init
 .text.critical_section_init
                0x10007ee8       0x20 CMakeFiles/lcd_pwm_demo.dir/D_/pico/pico-sdk/src/common/pico_sync/critical_section.c.obj
                0x10007ee8                critical_section_init
 .text.pll_init
                0x10007f08       0xb0 CMakeFiles/lcd_pwm_demo.dir/D_/pico/pico-sdk/src/rp2_common/hardware_pll/pll.c.obj
                0x10007f08                pll_init
 .text.watchdog_start_tick
                0x10007fb8       0x10 CMakeFiles/lcd_pwm_demo.dir/D_/pico/pico-sdk/src/rp2_common/hardware_watchdog/watchdog.c.obj
                0x10007fb8                watchdog_start_tick
 .text.watchdog_reboot
                0x10007fc8       0x98 CMakeFiles/lcd_pwm_demo.dir/D_/pico/pico-sdk/src/rp2_common/hardware_watchdog/watchdog.c.obj
                0x10007fc8                watchdog_reboot
 .text.xosc_init
                0x10008060       0x28 CMakeFiles/lcd_pwm_demo.dir/D_/pico/pico-sdk/src/rp2_common/hardware_xosc/xosc.c.obj
                0x10008060                xosc_init
 .text.runtime_init
                0x10008088       0xf0 CMakeFiles/lcd_pwm_demo.dir/D_/pico/pico-sdk/src/rp2_common/pico_runtime/runtime.c.obj
                0x10008088                runtime_init
 .text.exit     0x10008178        0x4 CMakeFiles/lcd_pwm_demo.dir/D_/pico/pico-sdk/src/rp2_common/pico_runtime/runtime.c.obj
                0x10008178                exit
 .text.panic    0x1000817c       0x30 CMakeFiles/lcd_pwm_demo.dir/D_/pico/pico-sdk/src/rp2_common/pico_runtime/runtime.c.obj
                0x1000817c                panic
 .text.hard_assertion_failure
                0x100081ac        0xc CMakeFiles/lcd_pwm_demo.dir/D_/pico/pico-sdk/src/rp2_common/pico_runtime/runtime.c.obj
                0x100081ac                hard_assertion_failure
 .text._out_buffer
                0x100081b8        0x8 CMakeFiles/lcd_pwm_demo.dir/D_/pico/pico-sdk/src/rp2_common/pico_printf/printf.c.obj
 .text._out_null
                0x100081c0        0x4 CMakeFiles/lcd_pwm_demo.dir/D_/pico/pico-sdk/src/rp2_common/pico_printf/printf.c.obj
 .text._out_rev
                0x100081c4       0x9c CMakeFiles/lcd_pwm_demo.dir/D_/pico/pico-sdk/src/rp2_common/pico_printf/printf.c.obj
 .text._ntoa_format
                0x10008260      0x1cc CMakeFiles/lcd_pwm_demo.dir/D_/pico/pico-sdk/src/rp2_common/pico_printf/printf.c.obj
 .text._out_char
                0x1000842c       0x10 CMakeFiles/lcd_pwm_demo.dir/D_/pico/pico-sdk/src/rp2_common/pico_printf/printf.c.obj
 .text._out_fct
                0x1000843c       0x10 CMakeFiles/lcd_pwm_demo.dir/D_/pico/pico-sdk/src/rp2_common/pico_printf/printf.c.obj
 .text._etoa    0x1000844c      0x44c CMakeFiles/lcd_pwm_demo.dir/D_/pico/pico-sdk/src/rp2_common/pico_printf/printf.c.obj
 .text._ftoa    0x10008898      0x398 CMakeFiles/lcd_pwm_demo.dir/D_/pico/pico-sdk/src/rp2_common/pico_printf/printf.c.obj
 .text._vsnprintf
                0x10008c30      0xb04 CMakeFiles/lcd_pwm_demo.dir/D_/pico/pico-sdk/src/rp2_common/pico_printf/printf.c.obj
 .text.__wrap_sprintf
                0x10009734       0x28 CMakeFiles/lcd_pwm_demo.dir/D_/pico/pico-sdk/src/rp2_common/pico_printf/printf.c.obj
                0x10009734                __wrap_sprintf
 .text.vfctprintf
                0x1000975c       0x20 CMakeFiles/lcd_pwm_demo.dir/D_/pico/pico-sdk/src/rp2_common/pico_printf/printf.c.obj
                0x1000975c                vfctprintf
 .text.weak_raw_vprintf
                0x1000977c       0x30 CMakeFiles/lcd_pwm_demo.dir/D_/pico/pico-sdk/src/rp2_common/pico_printf/printf.c.obj
                0x1000977c                weak_raw_vprintf
 .text          0x100097ac       0x10 CMakeFiles/lcd_pwm_demo.dir/D_/pico/pico-sdk/src/rp2_common/pico_bit_ops/bit_ops_aeabi.S.obj
 .text.rom_func_lookup
                0x100097bc       0x10 CMakeFiles/lcd_pwm_demo.dir/D_/pico/pico-sdk/src/rp2_common/pico_bootrom/bootrom.c.obj
                0x100097bc                rom_func_lookup
 .text.rom_data_lookup
                0x100097cc       0x10 CMakeFiles/lcd_pwm_demo.dir/D_/pico/pico-sdk/src/rp2_common/pico_bootrom/bootrom.c.obj
                0x100097cc                rom_data_lookup
 .text.rom_funcs_lookup
                0x100097dc       0x44 CMakeFiles/lcd_pwm_demo.dir/D_/pico/pico-sdk/src/rp2_common/pico_bootrom/bootrom.c.obj
                0x100097dc                rom_funcs_lookup
 .text.__wrap___aeabi_idiv
                0x10009820       0x50 CMakeFiles/lcd_pwm_demo.dir/D_/pico/pico-sdk/src/rp2_common/pico_divider/divider.S.obj
                0x10009820                __wrap___aeabi_idivmod
                0x10009820                divmod_s32s32
                0x10009820                div_s32s32
                0x10009820                __wrap___aeabi_idiv
                0x10009828                divmod_s32s32_unsafe
                0x10009854                divmod_s32s32_savestate
 .text.__wrap___aeabi_uidiv
                0x10009870       0x4c CMakeFiles/lcd_pwm_demo.dir/D_/pico/pico-sdk/src/rp2_common/pico_divider/divider.S.obj
                0x10009870                __wrap___aeabi_uidiv
                0x10009870                __wrap___aeabi_uidivmod
                0x10009870                div_u32u32
                0x10009870                divmod_u32u32
                0x10009878                divmod_u32u32_unsafe
                0x100098a0                divmod_u32u32_savestate
 .text.__wrap___aeabi_ldiv
                0x100098bc      0x434 CMakeFiles/lcd_pwm_demo.dir/D_/pico/pico-sdk/src/rp2_common/pico_divider/divider.S.obj
                0x100098bc                div_s64s64
                0x100098bc                divmod_s64s64
                0x100098bc                __wrap___aeabi_ldivmod
                0x100098f4                divmod_u64u64
                0x100098f4                div_u64u64
                0x100098f4                __wrap___aeabi_uldivmod
                0x10009904                divmod_u64u64_savestate
                0x1000992c                divmod_s64s64_unsafe
                0x100099b4                divmod_u64u64_unsafe
 .text.__wrap___aeabi_darithmetic
                0x10009cf0       0x80 CMakeFiles/lcd_pwm_demo.dir/D_/pico/pico-sdk/src/rp2_common/pico_double/double_aeabi.S.obj
                0x10009cf0                __wrap___aeabi_drsub
                0x10009cf6                __wrap___aeabi_dsub
                0x10009d08                __wrap___aeabi_dadd
                0x10009d1a                __wrap___aeabi_ddiv
                0x10009d56                __wrap___aeabi_dmul
 .text.__wrap___aeabi_cdcmple
                0x10009d70       0x6c CMakeFiles/lcd_pwm_demo.dir/D_/pico/pico-sdk/src/rp2_common/pico_double/double_aeabi.S.obj
                0x10009d70                __wrap___aeabi_cdrcmple
                0x10009d80                __wrap___aeabi_cdcmpeq
                0x10009d80                __wrap___aeabi_cdcmple
 .text.__wrap___aeabi_dcmplt
                0x10009ddc        0xc CMakeFiles/lcd_pwm_demo.dir/D_/pico/pico-sdk/src/rp2_common/pico_double/double_aeabi.S.obj
                0x10009ddc                __wrap___aeabi_dcmplt
 .text.__wrap___aeabi_dcmple
                0x10009de8       0x10 CMakeFiles/lcd_pwm_demo.dir/D_/pico/pico-sdk/src/rp2_common/pico_double/double_aeabi.S.obj
                0x10009de8                __wrap___aeabi_dcmple
 .text.__wrap___aeabi_dcmpge
                0x10009df8       0x10 CMakeFiles/lcd_pwm_demo.dir/D_/pico/pico-sdk/src/rp2_common/pico_double/double_aeabi.S.obj
                0x10009df8                __wrap___aeabi_dcmpge
 .text.__wrap___aeabi_dcmpgt
                0x10009e08        0xa CMakeFiles/lcd_pwm_demo.dir/D_/pico/pico-sdk/src/rp2_common/pico_double/double_aeabi.S.obj
                0x10009e08                __wrap___aeabi_dcmpgt
 .text.__wrap___aeabi_dcmpun
                0x10009e12       0x1c CMakeFiles/lcd_pwm_demo.dir/D_/pico/pico-sdk/src/rp2_common/pico_double/double_aeabi.S.obj
                0x10009e12                __wrap___aeabi_dcmpun
 *fill*         0x10009e2e        0x2 
 .text.__wrap___aeabi_i2d
                0x10009e30       0x38 CMakeFiles/lcd_pwm_demo.dir/D_/pico/pico-sdk/src/rp2_common/pico_double/double_aeabi.S.obj
                0x10009e30                __wrap___aeabi_ui2d
                0x10009e38                __wrap___aeabi_i2d
 .text.__wrap___aeabi_d2iz
                0x10009e68       0x48 CMakeFiles/lcd_pwm_demo.dir/D_/pico/pico-sdk/src/rp2_common/pico_double/double_aeabi.S.obj
                0x10009e68                double2int_z
                0x10009e68                __wrap___aeabi_d2iz
 .text.__wrap___aeabi_d2uiz
                0x10009eb0       0x18 CMakeFiles/lcd_pwm_demo.dir/D_/pico/pico-sdk/src/rp2_common/pico_double/double_aeabi.S.obj
                0x10009eb0                __wrap___aeabi_d2uiz
                0x10009eb0                double2uint
 .text.__aeabi_double_init
                0x10009ec8       0x94 CMakeFiles/lcd_pwm_demo.dir/D_/pico/pico-sdk/src/rp2_common/pico_double/double_init_rom.c.obj
                0x10009ec8                __aeabi_double_init
 .text.double_table_shim_on_use_helper
                0x10009f5c       0x2c CMakeFiles/lcd_pwm_demo.dir/D_/pico/pico-sdk/src/rp2_common/pico_double/double_v1_rom_shim.S.obj
                0x10009f5c                double_table_shim_on_use_helper
 .text.__wrap___aeabi_dsub
                0x10009f88       0x10 CMakeFiles/lcd_pwm_demo.dir/D_/pico/pico-sdk/src/rp2_common/pico_double/double_v1_rom_shim.S.obj
                0x10009f88                drsub_shim
                0x10009f8e                dsub_shim
 .text.dadd_shim
                0x10009f98      0x15c CMakeFiles/lcd_pwm_demo.dir/D_/pico/pico-sdk/src/rp2_common/pico_double/double_v1_rom_shim.S.obj
                0x10009f98                dadd_shim
 .text.dmul_shim
                0x1000a0f4      0x15c CMakeFiles/lcd_pwm_demo.dir/D_/pico/pico-sdk/src/rp2_common/pico_double/double_v1_rom_shim.S.obj
                0x1000a0f4                dmul_shim
 .text.ddiv_shim
                0x1000a250      0x1b0 CMakeFiles/lcd_pwm_demo.dir/D_/pico/pico-sdk/src/rp2_common/pico_double/double_v1_rom_shim.S.obj
                0x1000a250                ddiv_shim
 .text.double2uint_shim
                0x1000a400        0xe CMakeFiles/lcd_pwm_demo.dir/D_/pico/pico-sdk/src/rp2_common/pico_double/double_v1_rom_shim.S.obj
                0x1000a400                double2uint_shim
                0x1000a402                double2ufix_shim
 *fill*         0x1000a40e        0x2 
 .text.double2uint64_shim
                0x1000a410       0x70 CMakeFiles/lcd_pwm_demo.dir/D_/pico/pico-sdk/src/rp2_common/pico_double/double_v1_rom_shim.S.obj
                0x1000a410                double2uint64_shim
                0x1000a412                double2ufix64_shim
                0x1000a432                d2fix_a
 .text.dunpacks
                0x1000a480       0x3c CMakeFiles/lcd_pwm_demo.dir/D_/pico/pico-sdk/src/rp2_common/pico_double/double_v1_rom_shim.S.obj
                0x1000a480                dunpacks
 .text.__aeabi_lmul
                0x1000a4bc       0x32 CMakeFiles/lcd_pwm_demo.dir/D_/pico/pico-sdk/src/rp2_common/pico_int64_ops/pico_int64_ops_aeabi.S.obj
                0x1000a4bc                __wrap___aeabi_lmul
 *fill*         0x1000a4ee        0x2 
 .text.__wrap___aeabi_farithmetic
                0x1000a4f0       0x48 CMakeFiles/lcd_pwm_demo.dir/D_/pico/pico-sdk/src/rp2_common/pico_float/float_aeabi.S.obj
                0x1000a4f0                __wrap___aeabi_frsub
                0x1000a4f6                __wrap___aeabi_fsub
                0x1000a4fc                __wrap___aeabi_fadd
                0x1000a502                __wrap___aeabi_fdiv
                0x1000a52a                __wrap___aeabi_fmul
 .text.__wrap___aeabi_ui2f
                0x1000a538        0xa CMakeFiles/lcd_pwm_demo.dir/D_/pico/pico-sdk/src/rp2_common/pico_float/float_aeabi.S.obj
                0x1000a538                __wrap___aeabi_ui2f
 *fill*         0x1000a542        0x2 
 .text.__wrap___aeabi_i2f
                0x1000a544       0x44 CMakeFiles/lcd_pwm_demo.dir/D_/pico/pico-sdk/src/rp2_common/pico_float/float_aeabi.S.obj
                0x1000a544                __wrap___aeabi_i2f
 .text.__wrap___aeabi_f2uiz
                0x1000a588        0xc CMakeFiles/lcd_pwm_demo.dir/D_/pico/pico-sdk/src/rp2_common/pico_float/float_aeabi.S.obj
                0x1000a588                __wrap___aeabi_f2uiz
 .text.__aeabi_float_init
                0x1000a594       0x64 CMakeFiles/lcd_pwm_demo.dir/D_/pico/pico-sdk/src/rp2_common/pico_float/float_init_rom.c.obj
                0x1000a594                __aeabi_float_init
 .text.float_table_shim_on_use_helper
                0x1000a5f8       0x2c CMakeFiles/lcd_pwm_demo.dir/D_/pico/pico-sdk/src/rp2_common/pico_float/float_v1_rom_shim.S.obj
                0x1000a5f8                float_table_shim_on_use_helper
 .text          0x1000a624       0x10 CMakeFiles/lcd_pwm_demo.dir/D_/pico/pico-sdk/src/rp2_common/pico_mem_ops/mem_ops_aeabi.S.obj
                0x1000a624                __aeabi_mem_init
 .text.memset   0x1000a634        0xc CMakeFiles/lcd_pwm_demo.dir/D_/pico/pico-sdk/src/rp2_common/pico_mem_ops/mem_ops_aeabi.S.obj
                0x1000a634                __wrap_memset
 .text.memcpy   0x1000a640        0xc CMakeFiles/lcd_pwm_demo.dir/D_/pico/pico-sdk/src/rp2_common/pico_mem_ops/mem_ops_aeabi.S.obj
                0x1000a640                __wrap_memcpy
                0x1000a640                __wrap___aeabi_memcpy
 .text.stdio_out_chars_no_crlf
                0x1000a64c       0x10 CMakeFiles/lcd_pwm_demo.dir/D_/pico/pico-sdk/src/rp2_common/pico_stdio/stdio.c.obj
 .text.stdio_out_chars_crlf
                0x1000a65c       0xb4 CMakeFiles/lcd_pwm_demo.dir/D_/pico/pico-sdk/src/rp2_common/pico_stdio/stdio.c.obj
 .text.stdio_buffered_printer
                0x1000a710       0x64 CMakeFiles/lcd_pwm_demo.dir/D_/pico/pico-sdk/src/rp2_common/pico_stdio/stdio.c.obj
 .text.stdio_put_string.isra.0
                0x1000a774       0xfc CMakeFiles/lcd_pwm_demo.dir/D_/pico/pico-sdk/src/rp2_common/pico_stdio/stdio.c.obj
 .text.__wrap_putchar
                0x1000a870       0xa0 CMakeFiles/lcd_pwm_demo.dir/D_/pico/pico-sdk/src/rp2_common/pico_stdio/stdio.c.obj
                0x1000a870                __wrap_putchar
 .text.__wrap_puts
                0x1000a910       0x3c CMakeFiles/lcd_pwm_demo.dir/D_/pico/pico-sdk/src/rp2_common/pico_stdio/stdio.c.obj
                0x1000a910                __wrap_puts
 .text.stdio_set_driver_enabled
                0x1000a94c       0x30 CMakeFiles/lcd_pwm_demo.dir/D_/pico/pico-sdk/src/rp2_common/pico_stdio/stdio.c.obj
                0x1000a94c                stdio_set_driver_enabled
 .text.__wrap_vprintf
                0x1000a97c       0xd8 CMakeFiles/lcd_pwm_demo.dir/D_/pico/pico-sdk/src/rp2_common/pico_stdio/stdio.c.obj
                0x1000a97c                __wrap_vprintf
 .text.__wrap_printf
                0x1000aa54       0x18 CMakeFiles/lcd_pwm_demo.dir/D_/pico/pico-sdk/src/rp2_common/pico_stdio/stdio.c.obj
                0x1000aa54                __wrap_printf
 .text.stdio_init_all
                0x1000aa6c        0x8 CMakeFiles/lcd_pwm_demo.dir/D_/pico/pico-sdk/src/rp2_common/pico_stdio/stdio.c.obj
                0x1000aa6c                stdio_init_all
 .text.resetd_init
                0x1000aa74        0x4 CMakeFiles/lcd_pwm_demo.dir/D_/pico/pico-sdk/src/rp2_common/pico_stdio_usb/reset_interface.c.obj
 .text.resetd_reset
                0x1000aa78        0xc CMakeFiles/lcd_pwm_demo.dir/D_/pico/pico-sdk/src/rp2_common/pico_stdio_usb/reset_interface.c.obj
 .text.resetd_open
                0x1000aa84       0x28 CMakeFiles/lcd_pwm_demo.dir/D_/pico/pico-sdk/src/rp2_common/pico_stdio_usb/reset_interface.c.obj
 .text.resetd_xfer_cb
                0x1000aaac        0x4 CMakeFiles/lcd_pwm_demo.dir/D_/pico/pico-sdk/src/rp2_common/pico_stdio_usb/reset_interface.c.obj
 .text.resetd_control_xfer_cb
                0x1000aab0       0x64 CMakeFiles/lcd_pwm_demo.dir/D_/pico/pico-sdk/src/rp2_common/pico_stdio_usb/reset_interface.c.obj
 .text.usbd_app_driver_get_cb
                0x1000ab14        0xc CMakeFiles/lcd_pwm_demo.dir/D_/pico/pico-sdk/src/rp2_common/pico_stdio_usb/reset_interface.c.obj
                0x1000ab14                usbd_app_driver_get_cb
 .text.tud_cdc_line_coding_cb
                0x1000ab20       0x34 CMakeFiles/lcd_pwm_demo.dir/D_/pico/pico-sdk/src/rp2_common/pico_stdio_usb/reset_interface.c.obj
                0x1000ab20                tud_cdc_line_coding_cb
 .text.stdio_usb_in_chars
                0x1000ab54       0x68 CMakeFiles/lcd_pwm_demo.dir/D_/pico/pico-sdk/src/rp2_common/pico_stdio_usb/stdio_usb.c.obj
                0x1000ab54                stdio_usb_in_chars
 .text.stdio_usb_out_chars
                0x1000abbc       0xe4 CMakeFiles/lcd_pwm_demo.dir/D_/pico/pico-sdk/src/rp2_common/pico_stdio_usb/stdio_usb.c.obj
 .text.timer_task
                0x1000aca0       0x18 CMakeFiles/lcd_pwm_demo.dir/D_/pico/pico-sdk/src/rp2_common/pico_stdio_usb/stdio_usb.c.obj
 .text.usb_irq  0x1000acb8       0x10 CMakeFiles/lcd_pwm_demo.dir/D_/pico/pico-sdk/src/rp2_common/pico_stdio_usb/stdio_usb.c.obj
 .text.low_priority_worker_irq
                0x1000acc8       0x24 CMakeFiles/lcd_pwm_demo.dir/D_/pico/pico-sdk/src/rp2_common/pico_stdio_usb/stdio_usb.c.obj
 .text.stdio_usb_init
                0x1000acec       0xb0 CMakeFiles/lcd_pwm_demo.dir/D_/pico/pico-sdk/src/rp2_common/pico_stdio_usb/stdio_usb.c.obj
                0x1000acec                stdio_usb_init
 .text.tud_descriptor_device_cb
                0x1000ad9c        0x8 CMakeFiles/lcd_pwm_demo.dir/D_/pico/pico-sdk/src/rp2_common/pico_stdio_usb/stdio_usb_descriptors.c.obj
                0x1000ad9c                tud_descriptor_device_cb
 .text.tud_descriptor_configuration_cb
                0x1000ada4        0x8 CMakeFiles/lcd_pwm_demo.dir/D_/pico/pico-sdk/src/rp2_common/pico_stdio_usb/stdio_usb_descriptors.c.obj
                0x1000ada4                tud_descriptor_configuration_cb
 .text.tud_descriptor_string_cb
                0x1000adac       0x74 CMakeFiles/lcd_pwm_demo.dir/D_/pico/pico-sdk/src/rp2_common/pico_stdio_usb/stdio_usb_descriptors.c.obj
                0x1000adac                tud_descriptor_string_cb
 .text.dcd_rp2040_irq
                0x1000ae20      0x21c CMakeFiles/lcd_pwm_demo.dir/D_/pico/pico-sdk/lib/tinyusb/src/portable/raspberrypi/rp2040/dcd_rp2040.c.obj
 .text.dcd_int_enable
                0x1000b03c        0xc CMakeFiles/lcd_pwm_demo.dir/D_/pico/pico-sdk/lib/tinyusb/src/portable/raspberrypi/rp2040/dcd_rp2040.c.obj
                0x1000b03c                dcd_int_enable
 .text.dcd_set_address
                0x1000b048       0x14 CMakeFiles/lcd_pwm_demo.dir/D_/pico/pico-sdk/lib/tinyusb/src/portable/raspberrypi/rp2040/dcd_rp2040.c.obj
                0x1000b048                dcd_set_address
 .text.dcd_connect
                0x1000b05c       0x10 CMakeFiles/lcd_pwm_demo.dir/D_/pico/pico-sdk/lib/tinyusb/src/portable/raspberrypi/rp2040/dcd_rp2040.c.obj
                0x1000b05c                dcd_connect
 .text.dcd_init
                0x1000b06c      0x144 CMakeFiles/lcd_pwm_demo.dir/D_/pico/pico-sdk/lib/tinyusb/src/portable/raspberrypi/rp2040/dcd_rp2040.c.obj
                0x1000b06c                dcd_init
 .text.dcd_edpt0_status_complete
                0x1000b1b0       0x1c CMakeFiles/lcd_pwm_demo.dir/D_/pico/pico-sdk/lib/tinyusb/src/portable/raspberrypi/rp2040/dcd_rp2040.c.obj
                0x1000b1b0                dcd_edpt0_status_complete
 .text.dcd_edpt_open
                0x1000b1cc       0xf0 CMakeFiles/lcd_pwm_demo.dir/D_/pico/pico-sdk/lib/tinyusb/src/portable/raspberrypi/rp2040/dcd_rp2040.c.obj
                0x1000b1cc                dcd_edpt_open
 .text.dcd_edpt_close_all
                0x1000b2bc       0xbc CMakeFiles/lcd_pwm_demo.dir/D_/pico/pico-sdk/lib/tinyusb/src/portable/raspberrypi/rp2040/dcd_rp2040.c.obj
                0x1000b2bc                dcd_edpt_close_all
 .text.dcd_edpt_xfer
                0x1000b378       0x24 CMakeFiles/lcd_pwm_demo.dir/D_/pico/pico-sdk/lib/tinyusb/src/portable/raspberrypi/rp2040/dcd_rp2040.c.obj
                0x1000b378                dcd_edpt_xfer
 .text.dcd_edpt_stall
                0x1000b39c       0x38 CMakeFiles/lcd_pwm_demo.dir/D_/pico/pico-sdk/lib/tinyusb/src/portable/raspberrypi/rp2040/dcd_rp2040.c.obj
                0x1000b39c                dcd_edpt_stall
 .text.dcd_edpt_clear_stall
                0x1000b3d4       0x30 CMakeFiles/lcd_pwm_demo.dir/D_/pico/pico-sdk/lib/tinyusb/src/portable/raspberrypi/rp2040/dcd_rp2040.c.obj
                0x1000b3d4                dcd_edpt_clear_stall
 .text._hw_endpoint_buffer_control_update32.part.0.isra.0
                0x1000b404       0x1c CMakeFiles/lcd_pwm_demo.dir/D_/pico/pico-sdk/lib/tinyusb/src/portable/raspberrypi/rp2040/rp2040_usb.c.obj
 .text.rp2040_usb_init
                0x1000b420       0x4c CMakeFiles/lcd_pwm_demo.dir/D_/pico/pico-sdk/lib/tinyusb/src/portable/raspberrypi/rp2040/rp2040_usb.c.obj
                0x1000b420                rp2040_usb_init
 .text.hw_endpoint_reset_transfer
                0x1000b46c        0xc CMakeFiles/lcd_pwm_demo.dir/D_/pico/pico-sdk/lib/tinyusb/src/portable/raspberrypi/rp2040/rp2040_usb.c.obj
                0x1000b46c                hw_endpoint_reset_transfer
 .text._hw_endpoint_buffer_control_update32
                0x1000b478       0x44 CMakeFiles/lcd_pwm_demo.dir/D_/pico/pico-sdk/lib/tinyusb/src/portable/raspberrypi/rp2040/rp2040_usb.c.obj
                0x1000b478                _hw_endpoint_buffer_control_update32
 .text.hw_endpoint_xfer_start
                0x1000b4bc      0x138 CMakeFiles/lcd_pwm_demo.dir/D_/pico/pico-sdk/lib/tinyusb/src/portable/raspberrypi/rp2040/rp2040_usb.c.obj
                0x1000b4bc                hw_endpoint_xfer_start
 .text.hw_endpoint_xfer_continue
                0x1000b5f4      0x1e4 CMakeFiles/lcd_pwm_demo.dir/D_/pico/pico-sdk/lib/tinyusb/src/portable/raspberrypi/rp2040/rp2040_usb.c.obj
                0x1000b5f4                hw_endpoint_xfer_continue
 .text.tud_mounted
                0x1000b7d8       0x10 CMakeFiles/lcd_pwm_demo.dir/D_/pico/pico-sdk/lib/tinyusb/src/device/usbd.c.obj
                0x1000b7d8                tud_mounted
 .text.tud_suspended
                0x1000b7e8       0x10 CMakeFiles/lcd_pwm_demo.dir/D_/pico/pico-sdk/lib/tinyusb/src/device/usbd.c.obj
                0x1000b7e8                tud_suspended
 .text.tud_inited
                0x1000b7f8        0xc CMakeFiles/lcd_pwm_demo.dir/D_/pico/pico-sdk/lib/tinyusb/src/device/usbd.c.obj
                0x1000b7f8                tud_inited
 .text.tud_init
                0x1000b804       0xd8 CMakeFiles/lcd_pwm_demo.dir/D_/pico/pico-sdk/lib/tinyusb/src/device/usbd.c.obj
                0x1000b804                tud_init
 .text.tud_task
                0x1000b8dc      0x8ec CMakeFiles/lcd_pwm_demo.dir/D_/pico/pico-sdk/lib/tinyusb/src/device/usbd.c.obj
                0x1000b8dc                tud_task
 .text.dcd_event_bus_signal
                0x1000c1c8      0x120 CMakeFiles/lcd_pwm_demo.dir/D_/pico/pico-sdk/lib/tinyusb/src/device/usbd.c.obj
                0x1000c1c8                dcd_event_bus_signal
 .text.dcd_event_bus_reset
                0x1000c2e8       0x54 CMakeFiles/lcd_pwm_demo.dir/D_/pico/pico-sdk/lib/tinyusb/src/device/usbd.c.obj
                0x1000c2e8                dcd_event_bus_reset
 .text.dcd_event_setup_received
                0x1000c33c       0x50 CMakeFiles/lcd_pwm_demo.dir/D_/pico/pico-sdk/lib/tinyusb/src/device/usbd.c.obj
                0x1000c33c                dcd_event_setup_received
 .text.dcd_event_xfer_complete
                0x1000c38c       0x68 CMakeFiles/lcd_pwm_demo.dir/D_/pico/pico-sdk/lib/tinyusb/src/device/usbd.c.obj
                0x1000c38c                dcd_event_xfer_complete
 .text.usbd_open_edpt_pair
                0x1000c3f4       0x80 CMakeFiles/lcd_pwm_demo.dir/D_/pico/pico-sdk/lib/tinyusb/src/device/usbd.c.obj
                0x1000c3f4                usbd_open_edpt_pair
 .text.usbd_edpt_open
                0x1000c474       0x30 CMakeFiles/lcd_pwm_demo.dir/D_/pico/pico-sdk/lib/tinyusb/src/device/usbd.c.obj
                0x1000c474                usbd_edpt_open
 .text.usbd_edpt_claim
                0x1000c4a4       0x64 CMakeFiles/lcd_pwm_demo.dir/D_/pico/pico-sdk/lib/tinyusb/src/device/usbd.c.obj
                0x1000c4a4                usbd_edpt_claim
 .text.usbd_edpt_release
                0x1000c508       0x4c CMakeFiles/lcd_pwm_demo.dir/D_/pico/pico-sdk/lib/tinyusb/src/device/usbd.c.obj
                0x1000c508                usbd_edpt_release
 .text.usbd_edpt_xfer
                0x1000c554       0x48 CMakeFiles/lcd_pwm_demo.dir/D_/pico/pico-sdk/lib/tinyusb/src/device/usbd.c.obj
                0x1000c554                usbd_edpt_xfer
 .text.tud_control_status
                0x1000c59c       0x30 CMakeFiles/lcd_pwm_demo.dir/D_/pico/pico-sdk/lib/tinyusb/src/device/usbd_control.c.obj
                0x1000c59c                tud_control_status
 .text.tud_control_xfer
                0x1000c5cc       0xbc CMakeFiles/lcd_pwm_demo.dir/D_/pico/pico-sdk/lib/tinyusb/src/device/usbd_control.c.obj
                0x1000c5cc                tud_control_xfer
 .text.usbd_control_reset
                0x1000c688       0x14 CMakeFiles/lcd_pwm_demo.dir/D_/pico/pico-sdk/lib/tinyusb/src/device/usbd_control.c.obj
                0x1000c688                usbd_control_reset
 .text.usbd_control_set_complete_callback
                0x1000c69c        0xc CMakeFiles/lcd_pwm_demo.dir/D_/pico/pico-sdk/lib/tinyusb/src/device/usbd_control.c.obj
                0x1000c69c                usbd_control_set_complete_callback
 .text.usbd_control_set_request
                0x1000c6a8       0x1c CMakeFiles/lcd_pwm_demo.dir/D_/pico/pico-sdk/lib/tinyusb/src/device/usbd_control.c.obj
                0x1000c6a8                usbd_control_set_request
 .text.usbd_control_xfer_cb
                0x1000c6c4       0xfc CMakeFiles/lcd_pwm_demo.dir/D_/pico/pico-sdk/lib/tinyusb/src/device/usbd_control.c.obj
                0x1000c6c4                usbd_control_xfer_cb
 .text.tud_cdc_n_connected
                0x1000c7c0       0x30 CMakeFiles/lcd_pwm_demo.dir/D_/pico/pico-sdk/lib/tinyusb/src/class/cdc/cdc_device.c.obj
                0x1000c7c0                tud_cdc_n_connected
 .text.tud_cdc_n_available
                0x1000c7f0       0x18 CMakeFiles/lcd_pwm_demo.dir/D_/pico/pico-sdk/lib/tinyusb/src/class/cdc/cdc_device.c.obj
                0x1000c7f0                tud_cdc_n_available
 .text.tud_cdc_n_read
                0x1000c808       0x70 CMakeFiles/lcd_pwm_demo.dir/D_/pico/pico-sdk/lib/tinyusb/src/class/cdc/cdc_device.c.obj
                0x1000c808                tud_cdc_n_read
 .text.tud_cdc_n_write_flush
                0x1000c878       0x78 CMakeFiles/lcd_pwm_demo.dir/D_/pico/pico-sdk/lib/tinyusb/src/class/cdc/cdc_device.c.obj
                0x1000c878                tud_cdc_n_write_flush
 .text.tud_cdc_n_write
                0x1000c8f0       0x34 CMakeFiles/lcd_pwm_demo.dir/D_/pico/pico-sdk/lib/tinyusb/src/class/cdc/cdc_device.c.obj
                0x1000c8f0                tud_cdc_n_write
 .text.tud_cdc_n_write_available
                0x1000c924       0x18 CMakeFiles/lcd_pwm_demo.dir/D_/pico/pico-sdk/lib/tinyusb/src/class/cdc/cdc_device.c.obj
                0x1000c924                tud_cdc_n_write_available
 .text.cdcd_init
                0x1000c93c       0x7c CMakeFiles/lcd_pwm_demo.dir/D_/pico/pico-sdk/lib/tinyusb/src/class/cdc/cdc_device.c.obj
                0x1000c93c                cdcd_init
 .text.cdcd_reset
                0x1000c9b8       0x2c CMakeFiles/lcd_pwm_demo.dir/D_/pico/pico-sdk/lib/tinyusb/src/class/cdc/cdc_device.c.obj
                0x1000c9b8                cdcd_reset
 .text.cdcd_open
                0x1000c9e4       0xe4 CMakeFiles/lcd_pwm_demo.dir/D_/pico/pico-sdk/lib/tinyusb/src/class/cdc/cdc_device.c.obj
                0x1000c9e4                cdcd_open
 .text.cdcd_control_xfer_cb
                0x1000cac8       0xe4 CMakeFiles/lcd_pwm_demo.dir/D_/pico/pico-sdk/lib/tinyusb/src/class/cdc/cdc_device.c.obj
                0x1000cac8                cdcd_control_xfer_cb
 .text.cdcd_xfer_cb
                0x1000cbac      0x148 CMakeFiles/lcd_pwm_demo.dir/D_/pico/pico-sdk/lib/tinyusb/src/class/cdc/cdc_device.c.obj
                0x1000cbac                cdcd_xfer_cb
 .text.tusb_init
                0x1000ccf4        0xc CMakeFiles/lcd_pwm_demo.dir/D_/pico/pico-sdk/lib/tinyusb/src/tusb.c.obj
                0x1000ccf4                tusb_init
 .text.tusb_inited
                0x1000cd00        0x8 CMakeFiles/lcd_pwm_demo.dir/D_/pico/pico-sdk/lib/tinyusb/src/tusb.c.obj
                0x1000cd00                tusb_inited
 .text.tu_edpt_validate
                0x1000cd08       0x78 CMakeFiles/lcd_pwm_demo.dir/D_/pico/pico-sdk/lib/tinyusb/src/tusb.c.obj
                0x1000cd08                tu_edpt_validate
 .text.tu_edpt_bind_driver
                0x1000cd80       0x2c CMakeFiles/lcd_pwm_demo.dir/D_/pico/pico-sdk/lib/tinyusb/src/tusb.c.obj
                0x1000cd80                tu_edpt_bind_driver
 .text.tu_fifo_config
                0x1000cdac       0x78 CMakeFiles/lcd_pwm_demo.dir/D_/pico/pico-sdk/lib/tinyusb/src/common/tusb_fifo.c.obj
                0x1000cdac                tu_fifo_config
 .text.tu_fifo_count
                0x1000ce24       0x20 CMakeFiles/lcd_pwm_demo.dir/D_/pico/pico-sdk/lib/tinyusb/src/common/tusb_fifo.c.obj
                0x1000ce24                tu_fifo_count
 .text.tu_fifo_empty
                0x1000ce44       0x10 CMakeFiles/lcd_pwm_demo.dir/D_/pico/pico-sdk/lib/tinyusb/src/common/tusb_fifo.c.obj
                0x1000ce44                tu_fifo_empty
 .text.tu_fifo_remaining
                0x1000ce54       0x1c CMakeFiles/lcd_pwm_demo.dir/D_/pico/pico-sdk/lib/tinyusb/src/common/tusb_fifo.c.obj
                0x1000ce54                tu_fifo_remaining
 .text.tu_fifo_read
                0x1000ce70       0x9c CMakeFiles/lcd_pwm_demo.dir/D_/pico/pico-sdk/lib/tinyusb/src/common/tusb_fifo.c.obj
                0x1000ce70                tu_fifo_read
 .text.tu_fifo_read_n
                0x1000cf0c      0x100 CMakeFiles/lcd_pwm_demo.dir/D_/pico/pico-sdk/lib/tinyusb/src/common/tusb_fifo.c.obj
                0x1000cf0c                tu_fifo_read_n
 .text.tu_fifo_write
                0x1000d00c       0x7c CMakeFiles/lcd_pwm_demo.dir/D_/pico/pico-sdk/lib/tinyusb/src/common/tusb_fifo.c.obj
                0x1000d00c                tu_fifo_write
 .text.tu_fifo_write_n
                0x1000d088      0x100 CMakeFiles/lcd_pwm_demo.dir/D_/pico/pico-sdk/lib/tinyusb/src/common/tusb_fifo.c.obj
                0x1000d088                tu_fifo_write_n
 .text.tu_fifo_clear
                0x1000d188       0x4c CMakeFiles/lcd_pwm_demo.dir/D_/pico/pico-sdk/lib/tinyusb/src/common/tusb_fifo.c.obj
                0x1000d188                tu_fifo_clear
 .text.tu_fifo_set_overwritable
                0x1000d1d4       0x3c CMakeFiles/lcd_pwm_demo.dir/D_/pico/pico-sdk/lib/tinyusb/src/common/tusb_fifo.c.obj
                0x1000d1d4                tu_fifo_set_overwritable
 .text.startup._retrieve_unique_id_on_boot
                0x1000d210       0x10 CMakeFiles/lcd_pwm_demo.dir/D_/pico/pico-sdk/src/rp2_common/pico_unique_id/unique_id.c.obj
 .text.pico_get_unique_board_id_string
                0x1000d220      0x1a8 CMakeFiles/lcd_pwm_demo.dir/D_/pico/pico-sdk/src/rp2_common/pico_unique_id/unique_id.c.obj
                0x1000d220                pico_get_unique_board_id_string
 .text.flash_get_unique_id
                0x1000d3c8       0x40 CMakeFiles/lcd_pwm_demo.dir/D_/pico/pico-sdk/src/rp2_common/hardware_flash/flash.c.obj
                0x1000d3c8                flash_get_unique_id
 .text.spi_init
                0x1000d408       0xf8 CMakeFiles/lcd_pwm_demo.dir/D_/pico/pico-sdk/src/rp2_common/hardware_spi/spi.c.obj
                0x1000d408                spi_init
 .text.spi_set_baudrate
                0x1000d500       0x94 CMakeFiles/lcd_pwm_demo.dir/D_/pico/pico-sdk/src/rp2_common/hardware_spi/spi.c.obj
                0x1000d500                spi_set_baudrate
 .text.strlen   0x1000d594       0x5c d:/tools/gcc-arm-none-eabi-10.3-2021.10/bin/../lib/gcc/arm-none-eabi/10.3.1/../../../../arm-none-eabi/lib/thumb/v6-m/nofp\libc.a(lib_a-strlen-stub.o)
                0x1000d594                strlen
 *(.fini)
 .fini          0x1000d5f0        0x4 d:/tools/gcc-arm-none-eabi-10.3-2021.10/bin/../lib/gcc/arm-none-eabi/10.3.1/thumb/v6-m/nofp/crti.o
                0x1000d5f0                _fini
 *fill*         0x1000d5f4        0x4 
 .fini.__stub   0x1000d5f8       0x80 linker stubs
 *crtbegin.o(.ctors)
 *crtbegin?.o(.ctors)
 *(EXCLUDE_FILE(*crtend.o *crtend?.o) .ctors)
 *(SORT_BY_NAME(.ctors.*))
 *(.ctors)
 *crtbegin.o(.dtors)
 *crtbegin?.o(.dtors)
 *(EXCLUDE_FILE(*crtend.o *crtend?.o) .dtors)
 *(SORT_BY_NAME(.dtors.*))
 *(.dtors)
 *(.eh_frame*)
 .eh_frame      0x1000d678        0x0 d:/tools/gcc-arm-none-eabi-10.3-2021.10/bin/../lib/gcc/arm-none-eabi/10.3.1/thumb/v6-m/nofp/crtbegin.o
                0x1000d678                . = ALIGN (0x4)

.glue_7         0x1000d678        0x0
 .glue_7        0x1000d678        0x0 linker stubs

.glue_7t        0x1000d678        0x0
 .glue_7t       0x1000d678        0x0 linker stubs

.vfp11_veneer   0x1000d678        0x0
 .vfp11_veneer  0x1000d678        0x0 linker stubs

.v4_bx          0x1000d678        0x0
 .v4_bx         0x1000d678        0x0 linker stubs

.iplt           0x1000d678        0x0
 .iplt          0x1000d678        0x0 d:/tools/gcc-arm-none-eabi-10.3-2021.10/bin/../lib/gcc/arm-none-eabi/10.3.1/thumb/v6-m/nofp/crtbegin.o

.rodata         0x1000d678     0x44ec
 *(EXCLUDE_FILE(*libm.a: *libc.a:*lib_a-mem*.o *libgcc.a:) .rodata*)
 .rodata.Storage_GetDirectoryBitmapFiles.str1.4
                0x1000d678        0x9 CMakeFiles/lcd_pwm_demo.dir/lib/fatfs/fatfs_storage.c.obj
 *fill*         0x1000d681        0x3 
 .rodata.follow_path.str1.4
                0x1000d684        0xf CMakeFiles/lcd_pwm_demo.dir/lib/fatfs/ff.c.obj
 *fill*         0x1000d693        0x1 
 .rodata.ExCvt  0x1000d694       0x80 CMakeFiles/lcd_pwm_demo.dir/lib/fatfs/ff.c.obj
 .rodata.Font8_Table
                0x1000d714      0x2f8 CMakeFiles/lcd_pwm_demo.dir/lib/font/font8.c.obj
                0x1000d714                Font8_Table
 .rodata.Font12_Table
                0x1000da0c      0x474 CMakeFiles/lcd_pwm_demo.dir/lib/font/font12.c.obj
                0x1000da0c                Font12_Table
 .rodata.Font16_Table
                0x1000de80      0xbe0 CMakeFiles/lcd_pwm_demo.dir/lib/font/font16.c.obj
                0x1000de80                Font16_Table
 .rodata.Font20_Table
                0x1000ea60      0xed8 CMakeFiles/lcd_pwm_demo.dir/lib/font/font20.c.obj
                0x1000ea60                Font20_Table
 .rodata.Font24_Table
                0x1000f938     0x1ab8 CMakeFiles/lcd_pwm_demo.dir/lib/font/font24.c.obj
                0x1000f938                Font24_Table
 .rodata.SD_Init.str1.4
                0x100113f0       0x62 CMakeFiles/lcd_pwm_demo.dir/lib/lcd/LCD_Bmp.c.obj
 *fill*         0x10011452        0x2 
 .rodata.LCD_Show_bmp.str1.4
                0x10011454       0x2f CMakeFiles/lcd_pwm_demo.dir/lib/lcd/LCD_Bmp.c.obj
                                 0x3b (size before relaxing)
 *fill*         0x10011483        0x1 
 .rodata.CSWTCH.9
                0x10011484        0xe CMakeFiles/lcd_pwm_demo.dir/lib/lcd/LCD_Driver.c.obj
 *fill*         0x10011492        0x2 
 .rodata.GUI_Showtime.str1.4
                0x10011494        0xb CMakeFiles/lcd_pwm_demo.dir/lib/lcd/LCD_GUI.c.obj
 *fill*         0x1001149f        0x1 
 .rodata.TP_GetAdFac.str1.4
                0x100114a0       0x43 CMakeFiles/lcd_pwm_demo.dir/lib/lcd/LCD_Touch.c.obj
 *fill*         0x100114e3        0x1 
 .rodata.TP_gesmain.str1.4
                0x100114e4       0x30 CMakeFiles/lcd_pwm_demo.dir/lib/lcd/LCD_Touch.c.obj
 .rodata.TP_gesvallist.str1.4
                0x10011514       0x2b CMakeFiles/lcd_pwm_demo.dir/lib/lcd/LCD_Touch.c.obj
 *fill*         0x1001153f        0x1 
 .rodata.TP_gessensor.str1.4
                0x10011540       0x1d CMakeFiles/lcd_pwm_demo.dir/lib/lcd/LCD_Touch.c.obj
 *fill*         0x1001155d        0x3 
 .rodata.TP_gessetting.str1.4
                0x10011560       0x14 CMakeFiles/lcd_pwm_demo.dir/lib/lcd/LCD_Touch.c.obj
 .rodata.TP_gesmpresultstart.str1.4
                0x10011574       0x28 CMakeFiles/lcd_pwm_demo.dir/lib/lcd/LCD_Touch.c.obj
 .rodata.TP_DrawBoard.str1.4
                0x1001159c        0xa CMakeFiles/lcd_pwm_demo.dir/lib/lcd/LCD_Touch.c.obj
 *fill*         0x100115a6        0x2 
 .rodata.str1.4
                0x100115a8       0xa0 CMakeFiles/lcd_pwm_demo.dir/lib/lcd/LCD_Touch.c.obj
 .rodata.spin_lock_claim_unused.str1.4
                0x10011648       0x1b CMakeFiles/lcd_pwm_demo.dir/D_/pico/pico-sdk/src/rp2_common/hardware_sync/sync.c.obj
 *fill*         0x10011663        0x1 
 .rodata.user_irq_claim_unused.str1.4
                0x10011664       0x1b CMakeFiles/lcd_pwm_demo.dir/D_/pico/pico-sdk/src/rp2_common/hardware_irq/irq.c.obj
 *fill*         0x1001167f        0x1 
 .rodata.hardware_alarm_claim.str1.4
                0x10011680       0x22 CMakeFiles/lcd_pwm_demo.dir/D_/pico/pico-sdk/src/rp2_common/hardware_timer/timer.c.obj
 *fill*         0x100116a2        0x2 
 .rodata.panic.str1.4
                0x100116a4       0x10 CMakeFiles/lcd_pwm_demo.dir/D_/pico/pico-sdk/src/rp2_common/pico_runtime/runtime.c.obj
                                 0x12 (size before relaxing)
 .rodata.hard_assertion_failure.str1.4
                0x100116b4        0xc CMakeFiles/lcd_pwm_demo.dir/D_/pico/pico-sdk/src/rp2_common/pico_runtime/runtime.c.obj
 .rodata._ftoa.str1.4
                0x100116c0       0x15 CMakeFiles/lcd_pwm_demo.dir/D_/pico/pico-sdk/src/rp2_common/pico_printf/printf.c.obj
 *fill*         0x100116d5        0x3 
 .rodata._vsnprintf
                0x100116d8      0x1e0 CMakeFiles/lcd_pwm_demo.dir/D_/pico/pico-sdk/src/rp2_common/pico_printf/printf.c.obj
 .rodata.pow10.0
                0x100118b8       0x50 CMakeFiles/lcd_pwm_demo.dir/D_/pico/pico-sdk/src/rp2_common/pico_printf/printf.c.obj
 .rodata.str1.4
                0x10011908       0x44 CMakeFiles/lcd_pwm_demo.dir/D_/pico/pico-sdk/src/rp2_common/pico_standard_link/binary_info.c.obj
 .rodata.__bi_44
                0x1001194c        0xc CMakeFiles/lcd_pwm_demo.dir/D_/pico/pico-sdk/src/rp2_common/pico_standard_link/binary_info.c.obj
 .rodata.__bi_75
                0x10011958        0xc CMakeFiles/lcd_pwm_demo.dir/D_/pico/pico-sdk/src/rp2_common/pico_standard_link/binary_info.c.obj
 .rodata.__bi_81
                0x10011964        0xc CMakeFiles/lcd_pwm_demo.dir/D_/pico/pico-sdk/src/rp2_common/pico_standard_link/binary_info.c.obj
 .rodata.crlf_str.0
                0x10011970        0x2 CMakeFiles/lcd_pwm_demo.dir/D_/pico/pico-sdk/src/rp2_common/pico_stdio/stdio.c.obj
 *fill*         0x10011972        0x2 
 .rodata._resetd_driver
                0x10011974       0x18 CMakeFiles/lcd_pwm_demo.dir/D_/pico/pico-sdk/src/rp2_common/pico_stdio_usb/reset_interface.c.obj
 .rodata.str1.4
                0x1001198c       0x13 CMakeFiles/lcd_pwm_demo.dir/D_/pico/pico-sdk/src/rp2_common/pico_stdio_usb/stdio_usb.c.obj
 *fill*         0x1001199f        0x1 
 .rodata.__bi_118.0
                0x100119a0        0xc CMakeFiles/lcd_pwm_demo.dir/D_/pico/pico-sdk/src/rp2_common/pico_stdio_usb/stdio_usb.c.obj
 .rodata.str1.4
                0x100119ac       0x2a CMakeFiles/lcd_pwm_demo.dir/D_/pico/pico-sdk/src/rp2_common/pico_stdio_usb/stdio_usb_descriptors.c.obj
 *fill*         0x100119d6        0x2 
 .rodata.usbd_desc_cfg
                0x100119d8       0x54 CMakeFiles/lcd_pwm_demo.dir/D_/pico/pico-sdk/src/rp2_common/pico_stdio_usb/stdio_usb_descriptors.c.obj
 .rodata.usbd_desc_device
                0x10011a2c       0x12 CMakeFiles/lcd_pwm_demo.dir/D_/pico/pico-sdk/src/rp2_common/pico_stdio_usb/stdio_usb_descriptors.c.obj
 *fill*         0x10011a3e        0x2 
 .rodata.usbd_desc_str
                0x10011a40       0x18 CMakeFiles/lcd_pwm_demo.dir/D_/pico/pico-sdk/src/rp2_common/pico_stdio_usb/stdio_usb_descriptors.c.obj
 .rodata.dcd_rp2040_irq.str1.4
                0x10011a58       0x14 CMakeFiles/lcd_pwm_demo.dir/D_/pico/pico-sdk/lib/tinyusb/src/portable/raspberrypi/rp2040/dcd_rp2040.c.obj
 .rodata._hw_endpoint_buffer_control_update32.part.0.isra.0.str1.4
                0x10011a6c       0x1f CMakeFiles/lcd_pwm_demo.dir/D_/pico/pico-sdk/lib/tinyusb/src/portable/raspberrypi/rp2040/rp2040_usb.c.obj
 *fill*         0x10011a8b        0x1 
 .rodata.hw_endpoint_xfer_continue.str1.4
                0x10011a8c       0x29 CMakeFiles/lcd_pwm_demo.dir/D_/pico/pico-sdk/lib/tinyusb/src/portable/raspberrypi/rp2040/rp2040_usb.c.obj
 *fill*         0x10011ab5        0x3 
 .rodata.str1.4
                0x10011ab8        0x7 CMakeFiles/lcd_pwm_demo.dir/D_/pico/pico-sdk/lib/tinyusb/src/portable/raspberrypi/rp2040/rp2040_usb.c.obj
 *fill*         0x10011abf        0x1 
 .rodata.tud_task
                0x10011ac0       0x8c CMakeFiles/lcd_pwm_demo.dir/D_/pico/pico-sdk/lib/tinyusb/src/device/usbd.c.obj
 .rodata._usbd_driver
                0x10011b4c       0x18 CMakeFiles/lcd_pwm_demo.dir/D_/pico/pico-sdk/lib/tinyusb/src/device/usbd.c.obj
                0x10011b64                . = ALIGN (0x4)
 *(SORT_BY_ALIGNMENT(SORT_BY_NAME(.flashdata*)))
                0x10011b64                . = ALIGN (0x4)

.rel.dyn        0x10011b64        0x0
 .rel.iplt      0x10011b64        0x0 d:/tools/gcc-arm-none-eabi-10.3-2021.10/bin/../lib/gcc/arm-none-eabi/10.3.1/thumb/v6-m/nofp/crtbegin.o

.ARM.extab
 *(.ARM.extab* .gnu.linkonce.armextab.*)
                0x10011b64                __exidx_start = .

.ARM.exidx
 *(.ARM.exidx* .gnu.linkonce.armexidx.*)
                0x10011b64                __exidx_end = .
                0x10011b64                . = ALIGN (0x4)
                0x10011b64                __binary_info_start = .

.binary_info    0x10011b64       0x20
 *(.binary_info.keep.*)
 .binary_info.keep.__bi_ptr22
                0x10011b64        0x4 CMakeFiles/lcd_pwm_demo.dir/D_/pico/pico-sdk/src/rp2_common/pico_standard_link/binary_info.c.obj
 .binary_info.keep.__bi_ptr30
                0x10011b68        0x4 CMakeFiles/lcd_pwm_demo.dir/D_/pico/pico-sdk/src/rp2_common/pico_standard_link/binary_info.c.obj
 .binary_info.keep.__bi_ptr38
                0x10011b6c        0x4 CMakeFiles/lcd_pwm_demo.dir/D_/pico/pico-sdk/src/rp2_common/pico_standard_link/binary_info.c.obj
 .binary_info.keep.__bi_ptr44
                0x10011b70        0x4 CMakeFiles/lcd_pwm_demo.dir/D_/pico/pico-sdk/src/rp2_common/pico_standard_link/binary_info.c.obj
 .binary_info.keep.__bi_ptr50
                0x10011b74        0x4 CMakeFiles/lcd_pwm_demo.dir/D_/pico/pico-sdk/src/rp2_common/pico_standard_link/binary_info.c.obj
 .binary_info.keep.__bi_ptr75
                0x10011b78        0x4 CMakeFiles/lcd_pwm_demo.dir/D_/pico/pico-sdk/src/rp2_common/pico_standard_link/binary_info.c.obj
 .binary_info.keep.__bi_ptr81
                0x10011b7c        0x4 CMakeFiles/lcd_pwm_demo.dir/D_/pico/pico-sdk/src/rp2_common/pico_standard_link/binary_info.c.obj
 *(.binary_info.*)
 .binary_info.__bi_ptr118
                0x10011b80        0x4 CMakeFiles/lcd_pwm_demo.dir/D_/pico/pico-sdk/src/rp2_common/pico_stdio_usb/stdio_usb.c.obj
                0x10011b84                __binary_info_end = .
                0x10011b84                . = ALIGN (0x4)
                0x10011b84                __etext = .

.ram_vector_table
                0x20000000       0xc0
 *(.ram_vector_table)
 .ram_vector_table
                0x20000000       0xc0 CMakeFiles/lcd_pwm_demo.dir/D_/pico/pico-sdk/src/rp2_common/pico_runtime/runtime.c.obj
                0x20000000                ram_vector_table

.data           0x200000c0      0x4b4 load address 0x10011b84
                0x200000c0                __data_start__ = .
 *(vtable)
 *(.time_critical*)
 .time_critical.mutex_enter_blocking
                0x200000c0       0x48 CMakeFiles/lcd_pwm_demo.dir/D_/pico/pico-sdk/src/common/pico_sync/mutex.c.obj
                0x200000c0                mutex_enter_blocking
 .time_critical.mutex_try_enter
                0x20000108       0x44 CMakeFiles/lcd_pwm_demo.dir/D_/pico/pico-sdk/src/common/pico_sync/mutex.c.obj
                0x20000108                mutex_try_enter
 .time_critical.mutex_enter_timeout_ms
                0x2000014c       0xa0 CMakeFiles/lcd_pwm_demo.dir/D_/pico/pico-sdk/src/common/pico_sync/mutex.c.obj
                0x2000014c                mutex_enter_timeout_ms
 .time_critical.mutex_exit
                0x200001ec       0x28 CMakeFiles/lcd_pwm_demo.dir/D_/pico/pico-sdk/src/common/pico_sync/mutex.c.obj
                0x200001ec                mutex_exit
 .time_critical.flash_init_boot2_copyout
                0x20000214       0x30 CMakeFiles/lcd_pwm_demo.dir/D_/pico/pico-sdk/src/rp2_common/hardware_flash/flash.c.obj
 .time_critical.flash_enable_xip_via_boot2
                0x20000244       0x10 CMakeFiles/lcd_pwm_demo.dir/D_/pico/pico-sdk/src/rp2_common/hardware_flash/flash.c.obj
 .time_critical.flash_cs_force
                0x20000254       0x38 CMakeFiles/lcd_pwm_demo.dir/D_/pico/pico-sdk/src/rp2_common/hardware_flash/flash.c.obj
 .time_critical.flash_do_cmd
                0x2000028c       0xc4 CMakeFiles/lcd_pwm_demo.dir/D_/pico/pico-sdk/src/rp2_common/hardware_flash/flash.c.obj
                0x2000028c                flash_do_cmd
 .time_critical.spi_write_read_blocking
                0x20000350       0x74 CMakeFiles/lcd_pwm_demo.dir/D_/pico/pico-sdk/src/rp2_common/hardware_spi/spi.c.obj
                0x20000350                spi_write_read_blocking
 *(.text*)
 .text          0x200003c4        0x4 d:/tools/gcc-arm-none-eabi-10.3-2021.10/bin/../lib/gcc/arm-none-eabi/10.3.1/thumb/v6-m/nofp\libgcc.a(_dvmd_tls.o)
                0x200003c4                __aeabi_idiv0
                0x200003c4                __aeabi_ldiv0
 .text.__stub   0x200003c8       0x30 linker stubs
                0x200003f8                . = ALIGN (0x4)
 *(.rodata*)
                0x200003f8                . = ALIGN (0x4)
 *(.data*)
 .data.Font8    0x200003f8        0x8 CMakeFiles/lcd_pwm_demo.dir/lib/font/font8.c.obj
                0x200003f8                Font8
 .data.Font12   0x20000400        0x8 CMakeFiles/lcd_pwm_demo.dir/lib/font/font12.c.obj
                0x20000400                Font12
 .data.Font16   0x20000408        0x8 CMakeFiles/lcd_pwm_demo.dir/lib/font/font16.c.obj
                0x20000408                Font16
 .data.Font20   0x20000410        0x8 CMakeFiles/lcd_pwm_demo.dir/lib/font/font20.c.obj
                0x20000410                Font20
 .data.Font24   0x20000418        0x8 CMakeFiles/lcd_pwm_demo.dir/lib/font/font24.c.obj
                0x20000418                Font24
 .data.id       0x20000420        0x1 CMakeFiles/lcd_pwm_demo.dir/lib/lcd/LCD_Driver.c.obj
                0x20000420                id
 *fill*         0x20000421        0x3 
 .data.kitno    0x20000424       0x10 CMakeFiles/lcd_pwm_demo.dir/lib/lcd/LCD_Touch.c.obj
                0x20000424                kitno
 .data.reday    0x20000434       0x10 CMakeFiles/lcd_pwm_demo.dir/lib/lcd/LCD_Touch.c.obj
                0x20000434                reday
 .data.reml     0x20000444       0x10 CMakeFiles/lcd_pwm_demo.dir/lib/lcd/LCD_Touch.c.obj
                0x20000444                reml
 .data.reppm    0x20000454       0x10 CMakeFiles/lcd_pwm_demo.dir/lib/lcd/LCD_Touch.c.obj
                0x20000454                reppm
 .data.retime   0x20000464       0x10 CMakeFiles/lcd_pwm_demo.dir/lib/lcd/LCD_Touch.c.obj
                0x20000464                retime
 .data.ycur     0x20000474        0x4 CMakeFiles/lcd_pwm_demo.dir/lib/lcd/LCD_Touch.c.obj
                0x20000474                ycur
 .data.striped_spin_lock_num
                0x20000478        0x1 CMakeFiles/lcd_pwm_demo.dir/D_/pico/pico-sdk/src/rp2_common/hardware_sync/sync.c.obj
 *fill*         0x20000479        0x3 
 .data          0x2000047c       0x48 CMakeFiles/lcd_pwm_demo.dir/D_/pico/pico-sdk/src/rp2_common/hardware_irq/irq_handler_chain.S.obj
                0x2000047c                irq_handler_chain_slots
                0x200004ac                irq_handler_chain_first_slot
                0x200004b6                irq_handler_chain_remove_tail
 .data.default_alarm_pool
                0x200004c4       0x18 CMakeFiles/lcd_pwm_demo.dir/D_/pico/pico-sdk/src/common/pico_time/time.c.obj
 .data.default_alarm_pool_heap
                0x200004dc       0x10 CMakeFiles/lcd_pwm_demo.dir/D_/pico/pico-sdk/src/common/pico_time/time.c.obj
 *fill*         0x200004ec        0x4 
 .data.aeabi_bits_funcs
                0x200004f0       0x10 CMakeFiles/lcd_pwm_demo.dir/D_/pico/pico-sdk/src/rp2_common/pico_bit_ops/bit_ops_aeabi.S.obj
                0x200004f0                aeabi_bits_funcs
                0x20000500                aeabi_bits_funcs_end
 .data.aeabi_mem_funcs
                0x20000500       0x10 CMakeFiles/lcd_pwm_demo.dir/D_/pico/pico-sdk/src/rp2_common/pico_mem_ops/mem_ops_aeabi.S.obj
                0x20000500                aeabi_mem_funcs
                0x20000510                aeabi_mem_funcs_end
 .data.stdio_usb
                0x20000510       0x14 CMakeFiles/lcd_pwm_demo.dir/D_/pico/pico-sdk/src/rp2_common/pico_stdio_usb/stdio_usb.c.obj
                0x20000510                stdio_usb
 .data.ep_dir_string
                0x20000524        0x8 CMakeFiles/lcd_pwm_demo.dir/D_/pico/pico-sdk/lib/tinyusb/src/portable/raspberrypi/rp2040/rp2040_usb.c.obj
                0x20000524                ep_dir_string
 .data._usbd_qdef
                0x2000052c       0x24 CMakeFiles/lcd_pwm_demo.dir/D_/pico/pico-sdk/lib/tinyusb/src/device/usbd.c.obj
                0x2000052c                _usbd_qdef
                0x20000550                . = ALIGN (0x4)
 *(.after_data.*)
                0x20000550                . = ALIGN (0x4)
                0x20000550                PROVIDE (__mutex_array_start = .)
 *(SORT_BY_NAME(.mutex_array.*))
 *(.mutex_array)
 .mutex_array   0x20000550        0x8 CMakeFiles/lcd_pwm_demo.dir/D_/pico/pico-sdk/src/rp2_common/pico_stdio/stdio.c.obj
                0x20000558                PROVIDE (__mutex_array_end = .)
                0x20000558                . = ALIGN (0x4)
                0x20000558                PROVIDE (__preinit_array_start = .)
 *(SORT_BY_NAME(.preinit_array.*))
 .preinit_array.00001
                0x20000558        0x4 CMakeFiles/lcd_pwm_demo.dir/D_/pico/pico-sdk/src/rp2_common/pico_mem_ops/mem_ops_aeabi.S.obj
 .preinit_array.00010
                0x2000055c        0x4 CMakeFiles/lcd_pwm_demo.dir/D_/pico/pico-sdk/src/rp2_common/pico_bit_ops/bit_ops_aeabi.S.obj
 .preinit_array.00020
                0x20000560        0x4 CMakeFiles/lcd_pwm_demo.dir/D_/pico/pico-sdk/src/rp2_common/pico_double/double_aeabi.S.obj
 .preinit_array.00020
                0x20000564        0x4 CMakeFiles/lcd_pwm_demo.dir/D_/pico/pico-sdk/src/rp2_common/pico_float/float_aeabi.S.obj
 *(.preinit_array)
                0x20000568                PROVIDE (__preinit_array_end = .)
                0x20000568                . = ALIGN (0x4)
                0x20000568                PROVIDE (__init_array_start = .)
 *(SORT_BY_NAME(.init_array.*))
 *(.init_array)
 .init_array    0x20000568        0x4 d:/tools/gcc-arm-none-eabi-10.3-2021.10/bin/../lib/gcc/arm-none-eabi/10.3.1/thumb/v6-m/nofp/crtbegin.o
 .init_array    0x2000056c        0x4 CMakeFiles/lcd_pwm_demo.dir/D_/pico/pico-sdk/src/rp2_common/cmsis/stub/CMSIS/Device/RaspberryPi/RP2040/Source/system_RP2040.c.obj
 .init_array    0x20000570        0x4 CMakeFiles/lcd_pwm_demo.dir/D_/pico/pico-sdk/src/rp2_common/pico_unique_id/unique_id.c.obj
                0x20000574                PROVIDE (__init_array_end = .)
                0x20000574                . = ALIGN (0x4)
                [!provide]                PROVIDE (__fini_array_start = .)
 *(SORT_BY_NAME(.fini_array.*))
 *(.fini_array)
                [!provide]                PROVIDE (__fini_array_end = .)
 *(.jcr)
                0x20000574                . = ALIGN (0x4)
                0x20000574                __data_end__ = .

.igot.plt       0x20000574        0x0 load address 0x10012038
 .igot.plt      0x20000574        0x0 d:/tools/gcc-arm-none-eabi-10.3-2021.10/bin/../lib/gcc/arm-none-eabi/10.3.1/thumb/v6-m/nofp/crtbegin.o

.uninitialized_data
                0x20000574        0x0 load address 0x10012038
                0x20000574                . = ALIGN (0x4)
 *(.uninitialized_data*)

.scratch_x      0x20040000        0x0 load address 0x10012038
                0x20040000                __scratch_x_start__ = .
 *(.scratch_x.*)
                0x20040000                . = ALIGN (0x4)
                0x20040000                __scratch_x_end__ = .
                0x10012038                __scratch_x_source__ = LOADADDR (.scratch_x)

.scratch_y      0x20041000        0x0 load address 0x10012038
                0x20041000                __scratch_y_start__ = .
 *(.scratch_y.*)
                0x20041000                . = ALIGN (0x4)
                0x20041000                __scratch_y_end__ = .
                0x10012038                __scratch_y_source__ = LOADADDR (.scratch_y)

.bss            0x20000578    0x27194
                0x20000578                . = ALIGN (0x4)
                0x20000578                __bss_start__ = .
 *(SORT_BY_ALIGNMENT(SORT_BY_NAME(.bss*)))
 .bss.default_alarm_pool_entries
                0x20000578      0x100 CMakeFiles/lcd_pwm_demo.dir/D_/pico/pico-sdk/src/common/pico_time/time.c.obj
 .bss.last_avail_time.1
                0x20000678        0x8 CMakeFiles/lcd_pwm_demo.dir/D_/pico/pico-sdk/src/rp2_common/pico_stdio_usb/stdio_usb.c.obj
 .bss.sd_table  0x20000680      0x100 CMakeFiles/lcd_pwm_demo.dir/D_/pico/pico-sdk/src/rp2_common/pico_double/double_init_rom.c.obj
                0x20000680                sd_table
 .bss.sf_table  0x20000780      0x100 CMakeFiles/lcd_pwm_demo.dir/D_/pico/pico-sdk/src/rp2_common/pico_float/float_init_rom.c.obj
                0x20000780                sf_table
 .bss           0x20000880       0x1c d:/tools/gcc-arm-none-eabi-10.3-2021.10/bin/../lib/gcc/arm-none-eabi/10.3.1/thumb/v6-m/nofp/crtbegin.o
 .bss.BytesRead
                0x2000089c        0x4 CMakeFiles/lcd_pwm_demo.dir/lib/fatfs/fatfs_storage.c.obj
                0x2000089c                BytesRead
 .bss.FatFs     0x200008a0        0x4 CMakeFiles/lcd_pwm_demo.dir/lib/fatfs/ff.c.obj
 .bss.MyDirectory
                0x200008a4       0x1c CMakeFiles/lcd_pwm_demo.dir/lib/fatfs/fatfs_storage.c.obj
                0x200008a4                MyDirectory
 .bss.MyFile    0x200008c0      0x228 CMakeFiles/lcd_pwm_demo.dir/lib/fatfs/fatfs_storage.c.obj
                0x200008c0                MyFile
 .bss.MyFileInfo
                0x20000ae8       0x18 CMakeFiles/lcd_pwm_demo.dir/lib/fatfs/fatfs_storage.c.obj
                0x20000ae8                MyFileInfo
 .bss.SystemCoreClock
                0x20000b00        0x4 CMakeFiles/lcd_pwm_demo.dir/D_/pico/pico-sdk/src/rp2_common/cmsis/stub/CMSIS/Device/RaspberryPi/RP2040/Source/system_RP2040.c.obj
                0x20000b00                SystemCoreClock
 .bss._app_driver
                0x20000b04        0x4 CMakeFiles/lcd_pwm_demo.dir/D_/pico/pico-sdk/lib/tinyusb/src/device/usbd.c.obj
 .bss._cdcd_itf
                0x20000b08      0x2d8 CMakeFiles/lcd_pwm_demo.dir/D_/pico/pico-sdk/lib/tinyusb/src/class/cdc/cdc_device.c.obj
 .bss._ctrl_xfer
                0x20000de0       0x14 CMakeFiles/lcd_pwm_demo.dir/D_/pico/pico-sdk/lib/tinyusb/src/device/usbd_control.c.obj
 .bss._ubsd_mutexdef
                0x20000df4        0x8 CMakeFiles/lcd_pwm_demo.dir/D_/pico/pico-sdk/lib/tinyusb/src/device/usbd.c.obj
 .bss._usbd_ctrl_buf
                0x20000dfc       0x40 CMakeFiles/lcd_pwm_demo.dir/D_/pico/pico-sdk/lib/tinyusb/src/device/usbd_control.c.obj
 .bss._usbd_dev
                0x20000e3c       0x53 CMakeFiles/lcd_pwm_demo.dir/D_/pico/pico-sdk/lib/tinyusb/src/device/usbd.c.obj
 *fill*         0x20000e8f        0x1 
 .bss._usbd_mutex
                0x20000e90        0x4 CMakeFiles/lcd_pwm_demo.dir/D_/pico/pico-sdk/lib/tinyusb/src/device/usbd.c.obj
 .bss._usbd_q   0x20000e94        0x4 CMakeFiles/lcd_pwm_demo.dir/D_/pico/pico-sdk/lib/tinyusb/src/device/usbd.c.obj
 .bss._usbd_qdef_buf
                0x20000e98       0xc0 CMakeFiles/lcd_pwm_demo.dir/D_/pico/pico-sdk/lib/tinyusb/src/device/usbd.c.obj
                0x20000e98                _usbd_qdef_buf
 .bss.aBuffer   0x20000f58      0x5a0 CMakeFiles/lcd_pwm_demo.dir/lib/fatfs/fatfs_storage.c.obj
                0x20000f58                aBuffer
 .bss.alarm_callbacks
                0x200014f8       0x10 CMakeFiles/lcd_pwm_demo.dir/D_/pico/pico-sdk/src/rp2_common/hardware_timer/timer.c.obj
 .bss.boot2_copyout
                0x20001508      0x100 CMakeFiles/lcd_pwm_demo.dir/D_/pico/pico-sdk/src/rp2_common/hardware_flash/flash.c.obj
 .bss.claimed   0x20001608        0x4 CMakeFiles/lcd_pwm_demo.dir/D_/pico/pico-sdk/src/rp2_common/hardware_sync/sync.c.obj
 .bss.configured_freq
                0x2000160c       0x28 CMakeFiles/lcd_pwm_demo.dir/D_/pico/pico-sdk/src/rp2_common/hardware_clocks/clocks.c.obj
 .bss.default_alarm_pool_entry_ids_high
                0x20001634       0x10 CMakeFiles/lcd_pwm_demo.dir/D_/pico/pico-sdk/src/common/pico_time/time.c.obj
 .bss.default_alarm_pool_heap_nodes
                0x20001644       0x30 CMakeFiles/lcd_pwm_demo.dir/D_/pico/pico-sdk/src/common/pico_time/time.c.obj
 .bss.desc_str.0
                0x20001674       0x28 CMakeFiles/lcd_pwm_demo.dir/D_/pico/pico-sdk/src/rp2_common/pico_stdio_usb/stdio_usb_descriptors.c.obj
 .bss.drivers   0x2000169c        0x4 CMakeFiles/lcd_pwm_demo.dir/D_/pico/pico-sdk/src/rp2_common/pico_stdio/stdio.c.obj
 .bss.file_name
                0x200016a0      0x113 CMakeFiles/lcd_pwm_demo.dir/lib/lcd/LCD_Bmp.c.obj
                0x200016a0                file_name
 *fill*         0x200017b3        0x1 
 .bss.filter    0x200017b4        0x4 CMakeFiles/lcd_pwm_demo.dir/D_/pico/pico-sdk/src/rp2_common/pico_stdio/stdio.c.obj
 .bss.hw_endpoints
                0x200017b8      0x400 CMakeFiles/lcd_pwm_demo.dir/D_/pico/pico-sdk/lib/tinyusb/src/portable/raspberrypi/rp2040/dcd_rp2040.c.obj
 .bss.lazy_vsnprintf
                0x20001bb8        0x4 CMakeFiles/lcd_pwm_demo.dir/D_/pico/pico-sdk/src/rp2_common/pico_printf/printf.c.obj
 .bss.load_value
                0x20001bbc        0x4 CMakeFiles/lcd_pwm_demo.dir/D_/pico/pico-sdk/src/rp2_common/hardware_watchdog/watchdog.c.obj
 .bss.microSDFatFs
                0x20001bc0      0x230 CMakeFiles/lcd_pwm_demo.dir/lib/lcd/LCD_Bmp.c.obj
                0x20001bc0                microSDFatFs
 .bss.next_buffer_ptr
                0x20001df0        0x4 CMakeFiles/lcd_pwm_demo.dir/D_/pico/pico-sdk/lib/tinyusb/src/portable/raspberrypi/rp2040/dcd_rp2040.c.obj
 .bss.pDirectoryFiles
                0x20001df4       0x64 CMakeFiles/lcd_pwm_demo.dir/lib/lcd/LCD_Bmp.c.obj
                0x20001df4                pDirectoryFiles
 .bss.pic       0x20001e58    0x25800 CMakeFiles/lcd_pwm_demo.dir/lib/fatfs/fatfs_storage.c.obj
                0x20001e58                pic
 .bss.pools     0x20027658       0x10 CMakeFiles/lcd_pwm_demo.dir/D_/pico/pico-sdk/src/common/pico_time/time.c.obj
 .bss.pwmgui    0x20027668        0x4 CMakeFiles/lcd_pwm_demo.dir/lib/lcd/LCD_Touch.c.obj
 .bss.retrieved_id
                0x2002766c        0x8 CMakeFiles/lcd_pwm_demo.dir/D_/pico/pico-sdk/src/rp2_common/pico_unique_id/unique_id.c.obj
 .bss.sLCD_DIS  0x20027674        0xa CMakeFiles/lcd_pwm_demo.dir/lib/lcd/LCD_Driver.c.obj
                0x20027674                sLCD_DIS
 *fill*         0x2002767e        0x2 
 .bss.sTP_DEV   0x20027680       0x1c CMakeFiles/lcd_pwm_demo.dir/lib/lcd/LCD_Touch.c.obj
 .bss.sTP_Draw  0x2002769c        0x8 CMakeFiles/lcd_pwm_demo.dir/lib/lcd/LCD_Touch.c.obj
 .bss.settime   0x200276a4        0x8 CMakeFiles/lcd_pwm_demo.dir/lib/lcd/LCD_Touch.c.obj
 .bss.sf_clz_func
                0x200276ac        0x4 CMakeFiles/lcd_pwm_demo.dir/D_/pico/pico-sdk/src/rp2_common/pico_double/double_init_rom.c.obj
                0x200276ac                sf_clz_func
 .bss.sleep_notifier
                0x200276b0        0x4 CMakeFiles/lcd_pwm_demo.dir/D_/pico/pico-sdk/src/common/pico_time/time.c.obj
 .bss.slice_num
                0x200276b4        0x4 CMakeFiles/lcd_pwm_demo.dir/lib/config/DEV_Config.c.obj
 .bss.stdio_usb_mutex
                0x200276b8        0x8 CMakeFiles/lcd_pwm_demo.dir/D_/pico/pico-sdk/src/rp2_common/pico_stdio_usb/stdio_usb.c.obj
 .bss.str       0x200276c0       0x14 CMakeFiles/lcd_pwm_demo.dir/lib/lcd/LCD_Bmp.c.obj
                0x200276c0                str
 .bss.target_hi
                0x200276d4       0x10 CMakeFiles/lcd_pwm_demo.dir/D_/pico/pico-sdk/src/rp2_common/hardware_timer/timer.c.obj
 .bss.usbd_serial_str
                0x200276e4       0x11 CMakeFiles/lcd_pwm_demo.dir/D_/pico/pico-sdk/src/rp2_common/pico_stdio_usb/stdio_usb_descriptors.c.obj
 *fill*         0x200276f5        0x3 
 .bss.user_irq_claimed
                0x200276f8        0x2 CMakeFiles/lcd_pwm_demo.dir/D_/pico/pico-sdk/src/rp2_common/hardware_irq/irq.c.obj
 .bss.Fsid      0x200276fa        0x2 CMakeFiles/lcd_pwm_demo.dir/lib/fatfs/ff.c.obj
 .bss.pagestatus
                0x200276fc        0x2 CMakeFiles/lcd_pwm_demo.dir/lib/lcd/LCD_Touch.c.obj
                0x200276fc                pagestatus
 .bss.SD_Type   0x200276fe        0x1 CMakeFiles/lcd_pwm_demo.dir/lib/sdcard/MMC_SD.c.obj
                0x200276fe                SD_Type
 .bss._app_driver_count
                0x200276ff        0x1 CMakeFiles/lcd_pwm_demo.dir/D_/pico/pico-sdk/lib/tinyusb/src/device/usbd.c.obj
 .bss._usbd_initialized
                0x20027700        0x1 CMakeFiles/lcd_pwm_demo.dir/D_/pico/pico-sdk/lib/tinyusb/src/device/usbd.c.obj
 .bss.boot2_copyout_valid
                0x20027701        0x1 CMakeFiles/lcd_pwm_demo.dir/D_/pico/pico-sdk/src/rp2_common/hardware_flash/flash.c.obj
 .bss.claimed   0x20027702        0x1 CMakeFiles/lcd_pwm_demo.dir/D_/pico/pico-sdk/src/rp2_common/hardware_timer/timer.c.obj
 .bss.f_res     0x20027703        0x1 CMakeFiles/lcd_pwm_demo.dir/lib/lcd/LCD_Bmp.c.obj
                0x20027703                f_res
 .bss.irq_hander_chain_free_slot_head
                0x20027704        0x1 CMakeFiles/lcd_pwm_demo.dir/D_/pico/pico-sdk/src/rp2_common/hardware_irq/irq.c.obj
 .bss.itf_num   0x20027705        0x1 CMakeFiles/lcd_pwm_demo.dir/D_/pico/pico-sdk/src/rp2_common/pico_stdio_usb/reset_interface.c.obj
 .bss.low_priority_irq_num
                0x20027706        0x1 CMakeFiles/lcd_pwm_demo.dir/D_/pico/pico-sdk/src/rp2_common/pico_stdio_usb/stdio_usb.c.obj
 .bss.pwmstatus
                0x20027707        0x1 CMakeFiles/lcd_pwm_demo.dir/lib/lcd/LCD_Touch.c.obj
                0x20027707                pwmstatus
 .bss.sstart    0x20027708        0x1 CMakeFiles/lcd_pwm_demo.dir/lib/lcd/LCD_Touch.c.obj
                0x20027708                sstart
 .bss.sstop     0x20027709        0x1 CMakeFiles/lcd_pwm_demo.dir/lib/lcd/LCD_Touch.c.obj
                0x20027709                sstop
 .bss.timer_callbacks_pending
                0x2002770a        0x1 CMakeFiles/lcd_pwm_demo.dir/D_/pico/pico-sdk/src/rp2_common/hardware_timer/timer.c.obj
 *(COMMON)
                0x2002770c                . = ALIGN (0x4)
 *fill*         0x2002770b        0x1 
                0x2002770c                __bss_end__ = .

.heap           0x2002770c      0x800
                0x2002770c                __end__ = .
                0x2002770c                end = __end__
 *(.heap*)
 .heap          0x2002770c      0x800 CMakeFiles/lcd_pwm_demo.dir/D_/pico/pico-sdk/src/rp2_common/pico_standard_link/crt0.S.obj
                0x20027f0c                __HeapLimit = .

.stack1_dummy   0x20040000        0x0
 *(.stack1*)

.stack_dummy    0x20041000      0x800
 *(.stack*)
 .stack         0x20041000      0x800 CMakeFiles/lcd_pwm_demo.dir/D_/pico/pico-sdk/src/rp2_common/pico_standard_link/crt0.S.obj

.flash_end      0x10012038        0x0
                0x10012038                __flash_binary_end = .
                0x20040000                __StackLimit = (ORIGIN (RAM) + LENGTH (RAM))
                0x20041000                __StackOneTop = (ORIGIN (SCRATCH_X) + LENGTH (SCRATCH_X))
                0x20042000                __StackTop = (ORIGIN (SCRATCH_Y) + LENGTH (SCRATCH_Y))
                0x20041000                __StackOneBottom = (__StackOneTop - SIZEOF (.stack1_dummy))
                0x20041800                __StackBottom = (__StackTop - SIZEOF (.stack_dummy))
                0x20042000                PROVIDE (__stack = __StackTop)
                0x00000001                ASSERT ((__StackLimit >= __HeapLimit), region RAM overflowed)
                0x00000001                ASSERT (((__binary_info_header_end - __logical_binary_start) <= 0x100), Binary info must be in first 256 bytes of the binary)
LOAD CMakeFiles/lcd_pwm_demo.dir/main.c.obj
LOAD CMakeFiles/lcd_pwm_demo.dir/view/lcd_test.c.obj
LOAD CMakeFiles/lcd_pwm_demo.dir/lib/config/DEV_Config.c.obj
LOAD CMakeFiles/lcd_pwm_demo.dir/lib/fatfs/diskio.c.obj
LOAD CMakeFiles/lcd_pwm_demo.dir/lib/fatfs/fatfs_storage.c.obj
LOAD CMakeFiles/lcd_pwm_demo.dir/lib/fatfs/ff.c.obj
LOAD CMakeFiles/lcd_pwm_demo.dir/lib/font/font8.c.obj
LOAD CMakeFiles/lcd_pwm_demo.dir/lib/font/font12.c.obj
LOAD CMakeFiles/lcd_pwm_demo.dir/lib/font/font16.c.obj
LOAD CMakeFiles/lcd_pwm_demo.dir/lib/font/font20.c.obj
LOAD CMakeFiles/lcd_pwm_demo.dir/lib/font/font24.c.obj
LOAD CMakeFiles/lcd_pwm_demo.dir/lib/lcd/LCD_Bmp.c.obj
LOAD CMakeFiles/lcd_pwm_demo.dir/lib/lcd/LCD_Driver.c.obj
LOAD CMakeFiles/lcd_pwm_demo.dir/lib/lcd/LCD_GUI.c.obj
LOAD CMakeFiles/lcd_pwm_demo.dir/lib/lcd/LCD_Touch.c.obj
LOAD CMakeFiles/lcd_pwm_demo.dir/lib/sdcard/MMC_SD.c.obj
LOAD CMakeFiles/lcd_pwm_demo.dir/lib/lcd/lcd_fonts.c.obj
LOAD CMakeFiles/lcd_pwm_demo.dir/lib/font/han.c.obj
LOAD CMakeFiles/lcd_pwm_demo.dir/bsp/bsp.c.obj
LOAD CMakeFiles/lcd_pwm_demo.dir/D_/pico/pico-sdk/src/rp2_common/cmsis/stub/CMSIS/Device/RaspberryPi/RP2040/Source/system_RP2040.c.obj
LOAD CMakeFiles/lcd_pwm_demo.dir/D_/pico/pico-sdk/src/rp2_common/hardware_clocks/clocks.c.obj
LOAD CMakeFiles/lcd_pwm_demo.dir/D_/pico/pico-sdk/src/rp2_common/hardware_claim/claim.c.obj
LOAD CMakeFiles/lcd_pwm_demo.dir/D_/pico/pico-sdk/src/rp2_common/pico_platform/platform.c.obj
LOAD CMakeFiles/lcd_pwm_demo.dir/D_/pico/pico-sdk/src/rp2_common/hardware_sync/sync.c.obj
LOAD CMakeFiles/lcd_pwm_demo.dir/D_/pico/pico-sdk/src/rp2_common/hardware_gpio/gpio.c.obj
LOAD CMakeFiles/lcd_pwm_demo.dir/D_/pico/pico-sdk/src/rp2_common/hardware_irq/irq.c.obj
LOAD CMakeFiles/lcd_pwm_demo.dir/D_/pico/pico-sdk/src/rp2_common/hardware_irq/irq_handler_chain.S.obj
LOAD CMakeFiles/lcd_pwm_demo.dir/D_/pico/pico-sdk/src/common/pico_sync/sem.c.obj
LOAD CMakeFiles/lcd_pwm_demo.dir/D_/pico/pico-sdk/src/common/pico_sync/lock_core.c.obj