Archive member included to satisfy reference by file (symbol)

examples/libexamples.a(lcd_test.c.obj)
                              CMakeFiles/main.dir/main.c.obj (lcd_test)
lib/lcd/liblcd.a(LCD_Bmp.c.obj)
                              examples/libexamples.a(lcd_test.c.obj) (SD_Init)
lib/lcd/liblcd.a(LCD_Driver.c.obj)
                              lib/lcd/liblcd.a(LCD_Bmp.c.obj) (LCD_SetGramScanWay)
lib/lcd/liblcd.a(LCD_GUI.c.obj)
                              lib/lcd/liblcd.a(LCD_Bmp.c.obj) (GUI_DisString_EN)
lib/lcd/liblcd.a(LCD_Touch.c.obj)
                              examples/libexamples.a(lcd_test.c.obj) (TP_GetAdFac)
lib/font/libfont.a(font12.c.obj)
                              lib/lcd/liblcd.a(LCD_GUI.c.obj) (Font12)
lib/font/libfont.a(font16.c.obj)
                              lib/lcd/liblcd.a(LCD_GUI.c.obj) (Font16)
lib/font/libfont.a(font20.c.obj)
                              lib/lcd/liblcd.a(LCD_GUI.c.obj) (Font20)
lib/font/libfont.a(font24.c.obj)
                              lib/lcd/liblcd.a(LCD_Bmp.c.obj) (Font24)
lib/font/libfont.a(font8.c.obj)
                              lib/lcd/liblcd.a(LCD_GUI.c.obj) (Font8)
lib/config/libconfig.a(DEV_Config.c.obj)
                              lib/lcd/liblcd.a(LCD_Bmp.c.obj) (DEV_Digital_Write)
lib/fatfs/libfatfs.a(fatfs_storage.c.obj)
                              lib/lcd/liblcd.a(LCD_Bmp.c.obj) (Storage_OpenReadFile)
lib/fatfs/libfatfs.a(ff.c.obj)
                              lib/lcd/liblcd.a(LCD_Bmp.c.obj) (f_mount)
lib/fatfs/libfatfs.a(diskio.c.obj)
                              lib/fatfs/libfatfs.a(ff.c.obj) (disk_initialize)
lib/sdcard/libsdcard.a(MMC_SD.c.obj)
                              lib/fatfs/libfatfs.a(diskio.c.obj) (SD_SPI_ReadWriteByte)
d:/tools/gcc-arm-none-eabi-10.3-2021.10/bin/../lib/gcc/arm-none-eabi/10.3.1/thumb/v6-m/nofp\libgcc.a(_dvmd_tls.o)
                              CMakeFiles/main.dir/D_/pico/pico-sdk/src/rp2_common/pico_divider/divider.S.obj (__aeabi_idiv0)
d:/tools/gcc-arm-none-eabi-10.3-2021.10/bin/../lib/gcc/arm-none-eabi/10.3.1/../../../../arm-none-eabi/lib/thumb/v6-m/nofp\libc.a(lib_a-calloc.o)
                              CMakeFiles/main.dir/D_/pico/pico-sdk/src/rp2_common/pico_malloc/pico_malloc.c.obj (calloc)
d:/tools/gcc-arm-none-eabi-10.3-2021.10/bin/../lib/gcc/arm-none-eabi/10.3.1/../../../../arm-none-eabi/lib/thumb/v6-m/nofp\libc.a(lib_a-callocr.o)
                              d:/tools/gcc-arm-none-eabi-10.3-2021.10/bin/../lib/gcc/arm-none-eabi/10.3.1/../../../../arm-none-eabi/lib/thumb/v6-m/nofp\libc.a(lib_a-calloc.o) (_calloc_r)
d:/tools/gcc-arm-none-eabi-10.3-2021.10/bin/../lib/gcc/arm-none-eabi/10.3.1/../../../../arm-none-eabi/lib/thumb/v6-m/nofp\libc.a(lib_a-errno.o)
                              d:/tools/gcc-arm-none-eabi-10.3-2021.10/bin/../lib/gcc/arm-none-eabi/10.3.1/../../../../arm-none-eabi/lib/thumb/v6-m/nofp\libc.a(lib_a-callocr.o) (__errno)
d:/tools/gcc-arm-none-eabi-10.3-2021.10/bin/../lib/gcc/arm-none-eabi/10.3.1/../../../../arm-none-eabi/lib/thumb/v6-m/nofp\libc.a(lib_a-impure.o)
                              d:/tools/gcc-arm-none-eabi-10.3-2021.10/bin/../lib/gcc/arm-none-eabi/10.3.1/../../../../arm-none-eabi/lib/thumb/v6-m/nofp\libc.a(lib_a-calloc.o) (_impure_ptr)
d:/tools/gcc-arm-none-eabi-10.3-2021.10/bin/../lib/gcc/arm-none-eabi/10.3.1/../../../../arm-none-eabi/lib/thumb/v6-m/nofp\libc.a(lib_a-init.o)
                              d:/tools/gcc-arm-none-eabi-10.3-2021.10/bin/../lib/gcc/arm-none-eabi/10.3.1/../../../../arm-none-eabi/lib/thumb/v6-m/nofp/crt0.o (__libc_init_array)
d:/tools/gcc-arm-none-eabi-10.3-2021.10/bin/../lib/gcc/arm-none-eabi/10.3.1/../../../../arm-none-eabi/lib/thumb/v6-m/nofp\libc.a(lib_a-malloc.o)
                              CMakeFiles/main.dir/D_/pico/pico-sdk/src/rp2_common/pico_malloc/pico_malloc.c.obj (malloc)
d:/tools/gcc-arm-none-eabi-10.3-2021.10/bin/../lib/gcc/arm-none-eabi/10.3.1/../../../../arm-none-eabi/lib/thumb/v6-m/nofp\libc.a(lib_a-mallocr.o)
                              d:/tools/gcc-arm-none-eabi-10.3-2021.10/bin/../lib/gcc/arm-none-eabi/10.3.1/../../../../arm-none-eabi/lib/thumb/v6-m/nofp\libc.a(lib_a-callocr.o) (_malloc_r)
d:/tools/gcc-arm-none-eabi-10.3-2021.10/bin/../lib/gcc/arm-none-eabi/10.3.1/../../../../arm-none-eabi/lib/thumb/v6-m/nofp\libc.a(lib_a-mlock.o)
                              d:/tools/gcc-arm-none-eabi-10.3-2021.10/bin/../lib/gcc/arm-none-eabi/10.3.1/../../../../arm-none-eabi/lib/thumb/v6-m/nofp\libc.a(lib_a-mallocr.o) (__malloc_lock)
d:/tools/gcc-arm-none-eabi-10.3-2021.10/bin/../lib/gcc/arm-none-eabi/10.3.1/../../../../arm-none-eabi/lib/thumb/v6-m/nofp\libc.a(lib_a-realloc.o)
                              CMakeFiles/main.dir/D_/pico/pico-sdk/src/rp2_common/pico_malloc/pico_malloc.c.obj (realloc)
d:/tools/gcc-arm-none-eabi-10.3-2021.10/bin/../lib/gcc/arm-none-eabi/10.3.1/../../../../arm-none-eabi/lib/thumb/v6-m/nofp\libc.a(lib_a-reallocr.o)
[...]
Memory Configuration

Name             Origin             Length             Attributes
FLASH            0x10000000         0x00200000         xr
RAM              0x20000000         0x00040000         xrw
SCRATCH_X        0x20040000         0x00001000         xrw
SCRATCH_Y        0x20041000         0x00001000         xrw
*default*        0x00000000         0xffffffff

Linker script and memory map

LOAD d:/tools/gcc-arm-none-eabi-10.3-2021.10/bin/../lib/gcc/arm-none-eabi/10.3.1/thumb/v6-m/nofp/crti.o
LOAD d:/tools/gcc-arm-none-eabi-10.3-2021.10/bin/../lib/gcc/arm-none-eabi/10.3.1/thumb/v6-m/nofp/crtbegin.o
LOAD d:/tools/gcc-arm-none-eabi-10.3-2021.10/bin/../lib/gcc/arm-none-eabi/10.3.1/../../../../arm-none-eabi/lib/thumb/v6-m/nofp/crt0.o

.flash_begin    0x10000000        0x0
                0x10000000                __flash_binary_start = .

.boot2          0x10000000      0x100
                0x10000000                __boot2_start__ = .
 *(.boot2)
 .boot2         0x10000000      0x100 C:\Users\chl_4\AppData\Local\Temp\ccQEAQ4T.o
                0x10000100                __boot2_end__ = .
                0x00000001                ASSERT (((__boot2_end__ - __boot2_start__) == 0x100), ERROR: Pico second stage bootloader must be 256 bytes in size)

.text           0x10000100     0xdf58
                0x10000100                __logical_binary_start = .
 *(.vectors)
 .vectors       0x10000100       0xd4 CMakeFiles/main.dir/D_/pico/pico-sdk/src/rp2_common/pico_standard_link/crt0.S.obj
                0x10000100                __VECTOR_TABLE
                0x10000100                __vectors
                0x100001c0                isr_invalid
                0x100001c0                __default_isrs_start
                0x100001c2                isr_nmi
                0x100001c4                isr_hardfault
                0x100001c6                isr_svcall
                0x100001c8                isr_pendsv
                0x100001ca                isr_systick
                0x100001cc                isr_irq23
                0x100001cc                isr_irq18
                0x100001cc                isr_irq11
                0x100001cc                isr_irq28
                0x100001cc                isr_irq19
                0x100001cc                isr_irq0
                0x100001cc                isr_irq6
                0x100001cc                isr_irq5
                0x100001cc                isr_irq12
                0x100001cc                isr_irq22
                0x100001cc                isr_irq31
                0x100001cc                isr_irq17
                0x100001cc                isr_irq27
                0x100001cc                isr_irq30
                0x100001cc                isr_irq2
                0x100001cc                isr_irq10
                0x100001cc                isr_irq8
                0x100001cc                isr_irq24
                0x100001cc                isr_irq1
                0x100001cc                isr_irq7
                0x100001cc                isr_irq21
                0x100001cc                isr_irq20
                0x100001cc                isr_irq15
                0x100001cc                isr_irq25
                0x100001cc                isr_irq13
                0x100001cc                __unhandled_user_irq
                0x100001cc                isr_irq4
                0x100001cc                isr_irq16
                0x100001cc                isr_irq29
                0x100001cc                isr_irq26
                0x100001cc                __default_isrs_end
                0x100001cc                isr_irq3
                0x100001cc                isr_irq14
                0x100001cc                isr_irq9
                0x100001d2                unhandled_user_irq_num_in_r0
 *(.binary_info_header)
 .binary_info_header
                0x100001d4       0x14 CMakeFiles/main.dir/D_/pico/pico-sdk/src/rp2_common/pico_standard_link/crt0.S.obj
                0x100001e8                __binary_info_header_end = .
 *(.reset)
 .reset         0x100001e8       0xa8 CMakeFiles/main.dir/D_/pico/pico-sdk/src/rp2_common/pico_standard_link/crt0.S.obj
                0x100001e8                _entry_point
                0x10000266                __get_current_exception
 .reset         0x10000290       0x30 CMakeFiles/main.dir/D_/pico/pico-sdk/src/rp2_common/pico_standard_link/binary_info.c.obj
 *(.init)
 .init          0x100002c0        0x4 d:/tools/gcc-arm-none-eabi-10.3-2021.10/bin/../lib/gcc/arm-none-eabi/10.3.1/thumb/v6-m/nofp/crti.o
                0x100002c0                _init
 *(EXCLUDE_FILE(*libm.a: *libc.a:*lib_a-mem*.o *libgcc.a:) .text*)
 .text          0x100002c4       0x48 d:/tools/gcc-arm-none-eabi-10.3-2021.10/bin/../lib/gcc/arm-none-eabi/10.3.1/thumb/v6-m/nofp/crtbegin.o
 .text.startup.main
                0x1000030c        0x8 CMakeFiles/main.dir/main.c.obj
                0x1000030c                main
 .text.gpio_set_function
                0x10000314       0x30 CMakeFiles/main.dir/D_/pico/pico-sdk/src/rp2_common/hardware_gpio/gpio.c.obj
                0x10000314                gpio_set_function
 .text.gpio_set_pulls
                0x10000344       0x30 CMakeFiles/main.dir/D_/pico/pico-sdk/src/rp2_common/hardware_gpio/gpio.c.obj
                0x10000344                gpio_set_pulls
 .text.gpio_init
                0x10000374       0x3c CMakeFiles/main.dir/D_/pico/pico-sdk/src/rp2_common/hardware_gpio/gpio.c.obj
                0x10000374                gpio_init
 .text.hw_claim_or_assert
                0x100003b0       0x44 CMakeFiles/main.dir/D_/pico/pico-sdk/src/rp2_common/hardware_claim/claim.c.obj
                0x100003b0                hw_claim_or_assert
 .text.hw_claim_unused_from_range
                0x100003f4       0x9c CMakeFiles/main.dir/D_/pico/pico-sdk/src/rp2_common/hardware_claim/claim.c.obj
                0x100003f4                hw_claim_unused_from_range
 .text.running_on_fpga
                0x10000490       0x10 CMakeFiles/main.dir/D_/pico/pico-sdk/src/rp2_common/pico_platform/platform.c.obj
                0x10000490                running_on_fpga
 .text.spin_locks_reset
                0x100004a0       0x1c CMakeFiles/main.dir/D_/pico/pico-sdk/src/rp2_common/hardware_sync/sync.c.obj
                0x100004a0                spin_locks_reset
 .text.next_striped_spin_lock_num
                0x100004bc       0x18 CMakeFiles/main.dir/D_/pico/pico-sdk/src/rp2_common/hardware_sync/sync.c.obj
                0x100004bc                next_striped_spin_lock_num
 .text.spin_lock_claim_unused
                0x100004d4       0x20 CMakeFiles/main.dir/D_/pico/pico-sdk/src/rp2_common/hardware_sync/sync.c.obj
                0x100004d4                spin_lock_claim_unused
 .text.irq_set_enabled
                0x100004f4       0x24 CMakeFiles/main.dir/D_/pico/pico-sdk/src/rp2_common/hardware_irq/irq.c.obj
                0x100004f4                irq_set_enabled
 .text.irq_set_pending
                0x10000518       0x10 CMakeFiles/main.dir/D_/pico/pico-sdk/src/rp2_common/hardware_irq/irq.c.obj
                0x10000518                irq_set_pending
 .text.irq_has_shared_handler
                0x10000528       0x2c CMakeFiles/main.dir/D_/pico/pico-sdk/src/rp2_common/hardware_irq/irq.c.obj
                0x10000528                irq_has_shared_handler
 .text.irq_get_vtable_handler
                0x10000554       0x10 CMakeFiles/main.dir/D_/pico/pico-sdk/src/rp2_common/hardware_irq/irq.c.obj
                0x10000554                irq_get_vtable_handler
 .text.irq_set_exclusive_handler
                0x10000564       0x54 CMakeFiles/main.dir/D_/pico/pico-sdk/src/rp2_common/hardware_irq/irq.c.obj
                0x10000564                irq_set_exclusive_handler
 .text.irq_add_shared_handler
                0x100005b8      0x1e4 CMakeFiles/main.dir/D_/pico/pico-sdk/src/rp2_common/hardware_irq/irq.c.obj
                0x100005b8                irq_add_shared_handler
 .text.irq_remove_handler
                0x1000079c      0x1b4 CMakeFiles/main.dir/D_/pico/pico-sdk/src/rp2_common/hardware_irq/irq.c.obj
                0x1000079c                irq_remove_handler
 .text.irq_add_tail_to_free_list
                0x10000950       0xb4 CMakeFiles/main.dir/D_/pico/pico-sdk/src/rp2_common/hardware_irq/irq.c.obj
                0x10000950                irq_add_tail_to_free_list
 .text.irq_init_priorities
                0x10000a04       0x24 CMakeFiles/main.dir/D_/pico/pico-sdk/src/rp2_common/hardware_irq/irq.c.obj
                0x10000a04                irq_init_priorities
 .text.user_irq_claim_unused
                0x10000a28       0x30 CMakeFiles/main.dir/D_/pico/pico-sdk/src/rp2_common/hardware_irq/irq.c.obj
                0x10000a28                user_irq_claim_unused
 .text.lock_init
                0x10000a58       0x10 CMakeFiles/main.dir/D_/pico/pico-sdk/src/common/pico_sync/lock_core.c.obj
                0x10000a58                lock_init
 .text.timer_pool_entry_comparator
                0x10000a68       0x34 CMakeFiles/main.dir/D_/pico/pico-sdk/src/common/pico_time/time.c.obj
                0x10000a68                timer_pool_entry_comparator
 .text.sleep_until_callback
                0x10000a9c       0x30 CMakeFiles/main.dir/D_/pico/pico-sdk/src/common/pico_time/time.c.obj
 .text.add_alarm_under_lock.isra.0
                0x10000acc      0x100 CMakeFiles/main.dir/D_/pico/pico-sdk/src/common/pico_time/time.c.obj
 .text.alarm_pool_alarm_callback
                0x10000bcc      0x1c8 CMakeFiles/main.dir/D_/pico/pico-sdk/src/common/pico_time/time.c.obj
 .text.alarm_pool_add_alarm_at.constprop.0
                0x10000d94      0x11c CMakeFiles/main.dir/D_/pico/pico-sdk/src/common/pico_time/time.c.obj
 .text.alarm_pool_init_default
                0x10000eb0       0x64 CMakeFiles/main.dir/D_/pico/pico-sdk/src/common/pico_time/time.c.obj
                0x10000eb0                alarm_pool_init_default
 .text.alarm_pool_get_default
                0x10000f14        0x8 CMakeFiles/main.dir/D_/pico/pico-sdk/src/common/pico_time/time.c.obj
                0x10000f14                alarm_pool_get_default
 .text.alarm_pool_add_alarm_at
                0x10000f1c      0x194 CMakeFiles/main.dir/D_/pico/pico-sdk/src/common/pico_time/time.c.obj
                0x10000f1c                alarm_pool_add_alarm_at
 .text.sleep_until
                0x100010b0       0xac CMakeFiles/main.dir/D_/pico/pico-sdk/src/common/pico_time/time.c.obj
                0x100010b0                sleep_until
 .text.sleep_ms
                0x1000115c       0x38 CMakeFiles/main.dir/D_/pico/pico-sdk/src/common/pico_time/time.c.obj
                0x1000115c                sleep_ms
 .text.best_effort_wfe_or_timeout
                0x10001194       0xd4 CMakeFiles/main.dir/D_/pico/pico-sdk/src/common/pico_time/time.c.obj
                0x10001194                best_effort_wfe_or_timeout
 .text.hardware_alarm_irq_handler
                0x10001268       0xb8 CMakeFiles/main.dir/D_/pico/pico-sdk/src/rp2_common/hardware_timer/timer.c.obj
 .text.hardware_alarm_claim
                0x10001320       0x18 CMakeFiles/main.dir/D_/pico/pico-sdk/src/rp2_common/hardware_timer/timer.c.obj
                0x10001320                hardware_alarm_claim
 .text.time_us_64
                0x10001338       0x14 CMakeFiles/main.dir/D_/pico/pico-sdk/src/rp2_common/hardware_timer/timer.c.obj
                0x10001338                time_us_64
 .text.busy_wait_until
                0x1000134c       0x20 CMakeFiles/main.dir/D_/pico/pico-sdk/src/rp2_common/hardware_timer/timer.c.obj
                0x1000134c                busy_wait_until
 .text.hardware_alarm_set_callback
                0x1000136c       0x8c CMakeFiles/main.dir/D_/pico/pico-sdk/src/rp2_common/hardware_timer/timer.c.obj
                0x1000136c                hardware_alarm_set_callback
 .text.hardware_alarm_set_target
                0x100013f8       0xe0 CMakeFiles/main.dir/D_/pico/pico-sdk/src/rp2_common/hardware_timer/timer.c.obj
                0x100013f8                hardware_alarm_set_target
 .text.hardware_alarm_cancel
                0x100014d8       0x3c CMakeFiles/main.dir/D_/pico/pico-sdk/src/rp2_common/hardware_timer/timer.c.obj
                0x100014d8                hardware_alarm_cancel
 .text.ph_merge_nodes
                0x10001514       0x68 CMakeFiles/main.dir/D_/pico/pico-sdk/src/common/pico_util/pheap.c.obj
 .text.ph_post_alloc_init
                0x1000157c       0x3c CMakeFiles/main.dir/D_/pico/pico-sdk/src/common/pico_util/pheap.c.obj
                0x1000157c                ph_post_alloc_init
 .text.ph_merge_two_pass
                0x100015b8       0x90 CMakeFiles/main.dir/D_/pico/pico-sdk/src/common/pico_util/pheap.c.obj
                0x100015b8                ph_merge_two_pass
 .text.ph_remove_any_head
                0x10001648       0xf8 CMakeFiles/main.dir/D_/pico/pico-sdk/src/common/pico_util/pheap.c.obj
 .text.ph_remove_head
                0x10001740       0xfc CMakeFiles/main.dir/D_/pico/pico-sdk/src/common/pico_util/pheap.c.obj
                0x10001740                ph_remove_head
 .text.ph_remove_and_free_node
                0x1000183c       0x7c CMakeFiles/main.dir/D_/pico/pico-sdk/src/common/pico_util/pheap.c.obj
                0x1000183c                ph_remove_and_free_node
 .text.mutex_init
                0x100018b8       0x1c CMakeFiles/main.dir/D_/pico/pico-sdk/src/common/pico_sync/mutex.c.obj
                0x100018b8                mutex_init
 .text.recursive_mutex_init
                0x100018d4       0x1c CMakeFiles/main.dir/D_/pico/pico-sdk/src/common/pico_sync/mutex.c.obj
                0x100018d4                recursive_mutex_init
 .text.critical_section_init
                0x100018f0       0x20 CMakeFiles/main.dir/D_/pico/pico-sdk/src/common/pico_sync/critical_section.c.obj
                0x100018f0                critical_section_init
 .text.runtime_init
                0x10001910       0xf0 CMakeFiles/main.dir/D_/pico/pico-sdk/src/rp2_common/pico_runtime/runtime.c.obj
                0x10001910                runtime_init
 .text.exit     0x10001a00        0x4 CMakeFiles/main.dir/D_/pico/pico-sdk/src/rp2_common/pico_runtime/runtime.c.obj
                0x10001a00                exit
 .text.panic    0x10001a04       0x30 CMakeFiles/main.dir/D_/pico/pico-sdk/src/rp2_common/pico_runtime/runtime.c.obj
                0x10001a04                panic
 .text.hard_assertion_failure
                0x10001a34        0xc CMakeFiles/main.dir/D_/pico/pico-sdk/src/rp2_common/pico_runtime/runtime.c.obj
                0x10001a34                hard_assertion_failure
 .text.clocks_init
                0x10001a40      0x2bc CMakeFiles/main.dir/D_/pico/pico-sdk/src/rp2_common/hardware_clocks/clocks.c.obj
                0x10001a40                clocks_init
 .text.clock_get_hz
                0x10001cfc        0xc CMakeFiles/main.dir/D_/pico/pico-sdk/src/rp2_common/hardware_clocks/clocks.c.obj
                0x10001cfc                clock_get_hz
 .text.pll_init
                0x10001d08       0xb0 CMakeFiles/main.dir/D_/pico/pico-sdk/src/rp2_common/hardware_pll/pll.c.obj
                0x10001d08                pll_init
 .text.watchdog_start_tick
                0x10001db8       0x10 CMakeFiles/main.dir/D_/pico/pico-sdk/src/rp2_common/hardware_watchdog/watchdog.c.obj
                0x10001db8                watchdog_start_tick
 .text.watchdog_reboot
                0x10001dc8       0x98 CMakeFiles/main.dir/D_/pico/pico-sdk/src/rp2_common/hardware_watchdog/watchdog.c.obj
                0x10001dc8                watchdog_reboot
 .text.xosc_init
                0x10001e60       0x28 CMakeFiles/main.dir/D_/pico/pico-sdk/src/rp2_common/hardware_xosc/xosc.c.obj
                0x10001e60                xosc_init
 .text._out_buffer
                0x10001e88        0x8 CMakeFiles/main.dir/D_/pico/pico-sdk/src/rp2_common/pico_printf/printf.c.obj
 .text._out_null
                0x10001e90        0x4 CMakeFiles/main.dir/D_/pico/pico-sdk/src/rp2_common/pico_printf/printf.c.obj
 .text._out_rev
                0x10001e94       0x9c CMakeFiles/main.dir/D_/pico/pico-sdk/src/rp2_common/pico_printf/printf.c.obj
 .text._ntoa_format
                0x10001f30      0x1cc CMakeFiles/main.dir/D_/pico/pico-sdk/src/rp2_common/pico_printf/printf.c.obj
 .text._out_char
                0x100020fc       0x10 CMakeFiles/main.dir/D_/pico/pico-sdk/src/rp2_common/pico_printf/printf.c.obj
 .text._out_fct
                0x1000210c       0x10 CMakeFiles/main.dir/D_/pico/pico-sdk/src/rp2_common/pico_printf/printf.c.obj
 .text._etoa    0x1000211c      0x44c CMakeFiles/main.dir/D_/pico/pico-sdk/src/rp2_common/pico_printf/printf.c.obj
 .text._ftoa    0x10002568      0x398 CMakeFiles/main.dir/D_/pico/pico-sdk/src/rp2_common/pico_printf/printf.c.obj
 .text._vsnprintf
                0x10002900      0xb04 CMakeFiles/main.dir/D_/pico/pico-sdk/src/rp2_common/pico_printf/printf.c.obj
 .text.__wrap_sprintf
                0x10003404       0x28 CMakeFiles/main.dir/D_/pico/pico-sdk/src/rp2_common/pico_printf/printf.c.obj
                0x10003404                __wrap_sprintf
 .text.vfctprintf
                0x1000342c       0x20 CMakeFiles/main.dir/D_/pico/pico-sdk/src/rp2_common/pico_printf/printf.c.obj
                0x1000342c                vfctprintf
 .text.weak_raw_vprintf
                0x1000344c       0x30 CMakeFiles/main.dir/D_/pico/pico-sdk/src/rp2_common/pico_printf/printf.c.obj
                0x1000344c                weak_raw_vprintf
 .text          0x1000347c       0x10 CMakeFiles/main.dir/D_/pico/pico-sdk/src/rp2_common/pico_bit_ops/bit_ops_aeabi.S.obj
 .text.rom_func_lookup
                0x1000348c       0x10 CMakeFiles/main.dir/D_/pico/pico-sdk/src/rp2_common/pico_bootrom/bootrom.c.obj
                0x1000348c                rom_func_lookup
 .text.rom_data_lookup
                0x1000349c       0x10 CMakeFiles/main.dir/D_/pico/pico-sdk/src/rp2_common/pico_bootrom/bootrom.c.obj
                0x1000349c                rom_data_lookup
 .text.rom_funcs_lookup
                0x100034ac       0x44 CMakeFiles/main.dir/D_/pico/pico-sdk/src/rp2_common/pico_bootrom/bootrom.c.obj
                0x100034ac                rom_funcs_lookup
 .text.__wrap___aeabi_idiv
                0x100034f0       0x50 CMakeFiles/main.dir/D_/pico/pico-sdk/src/rp2_common/pico_divider/divider.S.obj
                0x100034f0                __wrap___aeabi_idivmod
                0x100034f0                divmod_s32s32
                0x100034f0                div_s32s32
                0x100034f0                __wrap___aeabi_idiv
                0x100034f8                divmod_s32s32_unsafe
                0x10003524                divmod_s32s32_savestate
 .text.__wrap___aeabi_uidiv
                0x10003540       0x4c CMakeFiles/main.dir/D_/pico/pico-sdk/src/rp2_common/pico_divider/divider.S.obj
                0x10003540                __wrap___aeabi_uidiv
                0x10003540                __wrap___aeabi_uidivmod
                0x10003540                div_u32u32
                0x10003540                divmod_u32u32
                0x10003548                divmod_u32u32_unsafe
                0x10003570                divmod_u32u32_savestate
 .text.__wrap___aeabi_ldiv
                0x1000358c      0x434 CMakeFiles/main.dir/D_/pico/pico-sdk/src/rp2_common/pico_divider/divider.S.obj
                0x1000358c                div_s64s64
                0x1000358c                divmod_s64s64
                0x1000358c                __wrap___aeabi_ldivmod
                0x100035c4                divmod_u64u64
                0x100035c4                div_u64u64
                0x100035c4                __wrap___aeabi_uldivmod
                0x100035d4                divmod_u64u64_savestate
                0x100035fc                divmod_s64s64_unsafe
                0x10003684                divmod_u64u64_unsafe
 .text.__wrap___aeabi_darithmetic
                0x100039c0       0x80 CMakeFiles/main.dir/D_/pico/pico-sdk/src/rp2_common/pico_double/double_aeabi.S.obj
                0x100039c0                __wrap___aeabi_drsub
                0x100039c6                __wrap___aeabi_dsub
                0x100039d8                __wrap___aeabi_dadd
                0x100039ea                __wrap___aeabi_ddiv
                0x10003a26                __wrap___aeabi_dmul
 .text.__wrap___aeabi_cdcmple
                0x10003a40       0x6c CMakeFiles/main.dir/D_/pico/pico-sdk/src/rp2_common/pico_double/double_aeabi.S.obj
                0x10003a40                __wrap___aeabi_cdrcmple
                0x10003a50                __wrap___aeabi_cdcmpeq
                0x10003a50                __wrap___aeabi_cdcmple
 .text.__wrap___aeabi_dcmplt
                0x10003aac        0xc CMakeFiles/main.dir/D_/pico/pico-sdk/src/rp2_common/pico_double/double_aeabi.S.obj
                0x10003aac                __wrap___aeabi_dcmplt
 .text.__wrap___aeabi_dcmple
                0x10003ab8       0x10 CMakeFiles/main.dir/D_/pico/pico-sdk/src/rp2_common/pico_double/double_aeabi.S.obj
                0x10003ab8                __wrap___aeabi_dcmple
 .text.__wrap___aeabi_dcmpge
                0x10003ac8       0x10 CMakeFiles/main.dir/D_/pico/pico-sdk/src/rp2_common/pico_double/double_aeabi.S.obj
                0x10003ac8                __wrap___aeabi_dcmpge
 .text.__wrap___aeabi_dcmpgt
                0x10003ad8        0xa CMakeFiles/main.dir/D_/pico/pico-sdk/src/rp2_common/pico_double/double_aeabi.S.obj
                0x10003ad8                __wrap___aeabi_dcmpgt
 .text.__wrap___aeabi_dcmpun
                0x10003ae2       0x1c CMakeFiles/main.dir/D_/pico/pico-sdk/src/rp2_common/pico_double/double_aeabi.S.obj
                0x10003ae2                __wrap___aeabi_dcmpun
 *fill*         0x10003afe        0x2 
 .text.__wrap___aeabi_i2d
                0x10003b00       0x38 CMakeFiles/main.dir/D_/pico/pico-sdk/src/rp2_common/pico_double/double_aeabi.S.obj
                0x10003b00                __wrap___aeabi_ui2d
                0x10003b08                __wrap___aeabi_i2d
 .text.__wrap___aeabi_d2iz
                0x10003b38       0x48 CMakeFiles/main.dir/D_/pico/pico-sdk/src/rp2_common/pico_double/double_aeabi.S.obj
                0x10003b38                double2int_z
                0x10003b38                __wrap___aeabi_d2iz
 .text.__wrap___aeabi_d2uiz
                0x10003b80       0x18 CMakeFiles/main.dir/D_/pico/pico-sdk/src/rp2_common/pico_double/double_aeabi.S.obj
                0x10003b80                __wrap___aeabi_d2uiz
                0x10003b80                double2uint
 .text.__wrap_srqt
                0x10003b98       0x18 CMakeFiles/main.dir/D_/pico/pico-sdk/src/rp2_common/pico_double/double_aeabi.S.obj
                0x10003b98                __wrap_sqrt
 .text.__aeabi_double_init
                0x10003bb0       0x94 CMakeFiles/main.dir/D_/pico/pico-sdk/src/rp2_common/pico_double/double_init_rom.c.obj
                0x10003bb0                __aeabi_double_init
 .text.double_table_shim_on_use_helper
                0x10003c44       0x2c CMakeFiles/main.dir/D_/pico/pico-sdk/src/rp2_common/pico_double/double_v1_rom_shim.S.obj
                0x10003c44                double_table_shim_on_use_helper
 .text.__wrap___aeabi_dsub
                0x10003c70       0x10 CMakeFiles/main.dir/D_/pico/pico-sdk/src/rp2_common/pico_double/double_v1_rom_shim.S.obj
                0x10003c70                drsub_shim
                0x10003c76                dsub_shim
 .text.dadd_shim
                0x10003c80      0x15c CMakeFiles/main.dir/D_/pico/pico-sdk/src/rp2_common/pico_double/double_v1_rom_shim.S.obj
                0x10003c80                dadd_shim
 .text.dmul_shim
                0x10003ddc      0x15c CMakeFiles/main.dir/D_/pico/pico-sdk/src/rp2_common/pico_double/double_v1_rom_shim.S.obj
                0x10003ddc                dmul_shim
 .text.ddiv_shim
                0x10003f38      0x1b0 CMakeFiles/main.dir/D_/pico/pico-sdk/src/rp2_common/pico_double/double_v1_rom_shim.S.obj
                0x10003f38                ddiv_shim
 .text.dsqrt_shim
                0x100040e8      0x1a8 CMakeFiles/main.dir/D_/pico/pico-sdk/src/rp2_common/pico_double/double_v1_rom_shim.S.obj
                0x10004104                dsqrt_shim
 .text.double2uint_shim
                0x10004290        0xe CMakeFiles/main.dir/D_/pico/pico-sdk/src/rp2_common/pico_double/double_v1_rom_shim.S.obj
                0x10004290                double2uint_shim
                0x10004292                double2ufix_shim
 *fill*         0x1000429e        0x2 
 .text.double2uint64_shim
                0x100042a0       0x70 CMakeFiles/main.dir/D_/pico/pico-sdk/src/rp2_common/pico_double/double_v1_rom_shim.S.obj
                0x100042a0                double2uint64_shim
                0x100042a2                double2ufix64_shim
                0x100042c2                d2fix_a
 .text.dunpacks
                0x10004310       0x3c CMakeFiles/main.dir/D_/pico/pico-sdk/src/rp2_common/pico_double/double_v1_rom_shim.S.obj
                0x10004310                dunpacks
 .text.__aeabi_lmul
                0x1000434c       0x32 CMakeFiles/main.dir/D_/pico/pico-sdk/src/rp2_common/pico_int64_ops/pico_int64_ops_aeabi.S.obj
                0x1000434c                __wrap___aeabi_lmul
 *fill*         0x1000437e        0x2 
 .text.__wrap___aeabi_farithmetic
                0x10004380       0x48 CMakeFiles/main.dir/D_/pico/pico-sdk/src/rp2_common/pico_float/float_aeabi.S.obj
                0x10004380                __wrap___aeabi_frsub
                0x10004386                __wrap___aeabi_fsub
                0x1000438c                __wrap___aeabi_fadd
                0x10004392                __wrap___aeabi_fdiv
                0x100043ba                __wrap___aeabi_fmul
 .text.__wrap___aeabi_ui2f
                0x100043c8        0xa CMakeFiles/main.dir/D_/pico/pico-sdk/src/rp2_common/pico_float/float_aeabi.S.obj
                0x100043c8                __wrap___aeabi_ui2f
 *fill*         0x100043d2        0x2 
 .text.__wrap___aeabi_i2f
                0x100043d4       0x44 CMakeFiles/main.dir/D_/pico/pico-sdk/src/rp2_common/pico_float/float_aeabi.S.obj
                0x100043d4                __wrap___aeabi_i2f
 .text.__wrap___aeabi_f2iz
                0x10004418       0x4e CMakeFiles/main.dir/D_/pico/pico-sdk/src/rp2_common/pico_float/float_aeabi.S.obj
                0x10004418                float2int_z
                0x10004418                __wrap___aeabi_f2iz
 *fill*         0x10004466        0x2 
 .text.float2int
                0x10004468       0x14 CMakeFiles/main.dir/D_/pico/pico-sdk/src/rp2_common/pico_float/float_aeabi.S.obj
                0x10004468                float2int
 .text.__wrap___aeabi_f2uiz
                0x1000447c        0xc CMakeFiles/main.dir/D_/pico/pico-sdk/src/rp2_common/pico_float/float_aeabi.S.obj
                0x1000447c                __wrap___aeabi_f2uiz
 .text.__wrap___aeabi_f2d
                0x10004488       0x14 CMakeFiles/main.dir/D_/pico/pico-sdk/src/rp2_common/pico_float/float_aeabi.S.obj
                0x10004488                __wrap___aeabi_f2d
 .text.__aeabi_float_init
                0x1000449c       0x64 CMakeFiles/main.dir/D_/pico/pico-sdk/src/rp2_common/pico_float/float_init_rom.c.obj
                0x1000449c                __aeabi_float_init
 .text.float_table_shim_on_use_helper
                0x10004500       0x2c CMakeFiles/main.dir/D_/pico/pico-sdk/src/rp2_common/pico_float/float_v1_rom_shim.S.obj
                0x10004500                float_table_shim_on_use_helper
 .text.float232_shims
                0x1000452c       0x18 CMakeFiles/main.dir/D_/pico/pico-sdk/src/rp2_common/pico_float/float_v1_rom_shim.S.obj
                0x1000452c                float2int_shim
                0x1000452e                float2fix_shim
 .text.float2double_shim
                0x10004544       0x30 CMakeFiles/main.dir/D_/pico/pico-sdk/src/rp2_common/pico_float/float_v1_rom_shim.S.obj
                0x10004544                float2double_shim
 .text          0x10004574       0x10 CMakeFiles/main.dir/D_/pico/pico-sdk/src/rp2_common/pico_mem_ops/mem_ops_aeabi.S.obj
                0x10004574                __aeabi_mem_init
 .text.memset   0x10004584        0xc CMakeFiles/main.dir/D_/pico/pico-sdk/src/rp2_common/pico_mem_ops/mem_ops_aeabi.S.obj
                0x10004584                __wrap_memset
 .text.memcpy   0x10004590        0xc CMakeFiles/main.dir/D_/pico/pico-sdk/src/rp2_common/pico_mem_ops/mem_ops_aeabi.S.obj
                0x10004590                __wrap_memcpy
                0x10004590                __wrap___aeabi_memcpy
 .text.stdio_out_chars_no_crlf
                0x1000459c       0x10 CMakeFiles/main.dir/D_/pico/pico-sdk/src/rp2_common/pico_stdio/stdio.c.obj
 .text.stdio_out_chars_crlf
                0x100045ac       0xb4 CMakeFiles/main.dir/D_/pico/pico-sdk/src/rp2_common/pico_stdio/stdio.c.obj
 .text.stdio_buffered_printer
                0x10004660       0x64 CMakeFiles/main.dir/D_/pico/pico-sdk/src/rp2_common/pico_stdio/stdio.c.obj
 .text.stdio_put_string.isra.0
                0x100046c4       0xfc CMakeFiles/main.dir/D_/pico/pico-sdk/src/rp2_common/pico_stdio/stdio.c.obj
 .text.__wrap_putchar
                0x100047c0       0xa0 CMakeFiles/main.dir/D_/pico/pico-sdk/src/rp2_common/pico_stdio/stdio.c.obj
                0x100047c0                __wrap_putchar
 .text.__wrap_puts
                0x10004860       0x3c CMakeFiles/main.dir/D_/pico/pico-sdk/src/rp2_common/pico_stdio/stdio.c.obj
                0x10004860                __wrap_puts
 .text.stdio_set_driver_enabled
                0x1000489c       0x30 CMakeFiles/main.dir/D_/pico/pico-sdk/src/rp2_common/pico_stdio/stdio.c.obj
                0x1000489c                stdio_set_driver_enabled
 .text.__wrap_vprintf
                0x100048cc       0xd8 CMakeFiles/main.dir/D_/pico/pico-sdk/src/rp2_common/pico_stdio/stdio.c.obj
                0x100048cc                __wrap_vprintf
 .text.__wrap_printf
                0x100049a4       0x18 CMakeFiles/main.dir/D_/pico/pico-sdk/src/rp2_common/pico_stdio/stdio.c.obj
                0x100049a4                __wrap_printf
 .text.stdio_init_all
                0x100049bc        0x8 CMakeFiles/main.dir/D_/pico/pico-sdk/src/rp2_common/pico_stdio/stdio.c.obj
                0x100049bc                stdio_init_all
 .text.resetd_init
                0x100049c4        0x4 CMakeFiles/main.dir/D_/pico/pico-sdk/src/rp2_common/pico_stdio_usb/reset_interface.c.obj
 .text.resetd_reset
                0x100049c8        0xc CMakeFiles/main.dir/D_/pico/pico-sdk/src/rp2_common/pico_stdio_usb/reset_interface.c.obj
 .text.resetd_open
                0x100049d4       0x28 CMakeFiles/main.dir/D_/pico/pico-sdk/src/rp2_common/pico_stdio_usb/reset_interface.c.obj
 .text.resetd_xfer_cb
                0x100049fc        0x4 CMakeFiles/main.dir/D_/pico/pico-sdk/src/rp2_common/pico_stdio_usb/reset_interface.c.obj
 .text.resetd_control_xfer_cb
                0x10004a00       0x64 CMakeFiles/main.dir/D_/pico/pico-sdk/src/rp2_common/pico_stdio_usb/reset_interface.c.obj
 .text.usbd_app_driver_get_cb
                0x10004a64        0xc CMakeFiles/main.dir/D_/pico/pico-sdk/src/rp2_common/pico_stdio_usb/reset_interface.c.obj
                0x10004a64                usbd_app_driver_get_cb
 .text.tud_cdc_line_coding_cb
                0x10004a70       0x34 CMakeFiles/main.dir/D_/pico/pico-sdk/src/rp2_common/pico_stdio_usb/reset_interface.c.obj
                0x10004a70                tud_cdc_line_coding_cb
 .text.stdio_usb_in_chars
                0x10004aa4       0x68 CMakeFiles/main.dir/D_/pico/pico-sdk/src/rp2_common/pico_stdio_usb/stdio_usb.c.obj
                0x10004aa4                stdio_usb_in_chars
 .text.stdio_usb_out_chars
                0x10004b0c       0xe4 CMakeFiles/main.dir/D_/pico/pico-sdk/src/rp2_common/pico_stdio_usb/stdio_usb.c.obj
 .text.timer_task
                0x10004bf0       0x18 CMakeFiles/main.dir/D_/pico/pico-sdk/src/rp2_common/pico_stdio_usb/stdio_usb.c.obj
 .text.usb_irq  0x10004c08       0x10 CMakeFiles/main.dir/D_/pico/pico-sdk/src/rp2_common/pico_stdio_usb/stdio_usb.c.obj
 .text.low_priority_worker_irq
                0x10004c18       0x24 CMakeFiles/main.dir/D_/pico/pico-sdk/src/rp2_common/pico_stdio_usb/stdio_usb.c.obj
 .text.stdio_usb_init
                0x10004c3c       0xb0 CMakeFiles/main.dir/D_/pico/pico-sdk/src/rp2_common/pico_stdio_usb/stdio_usb.c.obj
                0x10004c3c                stdio_usb_init
 .text.tud_descriptor_device_cb
                0x10004cec        0x8 CMakeFiles/main.dir/D_/pico/pico-sdk/src/rp2_common/pico_stdio_usb/stdio_usb_descriptors.c.obj
                0x10004cec                tud_descriptor_device_cb
 .text.tud_descriptor_configuration_cb
                0x10004cf4        0x8 CMakeFiles/main.dir/D_/pico/pico-sdk/src/rp2_common/pico_stdio_usb/stdio_usb_descriptors.c.obj
                0x10004cf4                tud_descriptor_configuration_cb
 .text.tud_descriptor_string_cb
                0x10004cfc       0x74 CMakeFiles/main.dir/D_/pico/pico-sdk/src/rp2_common/pico_stdio_usb/stdio_usb_descriptors.c.obj
                0x10004cfc                tud_descriptor_string_cb
 .text.dcd_rp2040_irq
                0x10004d70      0x21c CMakeFiles/main.dir/D_/pico/pico-sdk/lib/tinyusb/src/portable/raspberrypi/rp2040/dcd_rp2040.c.obj
 .text.dcd_int_enable
                0x10004f8c        0xc CMakeFiles/main.dir/D_/pico/pico-sdk/lib/tinyusb/src/portable/raspberrypi/rp2040/dcd_rp2040.c.obj
                0x10004f8c                dcd_int_enable
 .text.dcd_set_address
                0x10004f98       0x14 CMakeFiles/main.dir/D_/pico/pico-sdk/lib/tinyusb/src/portable/raspberrypi/rp2040/dcd_rp2040.c.obj
                0x10004f98                dcd_set_address
 .text.dcd_connect
                0x10004fac       0x10 CMakeFiles/main.dir/D_/pico/pico-sdk/lib/tinyusb/src/portable/raspberrypi/rp2040/dcd_rp2040.c.obj
                0x10004fac                dcd_connect
 .text.dcd_init
                0x10004fbc      0x144 CMakeFiles/main.dir/D_/pico/pico-sdk/lib/tinyusb/src/portable/raspberrypi/rp2040/dcd_rp2040.c.obj
                0x10004fbc                dcd_init
 .text.dcd_edpt0_status_complete
                0x10005100       0x1c CMakeFiles/main.dir/D_/pico/pico-sdk/lib/tinyusb/src/portable/raspberrypi/rp2040/dcd_rp2040.c.obj
                0x10005100                dcd_edpt0_status_complete
 .text.dcd_edpt_open
                0x1000511c       0xf0 CMakeFiles/main.dir/D_/pico/pico-sdk/lib/tinyusb/src/portable/raspberrypi/rp2040/dcd_rp2040.c.obj
                0x1000511c                dcd_edpt_open
 .text.dcd_edpt_close_all
                0x1000520c       0xbc CMakeFiles/main.dir/D_/pico/pico-sdk/lib/tinyusb/src/portable/raspberrypi/rp2040/dcd_rp2040.c.obj
                0x1000520c                dcd_edpt_close_all
 .text.dcd_edpt_xfer
                0x100052c8       0x24 CMakeFiles/main.dir/D_/pico/pico-sdk/lib/tinyusb/src/portable/raspberrypi/rp2040/dcd_rp2040.c.obj
                0x100052c8                dcd_edpt_xfer
 .text.dcd_edpt_stall
                0x100052ec       0x38 CMakeFiles/main.dir/D_/pico/pico-sdk/lib/tinyusb/src/portable/raspberrypi/rp2040/dcd_rp2040.c.obj
                0x100052ec                dcd_edpt_stall
 .text.dcd_edpt_clear_stall
                0x10005324       0x30 CMakeFiles/main.dir/D_/pico/pico-sdk/lib/tinyusb/src/portable/raspberrypi/rp2040/dcd_rp2040.c.obj
                0x10005324                dcd_edpt_clear_stall
 .text._hw_endpoint_buffer_control_update32.part.0.isra.0
                0x10005354       0x1c CMakeFiles/main.dir/D_/pico/pico-sdk/lib/tinyusb/src/portable/raspberrypi/rp2040/rp2040_usb.c.obj
 .text.rp2040_usb_init
                0x10005370       0x4c CMakeFiles/main.dir/D_/pico/pico-sdk/lib/tinyusb/src/portable/raspberrypi/rp2040/rp2040_usb.c.obj
                0x10005370                rp2040_usb_init
 .text.hw_endpoint_reset_transfer
                0x100053bc        0xc CMakeFiles/main.dir/D_/pico/pico-sdk/lib/tinyusb/src/portable/raspberrypi/rp2040/rp2040_usb.c.obj
                0x100053bc                hw_endpoint_reset_transfer
 .text._hw_endpoint_buffer_control_update32
                0x100053c8       0x44 CMakeFiles/main.dir/D_/pico/pico-sdk/lib/tinyusb/src/portable/raspberrypi/rp2040/rp2040_usb.c.obj
                0x100053c8                _hw_endpoint_buffer_control_update32
 .text.hw_endpoint_xfer_start
                0x1000540c      0x138 CMakeFiles/main.dir/D_/pico/pico-sdk/lib/tinyusb/src/portable/raspberrypi/rp2040/rp2040_usb.c.obj
                0x1000540c                hw_endpoint_xfer_start
 .text.hw_endpoint_xfer_continue
                0x10005544      0x1e4 CMakeFiles/main.dir/D_/pico/pico-sdk/lib/tinyusb/src/portable/raspberrypi/rp2040/rp2040_usb.c.obj
                0x10005544                hw_endpoint_xfer_continue
 .text.tud_mounted
                0x10005728       0x10 CMakeFiles/main.dir/D_/pico/pico-sdk/lib/tinyusb/src/device/usbd.c.obj
                0x10005728                tud_mounted
 .text.tud_suspended
                0x10005738       0x10 CMakeFiles/main.dir/D_/pico/pico-sdk/lib/tinyusb/src/device/usbd.c.obj
                0x10005738                tud_suspended
 .text.tud_inited
                0x10005748        0xc CMakeFiles/main.dir/D_/pico/pico-sdk/lib/tinyusb/src/device/usbd.c.obj
                0x10005748                tud_inited
 .text.tud_init
                0x10005754       0xd8 CMakeFiles/main.dir/D_/pico/pico-sdk/lib/tinyusb/src/device/usbd.c.obj
                0x10005754                tud_init
 .text.tud_task
                0x1000582c      0x8ec CMakeFiles/main.dir/D_/pico/pico-sdk/lib/tinyusb/src/device/usbd.c.obj
                0x1000582c                tud_task
 .text.dcd_event_bus_signal
                0x10006118      0x120 CMakeFiles/main.dir/D_/pico/pico-sdk/lib/tinyusb/src/device/usbd.c.obj
                0x10006118                dcd_event_bus_signal
 .text.dcd_event_bus_reset
                0x10006238       0x54 CMakeFiles/main.dir/D_/pico/pico-sdk/lib/tinyusb/src/device/usbd.c.obj
                0x10006238                dcd_event_bus_reset
 .text.dcd_event_setup_received
                0x1000628c       0x50 CMakeFiles/main.dir/D_/pico/pico-sdk/lib/tinyusb/src/device/usbd.c.obj
                0x1000628c                dcd_event_setup_received
 .text.dcd_event_xfer_complete
                0x100062dc       0x68 CMakeFiles/main.dir/D_/pico/pico-sdk/lib/tinyusb/src/device/usbd.c.obj
                0x100062dc                dcd_event_xfer_complete
 .text.usbd_open_edpt_pair
                0x10006344       0x80 CMakeFiles/main.dir/D_/pico/pico-sdk/lib/tinyusb/src/device/usbd.c.obj
                0x10006344                usbd_open_edpt_pair
 .text.usbd_edpt_open
                0x100063c4       0x30 CMakeFiles/main.dir/D_/pico/pico-sdk/lib/tinyusb/src/device/usbd.c.obj
                0x100063c4                usbd_edpt_open
 .text.usbd_edpt_claim
                0x100063f4       0x64 CMakeFiles/main.dir/D_/pico/pico-sdk/lib/tinyusb/src/device/usbd.c.obj
                0x100063f4                usbd_edpt_claim
 .text.usbd_edpt_release
                0x10006458       0x4c CMakeFiles/main.dir/D_/pico/pico-sdk/lib/tinyusb/src/device/usbd.c.obj
                0x10006458                usbd_edpt_release
 .text.usbd_edpt_xfer
                0x100064a4       0x48 CMakeFiles/main.dir/D_/pico/pico-sdk/lib/tinyusb/src/device/usbd.c.obj
                0x100064a4                usbd_edpt_xfer
 .text.tud_control_status
                0x100064ec       0x30 CMakeFiles/main.dir/D_/pico/pico-sdk/lib/tinyusb/src/device/usbd_control.c.obj
                0x100064ec                tud_control_status
 .text.tud_control_xfer
                0x1000651c       0xbc CMakeFiles/main.dir/D_/pico/pico-sdk/lib/tinyusb/src/device/usbd_control.c.obj
                0x1000651c                tud_control_xfer
 .text.usbd_control_reset
                0x100065d8       0x14 CMakeFiles/main.dir/D_/pico/pico-sdk/lib/tinyusb/src/device/usbd_control.c.obj
                0x100065d8                usbd_control_reset
 .text.usbd_control_set_complete_callback
                0x100065ec        0xc CMakeFiles/main.dir/D_/pico/pico-sdk/lib/tinyusb/src/device/usbd_control.c.obj
                0x100065ec                usbd_control_set_complete_callback
 .text.usbd_control_set_request
                0x100065f8       0x1c CMakeFiles/main.dir/D_/pico/pico-sdk/lib/tinyusb/src/device/usbd_control.c.obj
                0x100065f8                usbd_control_set_request
 .text.usbd_control_xfer_cb
                0x10006614       0xfc CMakeFiles/main.dir/D_/pico/pico-sdk/lib/tinyusb/src/device/usbd_control.c.obj
                0x10006614                usbd_control_xfer_cb
 .text.tud_cdc_n_connected
                0x10006710       0x30 CMakeFiles/main.dir/D_/pico/pico-sdk/lib/tinyusb/src/class/cdc/cdc_device.c.obj
                0x10006710                tud_cdc_n_connected
 .text.tud_cdc_n_available
                0x10006740       0x18 CMakeFiles/main.dir/D_/pico/pico-sdk/lib/tinyusb/src/class/cdc/cdc_device.c.obj
                0x10006740                tud_cdc_n_available
 .text.tud_cdc_n_read
                0x10006758       0x70 CMakeFiles/main.dir/D_/pico/pico-sdk/lib/tinyusb/src/class/cdc/cdc_device.c.obj
                0x10006758                tud_cdc_n_read
 .text.tud_cdc_n_write_flush
                0x100067c8       0x78 CMakeFiles/main.dir/D_/pico/pico-sdk/lib/tinyusb/src/class/cdc/cdc_device.c.obj
                0x100067c8                tud_cdc_n_write_flush
 .text.tud_cdc_n_write
                0x10006840       0x34 CMakeFiles/main.dir/D_/pico/pico-sdk/lib/tinyusb/src/class/cdc/cdc_device.c.obj
                0x10006840                tud_cdc_n_write
 .text.tud_cdc_n_write_available
                0x10006874       0x18 CMakeFiles/main.dir/D_/pico/pico-sdk/lib/tinyusb/src/class/cdc/cdc_device.c.obj
                0x10006874                tud_cdc_n_write_available
 .text.cdcd_init
                0x1000688c       0x7c CMakeFiles/main.dir/D_/pico/pico-sdk/lib/tinyusb/src/class/cdc/cdc_device.c.obj
                0x1000688c                cdcd_init
 .text.cdcd_reset
                0x10006908       0x2c CMakeFiles/main.dir/D_/pico/pico-sdk/lib/tinyusb/src/class/cdc/cdc_device.c.obj
                0x10006908                cdcd_reset
 .text.cdcd_open
                0x10006934       0xe4 CMakeFiles/main.dir/D_/pico/pico-sdk/lib/tinyusb/src/class/cdc/cdc_device.c.obj
                0x10006934                cdcd_open
 .text.cdcd_control_xfer_cb
                0x10006a18       0xe4 CMakeFiles/main.dir/D_/pico/pico-sdk/lib/tinyusb/src/class/cdc/cdc_device.c.obj
                0x10006a18                cdcd_control_xfer_cb
 .text.cdcd_xfer_cb
                0x10006afc      0x148 CMakeFiles/main.dir/D_/pico/pico-sdk/lib/tinyusb/src/class/cdc/cdc_device.c.obj
                0x10006afc                cdcd_xfer_cb
 .text.tusb_init
                0x10006c44        0xc CMakeFiles/main.dir/D_/pico/pico-sdk/lib/tinyusb/src/tusb.c.obj
                0x10006c44                tusb_init
 .text.tusb_inited
                0x10006c50        0x8 CMakeFiles/main.dir/D_/pico/pico-sdk/lib/tinyusb/src/tusb.c.obj
                0x10006c50                tusb_inited
 .text.tu_edpt_validate
                0x10006c58       0x78 CMakeFiles/main.dir/D_/pico/pico-sdk/lib/tinyusb/src/tusb.c.obj
                0x10006c58                tu_edpt_validate
 .text.tu_edpt_bind_driver
                0x10006cd0       0x2c CMakeFiles/main.dir/D_/pico/pico-sdk/lib/tinyusb/src/tusb.c.obj
                0x10006cd0                tu_edpt_bind_driver
 .text.tu_fifo_config
                0x10006cfc       0x78 CMakeFiles/main.dir/D_/pico/pico-sdk/lib/tinyusb/src/common/tusb_fifo.c.obj
                0x10006cfc                tu_fifo_config
 .text.tu_fifo_count
                0x10006d74       0x20 CMakeFiles/main.dir/D_/pico/pico-sdk/lib/tinyusb/src/common/tusb_fifo.c.obj
                0x10006d74                tu_fifo_count
 .text.tu_fifo_empty
                0x10006d94       0x10 CMakeFiles/main.dir/D_/pico/pico-sdk/lib/tinyusb/src/common/tusb_fifo.c.obj
                0x10006d94                tu_fifo_empty
 .text.tu_fifo_remaining
                0x10006da4       0x1c CMakeFiles/main.dir/D_/pico/pico-sdk/lib/tinyusb/src/common/tusb_fifo.c.obj
                0x10006da4                tu_fifo_remaining
 .text.tu_fifo_read
                0x10006dc0       0x9c CMakeFiles/main.dir/D_/pico/pico-sdk/lib/tinyusb/src/common/tusb_fifo.c.obj
                0x10006dc0                tu_fifo_read
 .text.tu_fifo_read_n
                0x10006e5c      0x100 CMakeFiles/main.dir/D_/pico/pico-sdk/lib/tinyusb/src/common/tusb_fifo.c.obj
                0x10006e5c                tu_fifo_read_n
 .text.tu_fifo_write
                0x10006f5c       0x7c CMakeFiles/main.dir/D_/pico/pico-sdk/lib/tinyusb/src/common/tusb_fifo.c.obj
                0x10006f5c                tu_fifo_write
 .text.tu_fifo_write_n
                0x10006fd8      0x100 CMakeFiles/main.dir/D_/pico/pico-sdk/lib/tinyusb/src/common/tusb_fifo.c.obj
                0x10006fd8                tu_fifo_write_n
 .text.tu_fifo_clear
                0x100070d8       0x4c CMakeFiles/main.dir/D_/pico/pico-sdk/lib/tinyusb/src/common/tusb_fifo.c.obj
                0x100070d8                tu_fifo_clear
 .text.tu_fifo_set_overwritable
                0x10007124       0x3c CMakeFiles/main.dir/D_/pico/pico-sdk/lib/tinyusb/src/common/tusb_fifo.c.obj
                0x10007124                tu_fifo_set_overwritable
 .text.startup._retrieve_unique_id_on_boot
                0x10007160       0x10 CMakeFiles/main.dir/D_/pico/pico-sdk/src/rp2_common/pico_unique_id/unique_id.c.obj
 .text.pico_get_unique_board_id_string
                0x10007170      0x1a8 CMakeFiles/main.dir/D_/pico/pico-sdk/src/rp2_common/pico_unique_id/unique_id.c.obj
                0x10007170                pico_get_unique_board_id_string
 .text.flash_get_unique_id
                0x10007318       0x40 CMakeFiles/main.dir/D_/pico/pico-sdk/src/rp2_common/hardware_flash/flash.c.obj
                0x10007318                flash_get_unique_id
 .text.spi_init
                0x10007358       0xf8 CMakeFiles/main.dir/D_/pico/pico-sdk/src/rp2_common/hardware_spi/spi.c.obj
                0x10007358                spi_init
 .text.spi_set_baudrate
                0x10007450       0x94 CMakeFiles/main.dir/D_/pico/pico-sdk/src/rp2_common/hardware_spi/spi.c.obj
                0x10007450                spi_set_baudrate
 .text.lcd_test
                0x100074e4       0x38 examples/libexamples.a(lcd_test.c.obj)
                0x100074e4                lcd_test
 .text.SD_Init  0x1000751c       0x6c lib/lcd/liblcd.a(LCD_Bmp.c.obj)
                0x1000751c                SD_Init
 .text.LCD_Show_bmp
                0x10007588      0x12c lib/lcd/liblcd.a(LCD_Bmp.c.obj)
                0x10007588                LCD_Show_bmp
 .text.LCD_WriteData
                0x100076b4       0x44 lib/lcd/liblcd.a(LCD_Driver.c.obj)
                0x100076b4                LCD_WriteData
 .text.LCD_SetGramScanWay
                0x100076f8       0xa4 lib/lcd/liblcd.a(LCD_Driver.c.obj)
                0x100076f8                LCD_SetGramScanWay
 .text.LCD_Init
                0x1000779c     0x17b8 lib/lcd/liblcd.a(LCD_Driver.c.obj)
                0x1000779c                LCD_Init
 .text.LCD_SetWindow
                0x10008f54      0x260 lib/lcd/liblcd.a(LCD_Driver.c.obj)
                0x10008f54                LCD_SetWindow
 .text.LCD_SetCursor
                0x100091b4      0x244 lib/lcd/liblcd.a(LCD_Driver.c.obj)
                0x100091b4                LCD_SetCursor
 .text.LCD_SetPointlColor
                0x100093f8       0x48 lib/lcd/liblcd.a(LCD_Driver.c.obj)
                0x100093f8                LCD_SetPointlColor
 .text.LCD_SetArealColor
                0x10009440       0x64 lib/lcd/liblcd.a(LCD_Driver.c.obj)
                0x10009440                LCD_SetArealColor
 .text.LCD_Clear
                0x100094a4       0x58 lib/lcd/liblcd.a(LCD_Driver.c.obj)
                0x100094a4                LCD_Clear
 .text.GUI_DisChar.part.0
                0x100094fc      0x120 lib/lcd/liblcd.a(LCD_GUI.c.obj)
 .text.GUI_DrawLine.part.0
                0x1000961c      0x1b4 lib/lcd/liblcd.a(LCD_GUI.c.obj)
 .text.GUI_DrawRectangle.part.0
                0x100097d0       0xd8 lib/lcd/liblcd.a(LCD_GUI.c.obj)
 .text.GUI_DrawCircle.part.0
                0x100098a8      0x69c lib/lcd/liblcd.a(LCD_GUI.c.obj)
 .text.GUI_DrawPoint
                0x10009f44       0xb0 lib/lcd/liblcd.a(LCD_GUI.c.obj)
                0x10009f44                GUI_DrawPoint
 .text.GUI_DrawLine
                0x10009ff4       0x3c lib/lcd/liblcd.a(LCD_GUI.c.obj)
                0x10009ff4                GUI_DrawLine
 .text.GUI_DrawRectangle
                0x1000a030       0x48 lib/lcd/liblcd.a(LCD_GUI.c.obj)
                0x1000a030                GUI_DrawRectangle
 .text.GUI_DrawCircle
                0x1000a078       0x2c lib/lcd/liblcd.a(LCD_GUI.c.obj)
                0x1000a078                GUI_DrawCircle
 .text.GUI_DisString_EN
                0x1000a0a4       0xa4 lib/lcd/liblcd.a(LCD_GUI.c.obj)
                0x1000a0a4                GUI_DisString_EN
 .text.GUI_DisNum
                0x1000a148      0x120 lib/lcd/liblcd.a(LCD_GUI.c.obj)
                0x1000a148                GUI_DisNum
 .text.TP_Read_ADC_Average
                0x1000a268      0x108 lib/lcd/liblcd.a(LCD_Touch.c.obj)
 .text.TP_ShowInfo.part.0
                0x1000a370      0x1cc lib/lcd/liblcd.a(LCD_Touch.c.obj)
 .text.TP_Read_TwiceADC.constprop.0
                0x1000a53c       0x84 lib/lcd/liblcd.a(LCD_Touch.c.obj)
 .text.TP_Adjust
                0x1000a5c0      0xac4 lib/lcd/liblcd.a(LCD_Touch.c.obj)
                0x1000a5c0                TP_Adjust
 .text.TP_GetAdFac
                0x1000b084       0xec lib/lcd/liblcd.a(LCD_Touch.c.obj)
                0x1000b084                TP_GetAdFac
 .text.TP_gesmain
                0x1000b170      0x100 lib/lcd/liblcd.a(LCD_Touch.c.obj)
                0x1000b170                TP_gesmain
 .text.TP_Dialog
                0x1000b270      0x21c lib/lcd/liblcd.a(LCD_Touch.c.obj)
                0x1000b270                TP_Dialog
 .text.TP_DrawBoard
                0x1000b48c      0x288 lib/lcd/liblcd.a(LCD_Touch.c.obj)
                0x1000b48c                TP_DrawBoard
 .text.TP_Init  0x1000b714       0x28 lib/lcd/liblcd.a(LCD_Touch.c.obj)
                0x1000b714                TP_Init
 .text.DEV_Digital_Write
                0x1000b73c       0x14 lib/config/libconfig.a(DEV_Config.c.obj)
                0x1000b73c                DEV_Digital_Write
 .text.DEV_Digital_Read
                0x1000b750       0x10 lib/config/libconfig.a(DEV_Config.c.obj)
                0x1000b750                DEV_Digital_Read
 .text.System_Init
                0x1000b760       0xa8 lib/config/libconfig.a(DEV_Config.c.obj)
                0x1000b760                System_Init
 .text.SPI4W_Write_Byte
                0x1000b808       0x24 lib/config/libconfig.a(DEV_Config.c.obj)
                0x1000b808                SPI4W_Write_Byte
 .text.SPI4W_Read_Byte
                0x1000b82c       0x20 lib/config/libconfig.a(DEV_Config.c.obj)
                0x1000b82c                SPI4W_Read_Byte
 .text.Driver_Delay_ms
                0x1000b84c        0x8 lib/config/libconfig.a(DEV_Config.c.obj)
                0x1000b84c                Driver_Delay_ms
 .text.Driver_Delay_us
                0x1000b854        0x4 lib/config/libconfig.a(DEV_Config.c.obj)
                0x1000b854                Driver_Delay_us
 .text.Storage_OpenReadFile
                0x1000b858      0x260 lib/fatfs/libfatfs.a(fatfs_storage.c.obj)
                0x1000b858                Storage_OpenReadFile
 .text.Storage_CheckBitmapFile
                0x1000bab8       0x24 lib/fatfs/libfatfs.a(fatfs_storage.c.obj)
                0x1000bab8                Storage_CheckBitmapFile
 .text.Storage_GetDirectoryBitmapFiles
                0x1000badc      0x154 lib/fatfs/libfatfs.a(fatfs_storage.c.obj)
                0x1000badc                Storage_GetDirectoryBitmapFiles
 .text.get_fileinfo
                0x1000bc30      0x10c lib/fatfs/libfatfs.a(ff.c.obj)
 .text.check_fs
                0x1000bd3c       0x80 lib/fatfs/libfatfs.a(ff.c.obj)
 .text.move_window
                0x1000bdbc       0x80 lib/fatfs/libfatfs.a(ff.c.obj)
 .text.find_volume
                0x1000be3c      0x3ac lib/fatfs/libfatfs.a(ff.c.obj)
 .text.get_fat.part.0
                0x1000c1e8       0xd8 lib/fatfs/libfatfs.a(ff.c.obj)
 .text.f_read.part.0
                0x1000c2c0      0x250 lib/fatfs/libfatfs.a(ff.c.obj)
 .text.put_fat.part.0
                0x1000c510      0x12c lib/fatfs/libfatfs.a(ff.c.obj)
 .text.sync_fs  0x1000c63c       0xc4 lib/fatfs/libfatfs.a(ff.c.obj)
 .text.create_chain
                0x1000c700      0x1c4 lib/fatfs/libfatfs.a(ff.c.obj)
 .text.dir_sdi  0x1000c8c4      0x1a4 lib/fatfs/libfatfs.a(ff.c.obj)
 .text.follow_path
                0x1000ca68      0x37c lib/fatfs/libfatfs.a(ff.c.obj)
 .text.remove_chain.part.0
                0x1000cde4      0x154 lib/fatfs/libfatfs.a(ff.c.obj)
 .text.dir_register
                0x1000cf38      0x308 lib/fatfs/libfatfs.a(ff.c.obj)
 .text.f_mount  0x1000d240       0x5c lib/fatfs/libfatfs.a(ff.c.obj)
                0x1000d240                f_mount
 .text.f_open   0x1000d29c      0x194 lib/fatfs/libfatfs.a(ff.c.obj)
                0x1000d29c                f_open
 .text.f_read   0x1000d430       0x5c lib/fatfs/libfatfs.a(ff.c.obj)
                0x1000d430                f_read
 .text.f_close  0x1000d48c       0xd8 lib/fatfs/libfatfs.a(ff.c.obj)
                0x1000d48c                f_close
 .text.f_opendir
                0x1000d564       0x88 lib/fatfs/libfatfs.a(ff.c.obj)
                0x1000d564                f_opendir
 .text.f_readdir
                0x1000d5ec      0x280 lib/fatfs/libfatfs.a(ff.c.obj)
                0x1000d5ec                f_readdir
 .text.disk_initialize
                0x1000d86c       0x28 lib/fatfs/libfatfs.a(diskio.c.obj)
                0x1000d86c                disk_initialize
 .text.disk_status
                0x1000d894        0x4 lib/fatfs/libfatfs.a(diskio.c.obj)
                0x1000d894                disk_status
 .text.disk_read
                0x1000d898       0x34 lib/fatfs/libfatfs.a(diskio.c.obj)
                0x1000d898                disk_read
 .text.disk_write
                0x1000d8cc       0x28 lib/fatfs/libfatfs.a(diskio.c.obj)
                0x1000d8cc                disk_write
 .text.disk_ioctl
                0x1000d8f4       0x54 lib/fatfs/libfatfs.a(diskio.c.obj)
                0x1000d8f4                disk_ioctl
 .text.get_fattime
                0x1000d948        0x4 lib/fatfs/libfatfs.a(diskio.c.obj)
                0x1000d948                get_fattime
 .text.SD_SendCmd.constprop.0
                0x1000d94c       0x90 lib/sdcard/libsdcard.a(MMC_SD.c.obj)
 .text.SD_SPI_ReadWriteByte
                0x1000d9dc        0x8 lib/sdcard/libsdcard.a(MMC_SD.c.obj)
                0x1000d9dc                SD_SPI_ReadWriteByte
 .text.SD_SPI_SpeedLow
                0x1000d9e4        0x4 lib/sdcard/libsdcard.a(MMC_SD.c.obj)
                0x1000d9e4                SD_SPI_SpeedLow
 .text.SD_SPI_SpeedHigh
                0x1000d9e8        0x4 lib/sdcard/libsdcard.a(MMC_SD.c.obj)
                0x1000d9e8                SD_SPI_SpeedHigh
 .text.SD_WaitReady
                0x1000d9ec       0x24 lib/sdcard/libsdcard.a(MMC_SD.c.obj)
                0x1000d9ec                SD_WaitReady
 .text.SD_SendCmd
                0x1000da10       0x98 lib/sdcard/libsdcard.a(MMC_SD.c.obj)
                0x1000da10                SD_SendCmd
 .text.SD_GetCSD
                0x1000daa8       0x70 lib/sdcard/libsdcard.a(MMC_SD.c.obj)
                0x1000daa8                SD_GetCSD
 .text.SD_GetSectorCount
                0x1000db18       0x70 lib/sdcard/libsdcard.a(MMC_SD.c.obj)
                0x1000db18                SD_GetSectorCount
 .text.SD_Initialize
                0x1000db88      0x1bc lib/sdcard/libsdcard.a(MMC_SD.c.obj)
                0x1000db88                SD_Initialize
 .text.SD_ReadDisk
                0x1000dd44       0xe0 lib/sdcard/libsdcard.a(MMC_SD.c.obj)
                0x1000dd44                SD_ReadDisk
 .text.SD_WriteDisk
                0x1000de24      0x154 lib/sdcard/libsdcard.a(MMC_SD.c.obj)
                0x1000de24                SD_WriteDisk
 .text.strlen   0x1000df78       0x5c d:/tools/gcc-arm-none-eabi-10.3-2021.10/bin/../lib/gcc/arm-none-eabi/10.3.1/../../../../arm-none-eabi/lib/thumb/v6-m/nofp\libc.a(lib_a-strlen-stub.o)
                0x1000df78                strlen
 *(.fini)
 .fini          0x1000dfd4        0x4 d:/tools/gcc-arm-none-eabi-10.3-2021.10/bin/../lib/gcc/arm-none-eabi/10.3.1/thumb/v6-m/nofp/crti.o
                0x1000dfd4                _fini
 .fini.__stub   0x1000dfd8       0x80 linker stubs
 *crtbegin.o(.ctors)
 *crtbegin?.o(.ctors)
 *(EXCLUDE_FILE(*crtend.o *crtend?.o) .ctors)
 *(SORT_BY_NAME(.ctors.*))
 *(.ctors)
 *crtbegin.o(.dtors)
 *crtbegin?.o(.dtors)
 *(EXCLUDE_FILE(*crtend.o *crtend?.o) .dtors)
 *(SORT_BY_NAME(.dtors.*))
 *(.dtors)
 *(.eh_frame*)
 .eh_frame      0x1000e058        0x0 d:/tools/gcc-arm-none-eabi-10.3-2021.10/bin/../lib/gcc/arm-none-eabi/10.3.1/thumb/v6-m/nofp/crtbegin.o
                0x1000e058                . = ALIGN (0x4)

.glue_7         0x1000e058        0x0
 .glue_7        0x1000e058        0x0 linker stubs

.glue_7t        0x1000e058        0x0
 .glue_7t       0x1000e058        0x0 linker stubs

.vfp11_veneer   0x1000e058        0x0
 .vfp11_veneer  0x1000e058        0x0 linker stubs

.v4_bx          0x1000e058        0x0
 .v4_bx         0x1000e058        0x0 linker stubs

.iplt           0x1000e058        0x0
 .iplt          0x1000e058        0x0 d:/tools/gcc-arm-none-eabi-10.3-2021.10/bin/../lib/gcc/arm-none-eabi/10.3.1/thumb/v6-m/nofp/crtbegin.o

.rodata         0x1000e058     0x2ef8
 *(EXCLUDE_FILE(*libm.a: *libc.a:*lib_a-mem*.o *libgcc.a:) .rodata*)
 .rodata.spin_lock_claim_unused.str1.4
                0x1000e058       0x1b CMakeFiles/main.dir/D_/pico/pico-sdk/src/rp2_common/hardware_sync/sync.c.obj
 *fill*         0x1000e073        0x1 
 .rodata.user_irq_claim_unused.str1.4
                0x1000e074       0x1b CMakeFiles/main.dir/D_/pico/pico-sdk/src/rp2_common/hardware_irq/irq.c.obj
 *fill*         0x1000e08f        0x1 
 .rodata.hardware_alarm_claim.str1.4
                0x1000e090       0x22 CMakeFiles/main.dir/D_/pico/pico-sdk/src/rp2_common/hardware_timer/timer.c.obj
 *fill*         0x1000e0b2        0x2 
 .rodata.panic.str1.4
                0x1000e0b4       0x10 CMakeFiles/main.dir/D_/pico/pico-sdk/src/rp2_common/pico_runtime/runtime.c.obj
                                 0x12 (size before relaxing)
 .rodata.hard_assertion_failure.str1.4
                0x1000e0c4        0xc CMakeFiles/main.dir/D_/pico/pico-sdk/src/rp2_common/pico_runtime/runtime.c.obj
 .rodata._ftoa.str1.4
                0x1000e0d0       0x15 CMakeFiles/main.dir/D_/pico/pico-sdk/src/rp2_common/pico_printf/printf.c.obj
 *fill*         0x1000e0e5        0x3 
 .rodata._vsnprintf
                0x1000e0e8      0x1e0 CMakeFiles/main.dir/D_/pico/pico-sdk/src/rp2_common/pico_printf/printf.c.obj
 .rodata.pow10.0
                0x1000e2c8       0x50 CMakeFiles/main.dir/D_/pico/pico-sdk/src/rp2_common/pico_printf/printf.c.obj
 .rodata.str1.4
                0x1000e318       0x3c CMakeFiles/main.dir/D_/pico/pico-sdk/src/rp2_common/pico_standard_link/binary_info.c.obj
 .rodata.__bi_44
                0x1000e354        0xc CMakeFiles/main.dir/D_/pico/pico-sdk/src/rp2_common/pico_standard_link/binary_info.c.obj
 .rodata.__bi_75
                0x1000e360        0xc CMakeFiles/main.dir/D_/pico/pico-sdk/src/rp2_common/pico_standard_link/binary_info.c.obj
 .rodata.__bi_81
                0x1000e36c        0xc CMakeFiles/main.dir/D_/pico/pico-sdk/src/rp2_common/pico_standard_link/binary_info.c.obj
 .rodata.crlf_str.0
                0x1000e378        0x2 CMakeFiles/main.dir/D_/pico/pico-sdk/src/rp2_common/pico_stdio/stdio.c.obj
 *fill*         0x1000e37a        0x2 
 .rodata._resetd_driver
                0x1000e37c       0x18 CMakeFiles/main.dir/D_/pico/pico-sdk/src/rp2_common/pico_stdio_usb/reset_interface.c.obj
 .rodata.str1.4
                0x1000e394       0x13 CMakeFiles/main.dir/D_/pico/pico-sdk/src/rp2_common/pico_stdio_usb/stdio_usb.c.obj
 *fill*         0x1000e3a7        0x1 
 .rodata.__bi_118.0
                0x1000e3a8        0xc CMakeFiles/main.dir/D_/pico/pico-sdk/src/rp2_common/pico_stdio_usb/stdio_usb.c.obj
 .rodata.str1.4
                0x1000e3b4       0x2a CMakeFiles/main.dir/D_/pico/pico-sdk/src/rp2_common/pico_stdio_usb/stdio_usb_descriptors.c.obj
 *fill*         0x1000e3de        0x2 
 .rodata.usbd_desc_cfg
                0x1000e3e0       0x54 CMakeFiles/main.dir/D_/pico/pico-sdk/src/rp2_common/pico_stdio_usb/stdio_usb_descriptors.c.obj
 .rodata.usbd_desc_device
                0x1000e434       0x12 CMakeFiles/main.dir/D_/pico/pico-sdk/src/rp2_common/pico_stdio_usb/stdio_usb_descriptors.c.obj
 *fill*         0x1000e446        0x2 
 .rodata.usbd_desc_str
                0x1000e448       0x18 CMakeFiles/main.dir/D_/pico/pico-sdk/src/rp2_common/pico_stdio_usb/stdio_usb_descriptors.c.obj
 .rodata.dcd_rp2040_irq.str1.4
                0x1000e460       0x14 CMakeFiles/main.dir/D_/pico/pico-sdk/lib/tinyusb/src/portable/raspberrypi/rp2040/dcd_rp2040.c.obj
 .rodata._hw_endpoint_buffer_control_update32.part.0.isra.0.str1.4
                0x1000e474       0x1f CMakeFiles/main.dir/D_/pico/pico-sdk/lib/tinyusb/src/portable/raspberrypi/rp2040/rp2040_usb.c.obj
 *fill*         0x1000e493        0x1 
 .rodata.hw_endpoint_xfer_continue.str1.4
                0x1000e494       0x29 CMakeFiles/main.dir/D_/pico/pico-sdk/lib/tinyusb/src/portable/raspberrypi/rp2040/rp2040_usb.c.obj
 *fill*         0x1000e4bd        0x3 
 .rodata.str1.4
                0x1000e4c0        0x7 CMakeFiles/main.dir/D_/pico/pico-sdk/lib/tinyusb/src/portable/raspberrypi/rp2040/rp2040_usb.c.obj
 *fill*         0x1000e4c7        0x1 
 .rodata.tud_task
                0x1000e4c8       0x8c CMakeFiles/main.dir/D_/pico/pico-sdk/lib/tinyusb/src/device/usbd.c.obj
 .rodata._usbd_driver
                0x1000e554       0x18 CMakeFiles/main.dir/D_/pico/pico-sdk/lib/tinyusb/src/device/usbd.c.obj
 .rodata.SD_Init.str1.4
                0x1000e56c       0x62 lib/lcd/liblcd.a(LCD_Bmp.c.obj)
 *fill*         0x1000e5ce        0x2 
 .rodata.LCD_Show_bmp.str1.4
                0x1000e5d0       0x67 lib/lcd/liblcd.a(LCD_Bmp.c.obj)
 *fill*         0x1000e637        0x1 
 .rodata.CSWTCH.9
                0x1000e638        0xe lib/lcd/liblcd.a(LCD_Driver.c.obj)
 *fill*         0x1000e646        0x2 
 .rodata.TP_ShowInfo.part.0.str1.4
                0x1000e648       0x2a lib/lcd/liblcd.a(LCD_Touch.c.obj)
 *fill*         0x1000e672        0x2 
 .rodata.TP_Adjust.str1.4
                0x1000e674      0x162 lib/lcd/liblcd.a(LCD_Touch.c.obj)
 *fill*         0x1000e7d6        0x2 
 .rodata.TP_GetAdFac.str1.4
                0x1000e7d8       0x43 lib/lcd/liblcd.a(LCD_Touch.c.obj)
 *fill*         0x1000e81b        0x1 
 .rodata.TP_Dialog.str1.4
                0x1000e81c        0xb lib/lcd/liblcd.a(LCD_Touch.c.obj)
 *fill*         0x1000e827        0x1 
 .rodata        0x1000e828      0xbe0 lib/font/libfont.a(font16.c.obj)
                0x1000e828                Font16_Table
 .rodata        0x1000f408     0x1ab8 lib/font/libfont.a(font24.c.obj)
                0x1000f408                Font24_Table
 .rodata.Storage_GetDirectoryBitmapFiles.str1.4
                0x10010ec0        0x9 lib/fatfs/libfatfs.a(fatfs_storage.c.obj)
 .rodata.follow_path.str1.4
                0x10010ec0        0xf lib/fatfs/libfatfs.a(ff.c.obj)
 *fill*         0x10010ecf        0x1 
 .rodata.ExCvt  0x10010ed0       0x80 lib/fatfs/libfatfs.a(ff.c.obj)
                0x10010f50                . = ALIGN (0x4)
 *(SORT_BY_ALIGNMENT(SORT_BY_NAME(.flashdata*)))
                0x10010f50                . = ALIGN (0x4)

.rel.dyn        0x10010f50        0x0
 .rel.iplt      0x10010f50        0x0 d:/tools/gcc-arm-none-eabi-10.3-2021.10/bin/../lib/gcc/arm-none-eabi/10.3.1/thumb/v6-m/nofp/crtbegin.o

.ARM.extab
 *(.ARM.extab* .gnu.linkonce.armextab.*)
                0x10010f50                __exidx_start = .

.ARM.exidx
 *(.ARM.exidx* .gnu.linkonce.armexidx.*)
                0x10010f50                __exidx_end = .
                0x10010f50                . = ALIGN (0x4)
                0x10010f50                __binary_info_start = .

.binary_info    0x10010f50       0x20
 *(.binary_info.keep.*)
 .binary_info.keep.__bi_ptr22
                0x10010f50        0x4 CMakeFiles/main.dir/D_/pico/pico-sdk/src/rp2_common/pico_standard_link/binary_info.c.obj
 .binary_info.keep.__bi_ptr30
                0x10010f54        0x4 CMakeFiles/main.dir/D_/pico/pico-sdk/src/rp2_common/pico_standard_link/binary_info.c.obj
 .binary_info.keep.__bi_ptr38
                0x10010f58        0x4 CMakeFiles/main.dir/D_/pico/pico-sdk/src/rp2_common/pico_standard_link/binary_info.c.obj
 .binary_info.keep.__bi_ptr44
                0x10010f5c        0x4 CMakeFiles/main.dir/D_/pico/pico-sdk/src/rp2_common/pico_standard_link/binary_info.c.obj
 .binary_info.keep.__bi_ptr50
                0x10010f60        0x4 CMakeFiles/main.dir/D_/pico/pico-sdk/src/rp2_common/pico_standard_link/binary_info.c.obj
 .binary_info.keep.__bi_ptr75
                0x10010f64        0x4 CMakeFiles/main.dir/D_/pico/pico-sdk/src/rp2_common/pico_standard_link/binary_info.c.obj
 .binary_info.keep.__bi_ptr81
                0x10010f68        0x4 CMakeFiles/main.dir/D_/pico/pico-sdk/src/rp2_common/pico_standard_link/binary_info.c.obj
 *(.binary_info.*)
 .binary_info.__bi_ptr118
                0x10010f6c        0x4 CMakeFiles/main.dir/D_/pico/pico-sdk/src/rp2_common/pico_stdio_usb/stdio_usb.c.obj
                0x10010f70                __binary_info_end = .
                0x10010f70                . = ALIGN (0x4)
                0x10010f70                __etext = .

.ram_vector_table
                0x20000000       0xc0
 *(.ram_vector_table)
 .ram_vector_table
                0x20000000       0xc0 CMakeFiles/main.dir/D_/pico/pico-sdk/src/rp2_common/pico_runtime/runtime.c.obj
                0x20000000                ram_vector_table

.data           0x200000c0      0x444 load address 0x10010f70
                0x200000c0                __data_start__ = .
 *(vtable)
 *(.time_critical*)
 .time_critical.mutex_enter_blocking
                0x200000c0       0x48 CMakeFiles/main.dir/D_/pico/pico-sdk/src/common/pico_sync/mutex.c.obj
                0x200000c0                mutex_enter_blocking
 .time_critical.mutex_try_enter
                0x20000108       0x44 CMakeFiles/main.dir/D_/pico/pico-sdk/src/common/pico_sync/mutex.c.obj
                0x20000108                mutex_try_enter
 .time_critical.mutex_enter_timeout_ms
                0x2000014c       0xa0 CMakeFiles/main.dir/D_/pico/pico-sdk/src/common/pico_sync/mutex.c.obj
                0x2000014c                mutex_enter_timeout_ms
 .time_critical.mutex_exit
                0x200001ec       0x28 CMakeFiles/main.dir/D_/pico/pico-sdk/src/common/pico_sync/mutex.c.obj
                0x200001ec                mutex_exit
 .time_critical.flash_init_boot2_copyout
                0x20000214       0x30 CMakeFiles/main.dir/D_/pico/pico-sdk/src/rp2_common/hardware_flash/flash.c.obj
 .time_critical.flash_enable_xip_via_boot2
                0x20000244       0x10 CMakeFiles/main.dir/D_/pico/pico-sdk/src/rp2_common/hardware_flash/flash.c.obj
 .time_critical.flash_cs_force
                0x20000254       0x38 CMakeFiles/main.dir/D_/pico/pico-sdk/src/rp2_common/hardware_flash/flash.c.obj
 .time_critical.flash_do_cmd
                0x2000028c       0xc4 CMakeFiles/main.dir/D_/pico/pico-sdk/src/rp2_common/hardware_flash/flash.c.obj
                0x2000028c                flash_do_cmd
 .time_critical.spi_write_read_blocking
                0x20000350       0x74 CMakeFiles/main.dir/D_/pico/pico-sdk/src/rp2_common/hardware_spi/spi.c.obj
                0x20000350                spi_write_read_blocking
 *(.text*)
 .text          0x200003c4        0x4 d:/tools/gcc-arm-none-eabi-10.3-2021.10/bin/../lib/gcc/arm-none-eabi/10.3.1/thumb/v6-m/nofp\libgcc.a(_dvmd_tls.o)
                0x200003c4                __aeabi_idiv0
                0x200003c4                __aeabi_ldiv0
 .text.__stub   0x200003c8       0x30 linker stubs
                0x200003f8                . = ALIGN (0x4)
 *(.rodata*)
                0x200003f8                . = ALIGN (0x4)
 *(.data*)
 .data.striped_spin_lock_num
                0x200003f8        0x1 CMakeFiles/main.dir/D_/pico/pico-sdk/src/rp2_common/hardware_sync/sync.c.obj
 *fill*         0x200003f9        0x3 
 .data          0x200003fc       0x48 CMakeFiles/main.dir/D_/pico/pico-sdk/src/rp2_common/hardware_irq/irq_handler_chain.S.obj
                0x200003fc                irq_handler_chain_slots
                0x2000042c                irq_handler_chain_first_slot
                0x20000436                irq_handler_chain_remove_tail
 .data.default_alarm_pool
                0x20000444       0x18 CMakeFiles/main.dir/D_/pico/pico-sdk/src/common/pico_time/time.c.obj
 .data.default_alarm_pool_heap
                0x2000045c       0x10 CMakeFiles/main.dir/D_/pico/pico-sdk/src/common/pico_time/time.c.obj
 *fill*         0x2000046c        0x4 
 .data.aeabi_bits_funcs
                0x20000470       0x10 CMakeFiles/main.dir/D_/pico/pico-sdk/src/rp2_common/pico_bit_ops/bit_ops_aeabi.S.obj
                0x20000470                aeabi_bits_funcs
                0x20000480                aeabi_bits_funcs_end
 .data.aeabi_mem_funcs
                0x20000480       0x10 CMakeFiles/main.dir/D_/pico/pico-sdk/src/rp2_common/pico_mem_ops/mem_ops_aeabi.S.obj
                0x20000480                aeabi_mem_funcs
                0x20000490                aeabi_mem_funcs_end
 .data.stdio_usb
                0x20000490       0x14 CMakeFiles/main.dir/D_/pico/pico-sdk/src/rp2_common/pico_stdio_usb/stdio_usb.c.obj
                0x20000490                stdio_usb
 .data.ep_dir_string
                0x200004a4        0x8 CMakeFiles/main.dir/D_/pico/pico-sdk/lib/tinyusb/src/portable/raspberrypi/rp2040/rp2040_usb.c.obj
                0x200004a4                ep_dir_string
 .data._usbd_qdef
                0x200004ac       0x24 CMakeFiles/main.dir/D_/pico/pico-sdk/lib/tinyusb/src/device/usbd.c.obj
                0x200004ac                _usbd_qdef
 .data.id       0x200004d0        0x1 lib/lcd/liblcd.a(LCD_Driver.c.obj)
                0x200004d0                id
 *fill*         0x200004d1        0x3 
 .data          0x200004d4        0x8 lib/font/libfont.a(font16.c.obj)
                0x200004d4                Font16
 .data          0x200004dc        0x8 lib/font/libfont.a(font24.c.obj)
                0x200004dc                Font24
                0x200004e4                . = ALIGN (0x4)
 *(.after_data.*)
                0x200004e4                . = ALIGN (0x4)
                0x200004e4                PROVIDE (__mutex_array_start = .)
 *(SORT_BY_NAME(.mutex_array.*))
 *(.mutex_array)
 .mutex_array   0x200004e4        0x8 CMakeFiles/main.dir/D_/pico/pico-sdk/src/rp2_common/pico_stdio/stdio.c.obj
                0x200004ec                PROVIDE (__mutex_array_end = .)
                0x200004ec                . = ALIGN (0x4)
                0x200004ec                PROVIDE (__preinit_array_start = .)
 *(SORT_BY_NAME(.preinit_array.*))
 .preinit_array.00001
                0x200004ec        0x4 CMakeFiles/main.dir/D_/pico/pico-sdk/src/rp2_common/pico_mem_ops/mem_ops_aeabi.S.obj
 .preinit_array.00010
                0x200004f0        0x4 CMakeFiles/main.dir/D_/pico/pico-sdk/src/rp2_common/pico_bit_ops/bit_ops_aeabi.S.obj
 .preinit_array.00020
                0x200004f4        0x4 CMakeFiles/main.dir/D_/pico/pico-sdk/src/rp2_common/pico_double/double_aeabi.S.obj
 .preinit_array.00020
                0x200004f8        0x4 CMakeFiles/main.dir/D_/pico/pico-sdk/src/rp2_common/pico_float/float_aeabi.S.obj
 *(.preinit_array)
                0x200004fc                PROVIDE (__preinit_array_end = .)
                0x200004fc                . = ALIGN (0x4)
                0x200004fc                PROVIDE (__init_array_start = .)
 *(SORT_BY_NAME(.init_array.*))
 *(.init_array)
 .init_array    0x200004fc        0x4 d:/tools/gcc-arm-none-eabi-10.3-2021.10/bin/../lib/gcc/arm-none-eabi/10.3.1/thumb/v6-m/nofp/crtbegin.o
 .init_array    0x20000500        0x4 CMakeFiles/main.dir/D_/pico/pico-sdk/src/rp2_common/pico_unique_id/unique_id.c.obj
                0x20000504                PROVIDE (__init_array_end = .)
                0x20000504                . = ALIGN (0x4)
                [!provide]                PROVIDE (__fini_array_start = .)
 *(SORT_BY_NAME(.fini_array.*))
 *(.fini_array)
                [!provide]                PROVIDE (__fini_array_end = .)
 *(.jcr)
                0x20000504                . = ALIGN (0x4)
                0x20000504                __data_end__ = .

.igot.plt       0x20000504        0x0 load address 0x100113b4
 .igot.plt      0x20000504        0x0 d:/tools/gcc-arm-none-eabi-10.3-2021.10/bin/../lib/gcc/arm-none-eabi/10.3.1/thumb/v6-m/nofp/crtbegin.o

.uninitialized_data
                0x20000504        0x0 load address 0x100113b4
                0x20000504                . = ALIGN (0x4)
 *(.uninitialized_data*)

.scratch_x      0x20040000        0x0 load address 0x100113b4
                0x20040000                __scratch_x_start__ = .
 *(.scratch_x.*)
                0x20040000                . = ALIGN (0x4)
                0x20040000                __scratch_x_end__ = .
                0x100113b4                __scratch_x_source__ = LOADADDR (.scratch_x)

.scratch_y      0x20041000        0x0 load address 0x100113b4
                0x20041000                __scratch_y_start__ = .
 *(.scratch_y.*)
                0x20041000                . = ALIGN (0x4)
                0x20041000                __scratch_y_end__ = .
                0x100113b4                __scratch_y_source__ = LOADADDR (.scratch_y)

.bss            0x20000508    0x2717c
                0x20000508                . = ALIGN (0x4)
                0x20000508                __bss_start__ = .
 *(SORT_BY_ALIGNMENT(SORT_BY_NAME(.bss*)))
 .bss.default_alarm_pool_entries
                0x20000508      0x100 CMakeFiles/main.dir/D_/pico/pico-sdk/src/common/pico_time/time.c.obj
 .bss.last_avail_time.1
                0x20000608        0x8 CMakeFiles/main.dir/D_/pico/pico-sdk/src/rp2_common/pico_stdio_usb/stdio_usb.c.obj
 .bss.sd_table  0x20000610      0x100 CMakeFiles/main.dir/D_/pico/pico-sdk/src/rp2_common/pico_double/double_init_rom.c.obj
                0x20000610                sd_table
 .bss.sf_table  0x20000710      0x100 CMakeFiles/main.dir/D_/pico/pico-sdk/src/rp2_common/pico_float/float_init_rom.c.obj
                0x20000710                sf_table
 .bss           0x20000810       0x1c d:/tools/gcc-arm-none-eabi-10.3-2021.10/bin/../lib/gcc/arm-none-eabi/10.3.1/thumb/v6-m/nofp/crtbegin.o
 .bss.BytesRead
                0x2000082c        0x4 lib/fatfs/libfatfs.a(fatfs_storage.c.obj)
                0x2000082c                BytesRead
 .bss.FatFs     0x20000830        0x4 lib/fatfs/libfatfs.a(ff.c.obj)
 .bss.MyDirectory
                0x20000834       0x1c lib/fatfs/libfatfs.a(fatfs_storage.c.obj)
                0x20000834                MyDirectory
 .bss.MyFile    0x20000850      0x228 lib/fatfs/libfatfs.a(fatfs_storage.c.obj)
                0x20000850                MyFile
 .bss.MyFileInfo
                0x20000a78       0x18 lib/fatfs/libfatfs.a(fatfs_storage.c.obj)
                0x20000a78                MyFileInfo
 .bss._app_driver
                0x20000a90        0x4 CMakeFiles/main.dir/D_/pico/pico-sdk/lib/tinyusb/src/device/usbd.c.obj
 .bss._cdcd_itf
                0x20000a94      0x2d8 CMakeFiles/main.dir/D_/pico/pico-sdk/lib/tinyusb/src/class/cdc/cdc_device.c.obj
 .bss._ctrl_xfer
                0x20000d6c       0x14 CMakeFiles/main.dir/D_/pico/pico-sdk/lib/tinyusb/src/device/usbd_control.c.obj
 .bss._ubsd_mutexdef
                0x20000d80        0x8 CMakeFiles/main.dir/D_/pico/pico-sdk/lib/tinyusb/src/device/usbd.c.obj
 .bss._usbd_ctrl_buf
                0x20000d88       0x40 CMakeFiles/main.dir/D_/pico/pico-sdk/lib/tinyusb/src/device/usbd_control.c.obj
 .bss._usbd_dev
                0x20000dc8       0x53 CMakeFiles/main.dir/D_/pico/pico-sdk/lib/tinyusb/src/device/usbd.c.obj
 *fill*         0x20000e1b        0x1 
 .bss._usbd_mutex
                0x20000e1c        0x4 CMakeFiles/main.dir/D_/pico/pico-sdk/lib/tinyusb/src/device/usbd.c.obj
 .bss._usbd_q   0x20000e20        0x4 CMakeFiles/main.dir/D_/pico/pico-sdk/lib/tinyusb/src/device/usbd.c.obj
 .bss._usbd_qdef_buf
                0x20000e24       0xc0 CMakeFiles/main.dir/D_/pico/pico-sdk/lib/tinyusb/src/device/usbd.c.obj
                0x20000e24                _usbd_qdef_buf
 .bss.aBuffer   0x20000ee4      0x5a0 lib/fatfs/libfatfs.a(fatfs_storage.c.obj)
                0x20000ee4                aBuffer
 .bss.alarm_callbacks
                0x20001484       0x10 CMakeFiles/main.dir/D_/pico/pico-sdk/src/rp2_common/hardware_timer/timer.c.obj
 .bss.boot2_copyout
                0x20001494      0x100 CMakeFiles/main.dir/D_/pico/pico-sdk/src/rp2_common/hardware_flash/flash.c.obj
 .bss.claimed   0x20001594        0x4 CMakeFiles/main.dir/D_/pico/pico-sdk/src/rp2_common/hardware_sync/sync.c.obj
 .bss.configured_freq
                0x20001598       0x28 CMakeFiles/main.dir/D_/pico/pico-sdk/src/rp2_common/hardware_clocks/clocks.c.obj
 .bss.default_alarm_pool_entry_ids_high
                0x200015c0       0x10 CMakeFiles/main.dir/D_/pico/pico-sdk/src/common/pico_time/time.c.obj
 .bss.default_alarm_pool_heap_nodes
                0x200015d0       0x30 CMakeFiles/main.dir/D_/pico/pico-sdk/src/common/pico_time/time.c.obj
 .bss.desc_str.0
                0x20001600       0x28 CMakeFiles/main.dir/D_/pico/pico-sdk/src/rp2_common/pico_stdio_usb/stdio_usb_descriptors.c.obj
 .bss.drivers   0x20001628        0x4 CMakeFiles/main.dir/D_/pico/pico-sdk/src/rp2_common/pico_stdio/stdio.c.obj
 .bss.file_name
                0x2000162c      0x113 lib/lcd/liblcd.a(LCD_Bmp.c.obj)
                0x2000162c                file_name
 *fill*         0x2000173f        0x1 
 .bss.filter    0x20001740        0x4 CMakeFiles/main.dir/D_/pico/pico-sdk/src/rp2_common/pico_stdio/stdio.c.obj
 .bss.hw_endpoints
                0x20001744      0x400 CMakeFiles/main.dir/D_/pico/pico-sdk/lib/tinyusb/src/portable/raspberrypi/rp2040/dcd_rp2040.c.obj
 .bss.lazy_vsnprintf
                0x20001b44        0x4 CMakeFiles/main.dir/D_/pico/pico-sdk/src/rp2_common/pico_printf/printf.c.obj
 .bss.load_value
                0x20001b48        0x4 CMakeFiles/main.dir/D_/pico/pico-sdk/src/rp2_common/hardware_watchdog/watchdog.c.obj
 .bss.microSDFatFs
                0x20001b4c      0x230 lib/lcd/liblcd.a(LCD_Bmp.c.obj)
                0x20001b4c                microSDFatFs
 .bss.next_buffer_ptr
                0x20001d7c        0x4 CMakeFiles/main.dir/D_/pico/pico-sdk/lib/tinyusb/src/portable/raspberrypi/rp2040/dcd_rp2040.c.obj
 .bss.pDirectoryFiles
                0x20001d80       0x64 lib/lcd/liblcd.a(LCD_Bmp.c.obj)
                0x20001d80                pDirectoryFiles
 .bss.pic       0x20001de4    0x25800 lib/fatfs/libfatfs.a(fatfs_storage.c.obj)
                0x20001de4                pic
 .bss.pools     0x200275e4       0x10 CMakeFiles/main.dir/D_/pico/pico-sdk/src/common/pico_time/time.c.obj
 .bss.retrieved_id
                0x200275f4        0x8 CMakeFiles/main.dir/D_/pico/pico-sdk/src/rp2_common/pico_unique_id/unique_id.c.obj
 .bss.sLCD_DIS  0x200275fc        0xa lib/lcd/liblcd.a(LCD_Driver.c.obj)
                0x200275fc                sLCD_DIS
 *fill*         0x20027606        0x2 
 .bss.sTP_DEV   0x20027608       0x1c lib/lcd/liblcd.a(LCD_Touch.c.obj)
 .bss.sTP_Draw  0x20027624        0x8 lib/lcd/liblcd.a(LCD_Touch.c.obj)
 .bss.sf_clz_func
                0x2002762c        0x4 CMakeFiles/main.dir/D_/pico/pico-sdk/src/rp2_common/pico_double/double_init_rom.c.obj
                0x2002762c                sf_clz_func
 .bss.sleep_notifier
                0x20027630        0x4 CMakeFiles/main.dir/D_/pico/pico-sdk/src/common/pico_time/time.c.obj
 .bss.stdio_usb_mutex
                0x20027634        0x8 CMakeFiles/main.dir/D_/pico/pico-sdk/src/rp2_common/pico_stdio_usb/stdio_usb.c.obj
 .bss.str       0x2002763c       0x14 lib/lcd/liblcd.a(LCD_Bmp.c.obj)
                0x2002763c                str
 .bss.target_hi
                0x20027650       0x10 CMakeFiles/main.dir/D_/pico/pico-sdk/src/rp2_common/hardware_timer/timer.c.obj
 .bss.usbd_serial_str
                0x20027660       0x11 CMakeFiles/main.dir/D_/pico/pico-sdk/src/rp2_common/pico_stdio_usb/stdio_usb_descriptors.c.obj
 *fill*         0x20027671        0x3 
 .bss.user_irq_claimed
                0x20027674        0x2 CMakeFiles/main.dir/D_/pico/pico-sdk/src/rp2_common/hardware_irq/irq.c.obj
 .bss.Fsid      0x20027676        0x2 lib/fatfs/libfatfs.a(ff.c.obj)
 .bss.SD_Type   0x20027678        0x1 lib/sdcard/libsdcard.a(MMC_SD.c.obj)
                0x20027678                SD_Type
 .bss._app_driver_count
                0x20027679        0x1 CMakeFiles/main.dir/D_/pico/pico-sdk/lib/tinyusb/src/device/usbd.c.obj
 .bss._usbd_initialized
                0x2002767a        0x1 CMakeFiles/main.dir/D_/pico/pico-sdk/lib/tinyusb/src/device/usbd.c.obj
 .bss.boot2_copyout_valid
                0x2002767b        0x1 CMakeFiles/main.dir/D_/pico/pico-sdk/src/rp2_common/hardware_flash/flash.c.obj
 .bss.claimed   0x2002767c        0x1 CMakeFiles/main.dir/D_/pico/pico-sdk/src/rp2_common/hardware_timer/timer.c.obj
 .bss.f_res     0x2002767d        0x1 lib/lcd/liblcd.a(LCD_Bmp.c.obj)
                0x2002767d                f_res
 .bss.irq_hander_chain_free_slot_head
                0x2002767e        0x1 CMakeFiles/main.dir/D_/pico/pico-sdk/src/rp2_common/hardware_irq/irq.c.obj
 .bss.itf_num   0x2002767f        0x1 CMakeFiles/main.dir/D_/pico/pico-sdk/src/rp2_common/pico_stdio_usb/reset_interface.c.obj
 .bss.low_priority_irq_num
                0x20027680        0x1 CMakeFiles/main.dir/D_/pico/pico-sdk/src/rp2_common/pico_stdio_usb/stdio_usb.c.obj
 .bss.timer_callbacks_pending
                0x20027681        0x1 CMakeFiles/main.dir/D_/pico/pico-sdk/src/rp2_common/hardware_timer/timer.c.obj
 *(COMMON)
                0x20027684                . = ALIGN (0x4)
 *fill*         0x20027682        0x2 
                0x20027684                __bss_end__ = .

.heap           0x20027684      0x800
                0x20027684                __end__ = .
                0x20027684                end = __end__
 *(.heap*)
 .heap          0x20027684      0x800 CMakeFiles/main.dir/D_/pico/pico-sdk/src/rp2_common/pico_standard_link/crt0.S.obj
                0x20027e84                __HeapLimit = .

.stack1_dummy   0x20040000        0x0
 *(.stack1*)

.stack_dummy    0x20041000      0x800
 *(.stack*)
 .stack         0x20041000      0x800 CMakeFiles/main.dir/D_/pico/pico-sdk/src/rp2_common/pico_standard_link/crt0.S.obj

.flash_end      0x100113b4        0x0
                0x100113b4                __flash_binary_end = .
                0x20040000                __StackLimit = (ORIGIN (RAM) + LENGTH (RAM))
                0x20041000                __StackOneTop = (ORIGIN (SCRATCH_X) + LENGTH (SCRATCH_X))
                0x20042000                __StackTop = (ORIGIN (SCRATCH_Y) + LENGTH (SCRATCH_Y))
                0x20041000                __StackOneBottom = (__StackOneTop - SIZEOF (.stack1_dummy))
                0x20041800                __StackBottom = (__StackTop - SIZEOF (.stack_dummy))
                0x20042000                PROVIDE (__stack = __StackTop)
                0x00000001                ASSERT ((__StackLimit >= __HeapLimit), region RAM overflowed)
                0x00000001                ASSERT (((__binary_info_header_end - __logical_binary_start) <= 0x100), Binary info must be in first 256 bytes of the binary)
LOAD CMakeFiles/main.dir/main.c.obj
LOAD CMakeFiles/main.dir/D_/pico/pico-sdk/src/rp2_common/pico_stdlib/stdlib.c.obj
LOAD CMakeFiles/main.dir/D_/pico/pico-sdk/src/rp2_common/hardware_gpio/gpio.c.obj
LOAD CMakeFiles/main.dir/D_/pico/pico-sdk/src/rp2_common/hardware_claim/claim.c.obj
LOAD CMakeFiles/main.dir/D_/pico/pico-sdk/src/rp2_common/pico_platform/platform.c.obj
LOAD CMakeFiles/main.dir/D_/pico/pico-sdk/src/rp2_common/hardware_sync/sync.c.obj
LOAD CMakeFiles/main.dir/D_/pico/pico-sdk/src/rp2_common/hardware_irq/irq.c.obj
LOAD CMakeFiles/main.dir/D_/pico/pico-sdk/src/rp2_common/hardware_irq/irq_handler_chain.S.obj
LOAD CMakeFiles/main.dir/D_/pico/pico-sdk/src/common/pico_sync/sem.c.obj
LOAD CMakeFiles/main.dir/D_/pico/pico-sdk/src/common/pico_sync/lock_core.c.obj
LOAD CMakeFiles/main.dir/D_/pico/pico-sdk/src/common/pico_time/time.c.obj
LOAD CMakeFiles/main.dir/D_/pico/pico-sdk/src/common/pico_time/timeout_helper.c.obj
LOAD CMakeFiles/main.dir/D_/pico/pico-sdk/src/rp2_common/hardware_timer/timer.c.obj
LOAD CMakeFiles/main.dir/D_/pico/pico-sdk/src/common/pico_util/datetime.c.obj
LOAD CMakeFiles/main.dir/D_/pico/pico-sdk/src/common/pico_util/pheap.c.obj
LOAD CMakeFiles/main.dir/D_/pico/pico-sdk/src/common/pico_util/queue.c.obj
LOAD CMakeFiles/main.dir/D_/pico/pico-sdk/src/common/pico_sync/mutex.c.obj
LOAD CMakeFiles/main.dir/D_/pico/pico-sdk/src/common/pico_sync/critical_section.c.obj
LOAD CMakeFiles/main.dir/D_/pico/pico-sdk/src/rp2_common/hardware_uart/uart.c.obj
LOAD CMakeFiles/main.dir/D_/pico/pico-sdk/src/rp2_common/hardware_divider/divider.S.obj
LOAD CMakeFiles/main.dir/D_/pico/pico-sdk/src/rp2_common/pico_runtime/runtime.c.obj
LOAD CMakeFiles/main.dir/D_/pico/pico-sdk/src/rp2_common/hardware_clocks/clocks.c.obj
LOAD CMakeFiles/main.dir/D_/pico/pico-sdk/src/rp2_common/hardware_pll/pll.c.obj
LOAD CMakeFiles/main.dir/D_/pico/pico-sdk/src/rp2_common/hardware_vreg/vreg.c.obj
LOAD CMakeFiles/main.dir/D_/pico/pico-sdk/src/rp2_common/hardware_watchdog/watchdog.c.obj
LOAD CMakeFiles/main.dir/D_/pico/pico-sdk/src/rp2_common/hardware_xosc/xosc.c.obj
LOAD CMakeFiles/main.dir/D_/pico/pico-sdk/src/rp2_common/pico_printf/printf.c.obj
LOAD CMakeFiles/main.dir/D_/pico/pico-sdk/src/rp2_common/pico_bit_ops/bit_ops_aeabi.S.obj
LOAD CMakeFiles/main.dir/D_/pico/pico-sdk/src/rp2_common/pico_bootrom/bootrom.c.obj
LOAD CMakeFiles/main.dir/D_/pico/pico-sdk/src/rp2_common/pico_divider/divider.S.obj
LOAD CMakeFiles/main.dir/D_/pico/pico-sdk/src/rp2_common/pico_double/double_aeabi.S.obj
LOAD CMakeFiles/main.dir/D_/pico/pico-sdk/src/rp2_common/pico_double/double_init_rom.c.obj
LOAD CMakeFiles/main.dir/D_/pico/pico-sdk/src/rp2_common/pico_double/double_math.c.obj
LOAD CMakeFiles/main.dir/D_/pico/pico-sdk/src/rp2_common/pico_double/double_v1_rom_shim.S.obj
LOAD CMakeFiles/main.dir/D_/pico/pico-sdk/src/rp2_common/pico_int64_ops/pico_int64_ops_aeabi.S.obj
LOAD CMakeFiles/main.dir/D_/pico/pico-sdk/src/rp2_common/pico_float/float_aeabi.S.obj
LOAD CMakeFiles/main.dir/D_/pico/pico-sdk/src/rp2_common/pico_float/float_init_rom.c.obj
LOAD CMakeFiles/main.dir/D_/pico/pico-sdk/src/rp2_common/pico_float/float_math.c.obj
LOAD CMakeFiles/main.dir/D_/pico/pico-sdk/src/rp2_common/pico_float/float_v1_rom_shim.S.obj
LOAD CMakeFiles/main.dir/D_/pico/pico-sdk/src/rp2_common/pico_malloc/pico_malloc.c.obj
LOAD CMakeFiles/main.dir/D_/pico/pico-sdk/src/rp2_common/pico_mem_ops/mem_ops_aeabi.S.obj
LOAD CMakeFiles/main.dir/D_/pico/pico-sdk/src/rp2_common/pico_standard_link/crt0.S.obj
LOAD CMakeFiles/main.dir/D_/pico/pico-sdk/src/rp2_common/pico_standard_link/new_delete.cpp.obj
LOAD CMakeFiles/main.dir/D_/pico/pico-sdk/src/rp2_common/pico_standard_link/binary_info.c.obj
LOAD CMakeFiles/main.dir/D_/pico/pico-sdk/src/rp2_common/pico_stdio/stdio.c.obj
LOAD CMakeFiles/main.dir/D_/pico/pico-sdk/src/rp2_common/pico_stdio_usb/reset_interface.c.obj
LOAD CMakeFiles/main.dir/D_/pico/pico-sdk/src/rp2_common/pico_stdio_usb/stdio_usb.c.obj
LOAD CMakeFiles/main.dir/D_/pico/pico-sdk/src/rp2_common/pico_stdio_usb/stdio_usb_descriptors.c.obj
LOAD CMakeFiles/main.dir/D_/pico/pico-sdk/lib/tinyusb/src/portable/raspberrypi/rp2040/dcd_rp2040.c.obj
LOAD CMakeFiles/main.dir/D_/pico/pico-sdk/lib/tinyusb/src/portable/raspberrypi/rp2040/rp2040_usb.c.obj
LOAD CMakeFiles/main.dir/D_/pico/pico-sdk/lib/tinyusb/src/device/usbd.c.obj
LOAD CMakeFiles/main.dir/D_/pico/pico-sdk/lib/tinyusb/src/device/usbd_control.c.obj
LOAD CMakeFiles/main.dir/D_/pico/pico-sdk/lib/tinyusb/src/class/audio/audio_device.c.obj
LOAD CMakeFiles/main.dir/D_/pico/pico-sdk/lib/tinyusb/src/class/cdc/cdc_device.c.obj
LOAD CMakeFiles/main.dir/D_/pico/pico-sdk/lib/tinyusb/src/class/dfu/dfu_device.c.obj
LOAD CMakeFiles/main.dir/D_/pico/pico-sdk/lib/tinyusb/src/class/dfu/dfu_rt_device.c.obj
LOAD CMakeFiles/main.dir/D_/pico/pico-sdk/lib/tinyusb/src/class/hid/hid_device.c.obj
LOAD CMakeFiles/main.dir/D_/pico/pico-sdk/lib/tinyusb/src/class/midi/midi_device.c.obj
LOAD CMakeFiles/main.dir/D_/pico/pico-sdk/lib/tinyusb/src/class/msc/msc_device.c.obj
LOAD CMakeFiles/main.dir/D_/pico/pico-sdk/lib/tinyusb/src/class/net/ecm_rndis_device.c.obj
LOAD CMakeFiles/main.dir/D_/pico/pico-sdk/lib/tinyusb/src/class/net/ncm_device.c.obj
LOAD CMakeFiles/main.dir/D_/pico/pico-sdk/lib/tinyusb/src/class/usbtmc/usbtmc_device.c.obj
LOAD CMakeFiles/main.dir/D_/pico/pico-sdk/lib/tinyusb/src/class/vendor/vendor_device.c.obj
LOAD CMakeFiles/main.dir/D_/pico/pico-sdk/lib/tinyusb/src/class/video/video_device.c.obj
LOAD CMakeFiles/main.dir/D_/pico/pico-sdk/lib/tinyusb/src/tusb.c.obj
LOAD CMakeFiles/main.dir/D_/pico/pico-sdk/lib/tinyusb/src/common/tusb_fifo.c.obj
LOAD CMakeFiles/main.dir/D_/pico/pico-sdk/src/rp2_common/pico_fix/rp2040_usb_device_enumeration/rp2040_usb_device_enumeration.c.obj
LOAD CMakeFiles/main.dir/D_/pico/pico-sdk/src/rp2_common/pico_unique_id/unique_id.c.obj
LOAD CMakeFiles/main.dir/D_/pico/pico-sdk/src/rp2_common/hardware_flash/flash.c.obj
LOAD CMakeFiles/main.dir/D_/pico/pico-sdk/src/rp2_common/hardware_spi/spi.c.obj
LOAD examples/libexamples.a
LOAD lib/lcd/liblcd.a
LOAD lib/font/libfont.a
LOAD lib/config/libconfig.a
LOAD lib/fatfs/libfatfs.a
LOAD lib/lcd/liblcd.a
LOAD lib/fatfs/libfatfs.a
LOAD lib/font/libfont.a
LOAD lib/sdcard/libsdcard.a
LOAD lib/config/libconfig.a
LOAD C:\Users\chl_4\AppData\Local\Temp\ccQEAQ4T.o
LOAD d:/tools/gcc-arm-none-eabi-10.3-2021.10/bin/../lib/gcc/arm-none-eabi/10.3.1/../../../../arm-none-eabi/lib/thumb/v6-m/nofp\libstdc++.a
LOAD d:/tools/gcc-arm-none-eabi-10.3-2021.10/bin/../lib/gcc/arm-none-eabi/10.3.1/../../../../arm-none-eabi/lib/thumb/v6-m/nofp\libm.a
START GROUP
LOAD d:/tools/gcc-arm-none-eabi-10.3-2021.10/bin/../lib/gcc/arm-none-eabi/10.3.1/thumb/v6-m/nofp\libgcc.a
LOAD d:/tools/gcc-arm-none-eabi-10.3-2021.10/bin/../lib/gcc/arm-none-eabi/10.3.1/../../../../arm-none-eabi/lib/thumb/v6-m/nofp\libc.a
END GROUP
START GROUP
LOAD d:/tools/gcc-arm-none-eabi-10.3-2021.10/bin/../lib/gcc/arm-none-eabi/10.3.1/thumb/v6-m/nofp\libgcc.a
LOAD d:/tools/gcc-arm-none-eabi-10.3-2021.10/bin/../lib/gcc/arm-none-eabi/10.3.1/../../../../arm-none-eabi/lib/thumb/v6-m/nofp\libc.a
LOAD d:/tools/gcc-arm-none-eabi-10.3-2021.10/bin/../lib/gcc/arm-none-eabi/10.3.1/../../../../arm-none-eabi/lib/thumb/v6-m/nofp\libnosys.a
END GROUP
LOAD d:/tools/gcc-arm-none-eabi-10.3-2021.10/bin/../lib/gcc/arm-none-eabi/10.3.1/thumb/v6-m/nofp/crtend.o
LOAD d:/tools/gcc-arm-none-eabi-10.3-2021.10/bin/../lib/gcc/arm-none-eabi/10.3.1/thumb/v6-m/nofp/crtn.o
OUTPUT(main.elf elf32-littlearm)
LOAD linker stubs

.ARM.attributes
                0x00000000       0x28
 .ARM.attributes
                0x00000000       0x1e d:/tools/gcc-arm-none-eabi-10.3-2021.10/bin/../lib/gcc/arm-none-eabi/10.3.1/thumb/v6-m/nofp/crti.o
 .ARM.attributes
                0x0000001e       0x2c d:/tools/gcc-arm-none-eabi-10.3-2021.10/bin/../lib/gcc/arm-none-eabi/10.3.1/thumb/v6-m/nofp/crtbegin.o
 .ARM.attributes
                0x0000004a       0x2c CMakeFiles/main.dir/main.c.obj
 .ARM.attributes
                0x00000076       0x2c CMakeFiles/main.dir/D_/pico/pico-sdk/src/rp2_common/hardware_gpio/gpio.c.obj
 .ARM.attributes
                0x000000a2       0x2c CMakeFiles/main.dir/D_/pico/pico-sdk/src/rp2_common/hardware_claim/claim.c.obj
 .ARM.attributes
                0x000000ce       0x2c CMakeFiles/main.dir/D_/pico/pico-sdk/src/rp2_common/pico_platform/platform.c.obj
 .ARM.attributes
                0x000000fa       0x2c CMakeFiles/main.dir/D_/pico/pico-sdk/src/rp2_common/hardware_sync/sync.c.obj
 .ARM.attributes
                0x00000126       0x2c CMakeFiles/main.dir/D_/pico/pico-sdk/src/rp2_common/hardware_irq/irq.c.obj
 .ARM.attributes
                0x00000152       0x22 CMakeFiles/main.dir/D_/pico/pico-sdk/src/rp2_common/hardware_irq/irq_handler_chain.S.obj
 .ARM.attributes
                0x00000174       0x2c CMakeFiles/main.dir/D_/pico/pico-sdk/src/common/pico_sync/lock_core.c.obj
 .ARM.attributes
                0x000001a0       0x2c CMakeFiles/main.dir/D_/pico/pico-sdk/src/common/pico_time/time.c.obj
 .ARM.attributes
                0x000001cc       0x2c CMakeFiles/main.dir/D_/pico/pico-sdk/src/rp2_common/hardware_timer/timer.c.obj
 .ARM.attributes
                0x000001f8       0x2c CMakeFiles/main.dir/D_/pico/pico-sdk/src/common/pico_util/pheap.c.obj
 .ARM.attributes
                0x00000224       0x2c CMakeFiles/main.dir/D_/pico/pico-sdk/src/common/pico_sync/mutex.c.obj
 .ARM.attributes
                0x00000250       0x2c CMakeFiles/main.dir/D_/pico/pico-sdk/src/common/pico_sync/critical_section.c.obj
 .ARM.attributes
                0x0000027c       0x2c CMakeFiles/main.dir/D_/pico/pico-sdk/src/rp2_common/pico_runtime/runtime.c.obj
 .ARM.attributes
                0x000002a8       0x2c CMakeFiles/main.dir/D_/pico/pico-sdk/src/rp2_common/hardware_clocks/clocks.c.obj
 .ARM.attributes